ets Jul 29 2019 12:21:46

rst:0x1 (POWERON_RESET),boot:0x13 (SPI_FAST_FLASH_BOOT)
configsip: 0, SPIWP:0xee
clk_drv:0x00,q_drv:0x00,d_drv:0x00,cs0_drv:0x00,hd_drv:0x00,wp_drv:0x00
mode:DIO, clock div:2
load:0x3fff0030,len:7084
ho 0 tail 12 room 4
load:0x40078000,len:15576
ho 0 tail 12 room 4
load:0x40080400,len:4
load:0x40080404,len:3876
entry 0x4008064c
[0;32mI (33) boot: ESP-IDF v5.1-dirty 2nd stage bootloader[0m
[0;32mI (33) boot: compile time Jul 31 2023 23:59:43[0m
[0;32mI (33) boot: Multicore bootloader[0m
[0;32mI (38) boot: chip revision: v3.0[0m
[0;32mI (41) boot.esp32: SPI Speed      : 40MHz[0m
[0;32mI (46) boot.esp32: SPI Mode       : DIO[0m
[0;32mI (51) boot.esp32: SPI Flash Size : 2MB[0m
[0;32mI (55) boot: Enabling RNG early entropy source...[0m
[0;32mI (61) boot: Partition Table:[0m
[0;32mI (64) boot: ## Label            Usage          Type ST Offset   Length[0m
[0;32mI (71) boot:  0 nvs              WiFi data        01 02 00009000 00006000[0m
[0;32mI (79) boot:  1 phy_init         RF data          01 01 0000f000 00001000[0m
[0;32mI (86) boot:  2 factory          factory app      00 00 00010000 00177000[0m
[0;32mI (94) boot: End of partition table[0m
[0;32mI (98) esp_image: segment 0: paddr=00010020 vaddr=3f400020 size=4c6f0h (313072) map[0m
[0;32mI (219) esp_image: segment 1: paddr=0005c718 vaddr=3ffb0000 size=03840h ( 14400) load[0m
[0;32mI (225) esp_image: segment 2: paddr=0005ff60 vaddr=40080000 size=000b8h (   184) load[0m
[0;32mI (226) esp_image: segment 3: paddr=00060020 vaddr=400d0020 size=b8414h (754708) map[0m
[0;32mI (506) esp_image: segment 4: paddr=0011843c vaddr=400800b8 size=167f8h ( 92152) load[0m
[0;32mI (556) boot: Loaded app from partition at offset 0x10000[0m
[0;32mI (556) boot: Disabling RNG early entropy source...[0m
[0;32mI (568) cpu_start: Multicore app[0m
[0;32mI (568) cpu_start: Pro cpu up.[0m
[0;32mI (568) cpu_start: Starting app cpu, entry point is 0x40081474[0m
[0;32mI (0) cpu_start: App cpu up.[0m
[0;32mI (586) cpu_start: Pro cpu start user code[0m
[0;32mI (586) cpu_start: cpu freq: 160000000 Hz[0m
[0;32mI (586) cpu_start: Application information:[0m
[0;32mI (591) cpu_start: Project name:     server-test[0m
[0;32mI (596) cpu_start: App version:      3b93bc3-dirty[0m
[0;32mI (601) cpu_start: Compile time:     Aug 10 2023 18:56:56[0m
[0;32mI (607) cpu_start: ELF file SHA256:  c904b4425e0c4ad5...[0m
[0;32mI (613) cpu_start: ESP-IDF:          v5.1-dirty[0m
[0;32mI (619) cpu_start: Min chip rev:     v0.0[0m
[0;32mI (623) cpu_start: Max chip rev:     v3.99 [0m
[0;32mI (628) cpu_start: Chip rev:         v3.0[0m
[0;32mI (633) heap_init: Initializing. RAM available for dynamic allocation:[0m
[0;32mI (640) heap_init: At 3FFAE6E0 len 00001920 (6 KiB): DRAM[0m
[0;32mI (646) heap_init: At 3FFB8E08 len 000271F8 (156 KiB): DRAM[0m
[0;32mI (652) heap_init: At 3FFE0440 len 00003AE0 (14 KiB): D/IRAM[0m
[0;32mI (659) heap_init: At 3FFE4350 len 0001BCB0 (111 KiB): D/IRAM[0m
[0;32mI (665) heap_init: At 400968B0 len 00009750 (37 KiB): IRAM[0m
[0;32mI (673) spi_flash: detected chip: generic[0m
[0;32mI (676) spi_flash: flash io: dio[0m
[0;33mW (680) spi_flash: Detected size(4096k) larger than the size in the binary image header(2048k). Using the size in the binary image header.[0m
[0;32mI (694) app_start: Starting scheduler on CPU0[0m
[0;32mI (698) app_start: Starting scheduler on CPU1[0m
[0;32mI (698) main_task: Started on CPU0[0m
[0;32mI (708) main_task: Calling app_main()[0m
I (2748) wifi:wifi driver task: 3ffc0d28, prio:23, stack:6656, core=0
I (2758) wifi:wifi firmware version: b2f1f86
I (2758) wifi:wifi certification version: v7.0
I (2758) wifi:config NVS flash: enabled
I (2758) wifi:config nano formating: disabled
I (2758) wifi:Init data frame dynamic rx buffer num: 32
I (2768) wifi:Init management frame dynamic rx buffer num: 32
I (2768) wifi:Init management short buffer num: 32
I (2778) wifi:Init dynamic tx buffer num: 32
I (2778) wifi:Init static rx buffer size: 1600
I (2778) wifi:Init static rx buffer num: 10
I (2788) wifi:Init dynamic rx buffer num: 32
[0;32mI (2788) wifi_init: rx ba win: 6[0m
[0;32mI (2798) wifi_init: tcpip mbox: 32[0m
[0;32mI (2798) wifi_init: udp mbox: 6[0m
[0;32mI (2798) wifi_init: tcp mbox: 6[0m
[0;32mI (2808) wifi_init: tcp tx win: 5744[0m
[0;32mI (2808) wifi_init: tcp rx win: 5744[0m
[0;32mI (2818) wifi_init: tcp mss: 1440[0m
[0;32mI (2818) wifi_init: WiFi IRAM OP enabled[0m
[0;32mI (2828) wifi_init: WiFi RX IRAM OP enabled[0m
[0;32mI (2838) phy_init: phy_version 4670,719f9f6,Feb 18 2021,17:07:07[0m
I (2938) wifi:mode : softAP (ec:62:60:76:2c:8d)
I (2938) wifi:Total power save buffer number: 16
I (2948) wifi:Init max length of beacon: 752/752
I (2948) wifi:Init max length of beacon: 752/752
[0;32mI (2948) wifi softAP: wifi_init_softap finished. SSID:HIVE2 password:HIVE_PASS channel:6[0m
[0;32mI (2948) esp_netif_lwip: DHCP server started on interface WIFI_AP_DEF with IP: 192.168.4.1[0m
SSD1306 Initialized..
[0;32mI (3208) bmx280: Probing for BMP280/BME280 sensors on I2C 1[0m
[0;33mW (3208) bmx280: Probe failure: address=ec, id=ad, reason=ESP_ERR_TIMEOUT[0m
[0;33mW (3208) bmx280: Probe failure: address=ee, id=ad, reason=ESP_FAIL[0m
[0;31mE (3218) bmx280: Sensor not found.[0m
ESP_ERROR_CHECK failed: esp_err_t 0x1 (ERROR) at 0x400d7e1d
file: "../components/HALX/_barometerEntry.cpp" line 29
func: static void VEHICLE_BARO::init_barometer()
expression: bmx280_init(bmx280)

abort() was called at PC 0x40089e7f on core 0


Backtrace: 0x40081aca:0x3ffbaf90 0x40089e89:0x3ffbafb0 0x40090f0e:0x3ffbafd0 0x40089e7f:0x3ffbb040 0x400d7e1d:0x3ffbb070 0x400d685b:0x3ffbb0c0 0x401865db:0x3ffbb100 0x4008c869:0x3ffbb130




ELF file SHA256: c904b4425e0c4ad5

Rebooting...
ets Jul 29 2019 12:21:46

rst:0xc (SW_CPU_RESET),boot:0x13 (SPI_FAST_FLASH_BOOT)
configsip: 0, SPIWP:0xee
clk_drv:0x00,q_drv:0x00,d_drv:0x00,cs0_drv:0x00,hd_drv:0x00,wp_drv:0x00
mode:DIO, clock div:2
load:0x3fff0030,len:7084
ho 0 tail 12 room 4
load:0x40078000,len:15576
ho 0 tail 12 room 4
load:0x40080400,len:4
load:0x40080404,len:3876
entry 0x4008064c
[0;32mI (32) boot: ESP-IDF v5.1-dirty 2nd stage bootloader[0m
[0;32mI (33) boot: compile time Jul 31 2023 23:59:43[0m
[0;32mI (33) boot: Multicore bootloader[0m
[0;32mI (37) boot: chip revision: v3.0[0m
[0;32mI (41) boot.esp32: SPI Speed      : 40MHz[0m
[0;32mI (46) boot.esp32: SPI Mode       : DIO[0m
[0;32mI (50) boot.esp32: SPI Flash Size : 2MB[0m
[0;32mI (55) boot: Enabling RNG early entropy source...[0m
[0;32mI (60) boot: Partition Table:[0m
[0;32mI (64) boot: ## Label            Usage          Type ST Offset   Length[0m
[0;32mI (71) boot:  0 nvs              WiFi data        01 02 00009000 00006000[0m
[0;32mI (79) boot:  1 phy_init         RF data          01 01 0000f000 00001000[0m
[0;32mI (86) boot:  2 factory          factory app      00 00 00010000 00177000[0m
[0;32mI (94) boot: End of partition table[0m
[0;32mI (98) esp_image: segment 0: paddr=00010020 vaddr=3f400020 size=4c6f0h (313072) map[0m
[0;32mI (219) esp_image: segment 1: paddr=0005c718 vaddr=3ffb0000 size=03840h ( 14400) load[0m
[0;32mI (225) esp_image: segment 2: paddr=0005ff60 vaddr=40080000 size=000b8h (   184) load[0m
[0;32mI (226) esp_image: segment 3: paddr=00060020 vaddr=400d0020 size=b8414h (754708) map[0m
[0;32mI (506) esp_image: segment 4: paddr=0011843c vaddr=400800b8 size=167f8h ( 92152) load[0m
[0;32mI (556) boot: Loaded app from partition at offset 0x10000[0m
[0;32mI (556) boot: Disabling RNG early entropy source...[0m
[0;32mI (567) cpu_start: Multicore app[0m
[0;32mI (568) cpu_start: Pro cpu up.[0m
[0;32mI (568) cpu_start: Starting app cpu, entry point is 0x40081474[0m
[0;32mI (554) cpu_start: App cpu up.[0m
[0;32mI (586) cpu_start: Pro cpu start user code[0m
[0;32mI (586) cpu_start: cpu freq: 160000000 Hz[0m
[0;32mI (586) cpu_start: Application information:[0m
[0;32mI (591) cpu_start: Project name:     server-test[0m
[0;32mI (596) cpu_start: App version:      3b93bc3-dirty[0m
[0;32mI (601) cpu_start: Compile time:     Aug 10 2023 18:56:56[0m
[0;32mI (608) cpu_start: ELF file SHA256:  c904b4425e0c4ad5...[0m
[0;32mI (614) cpu_start: ESP-IDF:          v5.1-dirty[0m
[0;32mI (619) cpu_start: Min chip rev:     v0.0[0m
[0;32mI (623) cpu_start: Max chip rev:     v3.99 [0m
[0;32mI (628) cpu_start: Chip rev:         v3.0[0m
[0;32mI (633) heap_init: Initializing. RAM available for dynamic allocation:[0m
[0;32mI (640) heap_init: At 3FFAE6E0 len 00001920 (6 KiB): DRAM[0m
[0;32mI (646) heap_init: At 3FFB8E08 len 000271F8 (156 KiB): DRAM[0m
[0;32mI (652) heap_init: At 3FFE0440 len 00003AE0 (14 KiB): D/IRAM[0m
[0;32mI (659) heap_init: At 3FFE4350 len 0001BCB0 (111 KiB): D/IRAM[0m
[0;32mI (665) heap_init: At 400968B0 len 00009750 (37 KiB): IRAM[0m
[0;32mI (673) spi_flash: detected chip: generic[0m
[0;32mI (676) spi_flash: flash io: dio[0m
[0;33mW (680) spi_flash: Detected size(4096k) larger than the size in the binary image header(2048k). Using the size in the binary image header.[0m
[0;32mI (694) app_start: Starting scheduler on CPU0[0m
[0;32mI (698) app_start: Starting scheduler on CPU1[0m
[0;32mI (698) main_task: Started on CPU0[0m
[0;32mI (708) main_task: Calling app_main()[0m
ets Jul 29 2019 12:21:46

rst:0x1 (POWERON_RESET),boot:0x13 (SPI_FAST_FLASH_BOOT)
configsip: 0, SPIWP:0xee
clk_drv:0x00,q_drv:0x00,d_drv:0x00,cs0_drv:0x00,hd_drv:0x00,wp_drv:0x00
mode:DIO, clock div:2
load:0x3fff0030,len:7084
ho 0 tail 12 room 4
load:0x40078000,len:15576
ho 0 tail 12 room 4
load:0x40080400,len:4
load:0x40080404,len:3876
entry 0x4008064c
[0;32mI (33) boot: ESP-IDF v5.1-dirty 2nd stage bootloader[0m
[0;32mI (33) boot: compile time Jul 31 2023 23:59:43[0m
[0;32mI (33) boot: Multicore bootloader[0m
[0;32mI (38) boot: chip revision: v3.0[0m
[0;32mI (41) boot.esp32: SPI Speed      : 40MHz[0m
[0;32mI (46) boot.esp32: SPI Mode       : DIO[0m
[0;32mI (51) boot.esp32: SPI Flash Size : 2MB[0m
[0;32mI (55) boot: Enabling RNG early entropy source...[0m
[0;32mI (61) boot: Partition Table:[0m
[0;32mI (64) boot: ## Label            Usage          Type ST Offset   Length[0m
[0;32mI (71) boot:  0 nvs              WiFi data        01 02 00009000 00006000[0m
[0;32mI (79) boot:  1 phy_init         RF data          01 01 0000f000 00001000[0m
[0;32mI (86) boot:  2 factory          factory app      00 00 00010000 00177000[0m
[0;32mI (94) boot: End of partition table[0m
[0;32mI (98) esp_image: segment 0: paddr=00010020 vaddr=3f400020 size=4c6f0h (313072) map[0m
[0;32mI (219) esp_image: segment 1: paddr=0005c718 vaddr=3ffb0000 size=03840h ( 14400) load[0m
[0;32mI (225) esp_image: segment 2: paddr=0005ff60 vaddr=40080000 size=000b8h (   184) load[0m
[0;32mI (226) esp_image: segment 3: paddr=00060020 vaddr=400d0020 size=b8414h (754708) map[0m
[0;32mI (506) esp_image: segment 4: paddr=0011843c vaddr=400800b8 size=167f8h ( 92152) load[0m
[0;32mI (556) boot: Loaded app from partition at offset 0x10000[0m
[0;32mI (556) boot: Disabling RNG early entropy source...[0m
[0;32mI (568) cpu_start: Multicore app[0m
[0;32mI (568) cpu_start: Pro cpu up.[0m
[0;32mI (568) cpu_start: Starting app cpu, entry point is 0x40081474[0m
[0;32mI (0) cpu_start: App cpu up.[0m
[0;32mI (586) cpu_start: Pro cpu start user code[0m
[0;32mI (586) cpu_start: cpu freq: 160000000 Hz[0m
[0;32mI (586) cpu_start: Application information:[0m
[0;32mI (591) cpu_start: Project name:     server-test[0m
[0;32mI (596) cpu_start: App version:      3b93bc3-dirty[0m
[0;32mI (601) cpu_start: Compile time:     Aug 10 2023 18:56:56[0m
[0;32mI (607) cpu_start: ELF file SHA256:  c904b4425e0c4ad5...[0m
[0;32mI (613) cpu_start: ESP-IDF:          v5.1-dirty[0m
[0;32mI (619) cpu_start: Min chip rev:     v0.0[0m
[0;32mI (623) cpu_start: Max chip rev:     v3.99 [0m
[0;32mI (628) cpu_start: Chip rev:         v3.0[0m
[0;32mI (633) heap_init: Initializing. RAM available for dynamic allocation:[0m
[0;32mI (640) heap_init: At 3FFAE6E0 len 00001920 (6 KiB): DRAM[0m
[0;32mI (646) heap_init: At 3FFB8E08 len 000271F8 (156 KiB): DRAM[0m
[0;32mI (652) heap_init: At 3FFE0440 len 00003AE0 (14 KiB): D/IRAM[0m
[0;32mI (659) heap_init: At 3FFE4350 len 0001BCB0 (111 KiB): D/IRAM[0m
[0;32mI (665) heap_init: At 400968B0 len 00009750 (37 KiB): IRAM[0m
[0;32mI (673) spi_flash: detected chip: generic[0m
[0;32mI (676) spi_flash: flash io: dio[0m
[0;33mW (680) spi_flash: Detected size(4096k) larger than the size in the binary image header(2048k). Using the size in the binary image header.[0m
[0;32mI (694) app_start: Starting scheduler on CPU0[0m
[0;32mI (698) app_start: Starting scheduler on CPU1[0m
[0;32mI (698) main_task: Started on CPU0[0m
[0;32mI (708) main_task: Calling app_main()[0m
I (2748) wifi:wifi driver task: 3ffc0d28, prio:23, stack:6656, core=0
I (2758) wifi:wifi firmware version: b2f1f86
I (2758) wifi:wifi certification version: v7.0
I (2758) wifi:config NVS flash: enabled
I (2758) wifi:config nano formating: disabled
I (2758) wifi:Init data frame dynamic rx buffer num: 32
I (2768) wifi:Init management frame dynamic rx buffer num: 32
I (2768) wifi:Init management short buffer num: 32
I (2778) wifi:Init dynamic tx buffer num: 32
I (2778) wifi:Init static rx buffer size: 1600
I (2778) wifi:Init static rx buffer num: 10
I (2788) wifi:Init dynamic rx buffer num: 32
[0;32mI (2788) wifi_init: rx ba win: 6[0m
[0;32mI (2798) wifi_init: tcpip mbox: 32[0m
[0;32mI (2798) wifi_init: udp mbox: 6[0m
[0;32mI (2798) wifi_init: tcp mbox: 6[0m
[0;32mI (2808) wifi_init: tcp tx win: 5744[0m
[0;32mI (2808) wifi_init: tcp rx win: 5744[0m
[0;32mI (2818) wifi_init: tcp mss: 1440[0m
[0;32mI (2818) wifi_init: WiFi IRAM OP enabled[0m
[0;32mI (2828) wifi_init: WiFi RX IRAM OP enabled[0m
[0;32mI (2838) phy_init: phy_version 4670,719f9f6,Feb 18 2021,17:07:07[0m
I (2938) wifi:mode : softAP (ec:62:60:76:2c:8d)
I (2948) wifi:Total power save buffer number: 16
I (2948) wifi:Init max length of beacon: 752/752
I (2948) wifi:Init max length of beacon: 752/752
[0;32mI (2948) wifi softAP: wifi_init_softap finished. SSID:HIVE2 password:HIVE_PASS channel:6[0m
[0;32mI (2948) esp_netif_lwip: DHCP server started on interface WIFI_AP_DEF with IP: 192.168.4.1[0m
SSD1306 Initialized..
[0;32mI (3208) bmx280: Probing for BMP280/BME280 sensors on I2C 1[0m
[0;33mW (3208) bmx280: Probe failure: address=ec, id=ad, reason=ESP_ERR_TIMEOUT[0m
[0;33mW (3208) bmx280: Probe failure: address=ee, id=ad, reason=ESP_ERR_TIMEOUT[0m
[0;31mE (3218) bmx280: Sensor not found.[0m
ESP_ERROR_CHECK failed: esp_err_t 0x1 (ERROR) at 0x400d7e1d
file: "../components/HALX/_barometerEntry.cpp" line 29
func: static void VEHICLE_BARO::init_barometer()
expression: bmx280_init(bmx280)

abort() was called at PC 0x40089e7f on core 0


Backtrace: 0x40081aca:0x3ffbaf90 0x40089e89:0x3ffbafb0 0x40090f0e:0x3ffbafd0 0x40089e7f:0x3ffbb040 0x400d7e1d:0x3ffbb070 0x400d685b:0x3ffbb0c0 0x401865db:0x3ffbb100 0x4008c869:0x3ffbb130




ELF file SHA256: c904b4425e0c4ad5

Rebooting...
ets Jul 29 2019 12:21:46

rst:0xc (SW_CPU_RESET),boot:0x13 (SPI_FAST_FLASH_BOOT)
configsip: 0, SPIWP:0xee
clk_drv:0x00,q_drv:0x00,d_drv:0x00,cs0_drv:0x00,hd_drv:0x00,wp_drv:0x00
mode:DIO, clock div:2
load:0x3fff0030,len:7084
ho 0 tail 12 room 4
load:0x40078000,len:15576
ho 0 tail 12 room 4
load:0x40080400,len:4
load:0x40080404,len:3876
entry 0x4008064c
[0;32mI (32) boot: ESP-IDF v5.1-dirty 2nd stage bootloader[0m
[0;32mI (33) boot: compile time Jul 31 2023 23:59:43[0m
[0;32mI (33) boot: Multicore bootloader[0m
[0;32mI (37) boot: chip revision: v3.0[0m
[0;32mI (41) boot.esp32: SPI Speed      : 40MHz[0m
[0;32mI (46) boot.esp32: SPI Mode       : DIO[0m
[0;32mI (50) boot.esp32: SPI Flash Size : 2MB[0m
[0;32mI (55) boot: Enabling RNG early entropy source...[0m
[0;32mI (60) boot: Partition Table:[0m
[0;32mI (64) boot: ## Label            Usage          Type ST Offset   Length[0m
[0;32mI (71) boot:  0 nvs              WiFi data        01 02 00009000 00006000[0m
[0;32mI (79) boot:  1 phy_init         RF data          01 01 0000f000 00001000[0m
[0;32mI (86) boot:  2 factory          factory app      00 00 00010000 00177000[0m
[0;32mI (94) boot: End of partition table[0m
[0;32mI (98) esp_image: segment 0: paddr=00010020 vaddr=3f400020 size=4c6f0h (313072) map[0m
[0;32mI (219) esp_image: segment 1: paddr=0005c718 vaddr=3ffb0000 size=03840h ( 14400) load[0m
[0;32mI (225) esp_image: segment 2: paddr=0005ff60 vaddr=40080000 size=000b8h (   184) load[0m
[0;32mI (226) esp_image: segment 3: paddr=00060020 vaddr=400d0020 size=b8414h (754708) map[0m
[0;32mI (506) esp_image: segment 4: paddr=0011843c vaddr=400800b8 size=167f8h ( 92152) load[0m
[0;32mI (556) boot: Loaded app from partition at offset 0x10000[0m
[0;32mI (556) boot: Disabling RNG early entropy source...[0m
[0;32mI (567) cpu_start: Multicore app[0m
[0;32mI (568) cpu_start: Pro cpu up.[0m
[0;32mI (568) cpu_start: Starting app cpu, entry point is 0x40081474[0m
[0;32mI (554) cpu_start: App cpu up.[0m
[0;32mI (586) cpu_start: Pro cpu start user code[0m
[0;32mI (586) cpu_start: cpu freq: 160000000 Hz[0m
[0;32mI (586) cpu_start: Application information:[0m
[0;32mI (591) cpu_start: Project name:     server-test[0m
[0;32mI (596) cpu_start: App version:      3b93bc3-dirty[0m
[0;32mI (601) cpu_start: Compile time:     Aug 10 2023 18:56:56[0m
[0;32mI (608) cpu_start: ELF file SHA256:  c904b4425e0c4ad5...[0m
[0;32mI (614) cpu_start: ESP-IDF:          v5.1-dirty[0m
[0;32mI (619) cpu_start: Min chip rev:     v0.0[0m
[0;32mI (623) cpu_start: Max chip rev:     v3.99 [0m
[0;32mI (628) cpu_start: Chip rev:         v3.0[0m
[0;32mI (633) heap_init: Initializing. RAM available for dynamic allocation:[0m
[0;32mI (640) heap_init: At 3FFAE6E0 len 00001920 (6 KiB): DRAM[0m
[0;32mI (646) heap_init: At 3FFB8E08 len 000271F8 (156 KiB): DRAM[0m
[0;32mI (652) heap_init: At 3FFE0440 len 00003AE0 (14 KiB): D/IRAM[0m
[0;32mI (659) heap_init: At 3FFE4350 len 0001BCB0 (111 KiB): D/IRAM[0m
[0;32mI (665) heap_init: At 400968B0 len 00009750 (37 KiB): IRAM[0m
[0;32mI (673) spi_flash: detected chip: generic[0m
[0;32mI (676) spi_flash: flash io: dio[0m
[0;33mW (680) spi_flash: Detected size(4096k) larger than the size in the binary image header(2048k). Using the size in the binary image header.[0m
[0;32mI (694) app_start: Starting scheduler on CPU0[0m
[0;32mI (698) app_start: Starting scheduler on CPU1[0m
[0;32mI (698) main_task: Started on CPU0[0m
[0;32mI (708) main_task: Calling app_main()[0m
I (2748) wifi:wifi driver task: 3ffc0d28, prio:23, stack:6656, core=0
I (2758) wifi:wifi firmware version: b2f1f86
I (2758) wifi:wifi certification version: v7.0
I (2758) wifi:config NVS flash: enabled
I (2758) wifi:config nano formating: disabled
I (2758) wifi:Init data frame dynamic rx buffer num: 32
I (2768) wifi:Init management frame dynamic rx buffer num: 32
I (2768) wifi:Init management short buffer num: 32
I (2778) wifi:Init dynamic tx buffer num: 32
I (2778) wifi:Init static rx buffer size: 1600
I (2778) wifi:Init static rx buffer num: 10
I (2788) wifi:Init dynamic rx buffer num: 32
[0;32mI (2788) wifi_init: rx ba win: 6[0m
[0;32mI (2798) wifi_init: tcpip mbox: 32[0m
[0;32mI (2798) wifi_init: udp mbox: 6[0m
[0;32mI (2798) wifi_init: tcp mbox: 6[0m
[0;32mI (2808) wifi_init: tcp tx win: 5744[0m
[0;32mI (2808) wifi_init: tcp rx win: 5744[0m
[0;32mI (2818) wifi_init: tcp mss: 1440[0m
[0;32mI (2818) wifi_init: WiFi IRAM OP enabled[0m
[0;32mI (2828) wifi_init: WiFi RX IRAM OP enabled[0m
[0;32mI (2838) phy_init: phy_version 4670,719f9f6,Feb 18 2021,17:07:07[0m
I (2938) wifi:mode : softAP (ec:62:60:76:2c:8d)
I (2948) wifi:Total power save buffer number: 16
I (2948) wifi:Init max length of beacon: 752/752
I (2948) wifi:Init max length of beacon: 752/752
[0;32mI (2948) wifi softAP: wifi_init_softap finished. SSID:HIVE2 password:HIVE_PASS channel:6[0m
[0;32mI (2958) esp_netif_lwip: DHCP server started on interface WIFI_AP_DEF with IP: 192.168.4.1[0m
SSD1306 Initialized..
[0;32mI (3218) bmx280: Probing for BMP280/BME280 sensors on I2C 1[0m
[0;33mW (8218) bmx280: Probe failure: address=ec, id=ad, reason=ESP_ERR_TIMEOUT[0m
[0;33mW (13218) bmx280: Probe failure: address=ee, id=ad, reason=ESP_ERR_TIMEOUT[0m
[0;31mE (13218) bmx280: Sensor not found.[0m
ESP_ERROR_CHECK failed: esp_err_t 0x1 (ERROR) at 0x400d7e1d
file: "../components/HALX/_barometerEntry.cpp" line 29
func: static void VEHICLE_BARO::init_barometer()
expression: bmx280_init(bmx280)

abort() was called at PC 0x40089e7f on core 0


Backtrace: 0x40081aca:0x3ffbaf90 0x40089e89:0x3ffbafb0 0x40090f0e:0x3ffbafd0 0x40089e7f:0x3ffbb040 0x400d7e1d:0x3ffbb070 0x400d685b:0x3ffbb0c0 0x401865db:0x3ffbb100 0x4008c869:0x3ffbb130




ELF file SHA256: c904b4425e0c4ad5

Rebooting...
ets Jul 29 2019 12:21:46

rst:0xc (SW_CPU_RESET),boot:0x13 (SPI_FAST_FLASH_BOOT)
configsip: 0, SPIWP:0xee
clk_drv:0x00,q_drv:0x00,d_drv:0x00,cs0_drv:0x00,hd_drv:0x00,wp_drv:0x00
mode:DIO, clock div:2
load:0x3fff0030,len:7084
ho 0 tail 12 room 4
load:0x40078000,len:15576
ho 0 tail 12 room 4
load:0x40080400,len:4
load:0x40080404,len:3876
entry 0x4008064c
[0;32mI (32) boot: ESP-IDF v5.1-dirty 2nd stage bootloader[0m
[0;32mI (33) boot: compile time Jul 31 2023 23:59:43[0m
[0;32mI (33) boot: Multicore bootloader[0m
[0;32mI (37) boot: chip revision: v3.0[0m
[0;32mI (41) boot.esp32: SPI Speed      : 40MHz[0m
[0;32mI (46) boot.esp32: SPI Mode       : DIO[0m
[0;32mI (50) boot.esp32: SPI Flash Size : 2MB[0m
[0;32mI (55) boot: Enabling RNG early entropy source...[0m
[0;32mI (60) boot: Partition Table:[0m
[0;32mI (64) boot: ## Label            Usage          Type ST Offset   Length[0m
[0;32mI (71) boot:  0 nvs              WiFi data        01 02 00009000 00006000[0m
[0;32mI (79) boot:  1 phy_init         RF data          01 01 0000f000 00001000[0m
[0;32mI (86) boot:  2 factory          factory app      00 00 00010000 00177000[0m
[0;32mI (94) boot: End of partition table[0m
[0;32mI (98) esp_image: segment 0: paddr=00010020 vaddr=3f400020 size=4c6f0h (313072) map[0m
[0;32mI (219) esp_image: segment 1: paddr=0005c718 vaddr=3ffb0000 size=03840h ( 14400) load[0m
[0;32mI (225) esp_image: segment 2: paddr=0005ff60 vaddr=40080000 size=000b8h (   184) load[0m
[0;32mI (226) esp_image: segment 3: paddr=00060020 vaddr=400d0020 size=b8414h (754708) map[0m
[0;32mI (506) esp_image: segment 4: paddr=0011843c vaddr=400800b8 size=167f8h ( 92152) load[0m
[0;32mI (556) boot: Loaded app from partition at offset 0x10000[0m
[0;32mI (556) boot: Disabling RNG early entropy source...[0m
[0;32mI (567) cpu_start: Multicore app[0m
[0;32mI (568) cpu_start: Pro cpu up.[0m
[0;32mI (568) cpu_start: Starting app cpu, entry point is 0x40081474[0m
[0;32mI (554) cpu_start: App cpu up.[0m
[0;32mI (586) cpu_start: Pro cpu start user code[0m
[0;32mI (586) cpu_start: cpu freq: 160000000 Hz[0m
[0;32mI (586) cpu_start: Application information:[0m
[0;32mI (591) cpu_start: Project name:     server-test[0m
[0;32mI (596) cpu_start: App version:      3b93bc3-dirty[0m
[0;32mI (601) cpu_start: Compile time:     Aug 10 2023 18:56:56[0m
[0;32mI (608) cpu_start: ELF file SHA256:  c904b4425e0c4ad5...[0m
[0;32mI (613) cpu_start: ESP-IDF:          v5.1-dirty[0m
[0;32mI (619) cpu_start: Min chip rev:     v0.0[0m
[0;32mI (623) cpu_start: Max chip rev:     v3.99 [0m
[0;32mI (628) cpu_start: Chip rev:         v3.0[0m
[0;32mI (633) heap_init: Initializing. RAM available for dynamic allocation:[0m
[0;32mI (640) heap_init: At 3FFAE6E0 len 00001920 (6 KiB): DRAM[0m
[0;32mI (646) heap_init: At 3FFB8E08 len 000271F8 (156 KiB): DRAM[0m
[0;32mI (652) heap_init: At 3FFE0440 len 00003AE0 (14 KiB): D/IRAM[0m
[0;32mI (659) heap_init: At 3FFE4350 len 0001BCB0 (111 KiB): D/IRAM[0m
[0;32mI (665) heap_init: At 400968B0 len 00009750 (37 KiB): IRAM[0m
[0;32mI (673) spi_flash: detected chip: generic[0m
[0;32mI (676) spi_flash: flash io: dio[0m
[0;33mW (680) spi_flash: Detected size(4096k) larger than the size in the binary image header(2048k). Using the size in the binary image header.[0m
[0;32mI (694) app_start: Starting scheduler on CPU0[0m
[0;32mI (698) app_start: Starting scheduler on CPU1[0m
[0;32mI (698) main_task: Started on CPU0[0m
[0;32mI (708) main_task: Calling app_main()[0m
I (2748) wifi:wifi driver task: 3ffc0d28, prio:23, stack:6656, core=0
I (2758) wifi:wifi firmware version: b2f1f86
I (2758) wifi:wifi certification version: v7.0
I (2758) wifi:config NVS flash: enabled
I (2758) wifi:config nano formating: disabled
I (2758) wifi:Init data frame dynamic rx buffer num: 32
I (2768) wifi:Init management frame dynamic rx buffer num: 32
I (2768) wifi:Init management short buffer num: 32
I (2778) wifi:Init dynamic tx buffer num: 32
I (2778) wifi:Init static rx buffer size: 1600
I (2778) wifi:Init static rx buffer num: 10
I (2788) wifi:Init dynamic rx buffer num: 32
[0;32mI (2788) wifi_init: rx ba win: 6[0m
[0;32mI (2798) wifi_init: tcpip mbox: 32[0m
[0;32mI (2798) wifi_init: udp mbox: 6[0m
[0;32mI (2798) wifi_init: tcp mbox: 6[0m
[0;32mI (2808) wifi_init: tcp tx win: 5744[0m
[0;32mI (2808) wifi_init: tcp rx win: 5744[0m
[0;32mI (2818) wifi_init: tcp mss: 1440[0m
[0;32mI (2818) wifi_init: WiFi IRAM OP enabled[0m
[0;32mI (2828) wifi_init: WiFi RX IRAM OP enabled[0m
[0;32mI (2838) phy_init: phy_version 4670,719f9f6,Feb 18 2021,17:07:07[0m
I (2938) wifi:mode : softAP (ec:62:60:76:2c:8d)
I (2948) wifi:Total power save buffer number: 16
I (2948) wifi:Init max length of beacon: 752/752
I (2948) wifi:Init max length of beacon: 752/752
[0;32mI (2948) wifi softAP: wifi_init_softap finished. SSID:HIVE2 password:HIVE_PASS channel:6[0m
[0;32mI (2948) esp_netif_lwip: DHCP server started on interface WIFI_AP_DEF with IP: 192.168.4.1[0m
SSD1306 Initialized..
[0;32mI (3208) bmx280: Probing for BMP280/BME280 sensors on I2C 1[0m
[0;33mW (8208) bmx280: Probe failure: address=ec, id=ad, reason=ESP_ERR_TIMEOUT[0m
[0;33mW (9808) bmx280: Probe failure: address=ee, id=ad, reason=ESP_FAIL[0m
[0;31mE (9808) bmx280: Sensor not found.[0m
ESP_ERROR_CHECK failed: esp_err_t 0x1 (ERROR) at 0x400d7e1d
file: "../components/HALX/_barometerEntry.cpp" line 29
func: static void VEHICLE_BARO::init_barometer()
expression: bmx280_init(bmx280)

abort() was called at PC 0x40089e7f on core 0


Backtrace: 0x40081aca:0x3ffbaf90 0x40089e89:0x3ffbafb0 0x40090f0e:0x3ffbafd0 0x40089e7f:0x3ffbb040 0x400d7e1d:0x3ffbb070 0x400d685b:0x3ffbb0c0 0x401865db:0x3ffbb100 0x4008c869:0x3ffbb130




ELF file SHA256: c904b4425e0c4ad5

Rebooting...
ets Jul 29 2019 12:21:46

rst:0xc (SW_CPU_RESET),boot:0x13 (SPI_FAST_FLASH_BOOT)
configsip: 0, SPIWP:0xee
clk_drv:0x00,q_drv:0x00,d_drv:0x00,cs0_drv:0x00,hd_drv:0x00,wp_drv:0x00
mode:DIO, clock div:2
load:0x3fff0030,len:7084
ho 0 tail 12 room 4
load:0x40078000,len:15576
ho 0 tail 12 room 4
load:0x40080400,len:4
load:0x40080404,len:3876
entry 0x4008064c
[0;32mI (32) boot: ESP-IDF v5.1-dirty 2nd stage bootloader[0m
[0;32mI (33) boot: compile time Jul 31 2023 23:59:43[0m
[0;32mI (33) boot: Multicore bootloader[0m
[0;32mI (37) boot: chip revision: v3.0[0m
[0;32mI (41) boot.esp32: SPI Speed      : 40MHz[0m
[0;32mI (46) boot.esp32: SPI Mode       : DIO[0m
[0;32mI (50) boot.esp32: SPI Flash Size : 2MB[0m
[0;32mI (55) boot: Enabling RNG early entropy source...[0m
[0;32mI (60) boot: Partition Table:[0m
[0;32mI (64) boot: ## Label            Usage          Type ST Offset   Length[0m
[0;32mI (71) boot:  0 nvs              WiFi data        01 02 00009000 00006000[0m
[0;32mI (79) boot:  1 phy_init         RF data          01 01 0000f000 00001000[0m
[0;32mI (86) boot:  2 factory          factory app      00 00 00010000 00177000[0m
[0;32mI (94) boot: End of partition table[0m
[0;32mI (98) esp_image: segment 0: paddr=00010020 vaddr=3f400020 size=4c6f0h (313072) map[0m
[0;32mI (219) esp_image: segment 1: paddr=0005c718 vaddr=3ffb0000 size=03840h ( 14400) load[0m
[0;32mI (225) esp_image: segment 2: paddr=0005ff60 vaddr=40080000 size=000b8h (   184) load[0m
[0;32mI (226) esp_image: segment 3: paddr=00060020 vaddr=400d0020 size=b8414h (754708) map[0m
[0;32mI (506) esp_image: segment 4: paddr=0011843c vaddr=400800b8 size=167f8h ( 92152) load[0m
[0;32mI (556) boot: Loaded app from partition at offset 0x10000[0m
[0;32mI (556) boot: Disabling RNG early entropy source...[0m
[0;32mI (567) cpu_start: Multicore app[0m
[0;32mI (568) cpu_start: Pro cpu up.[0m
[0;32mI (568) cpu_start: Starting app cpu, entry point is 0x40081474[0m
[0;32mI (554) cpu_start: App cpu up.[0m
[0;32mI (586) cpu_start: Pro cpu start user code[0m
[0;32mI (586) cpu_start: cpu freq: 160000000 Hz[0m
[0;32mI (586) cpu_start: Application information:[0m
[0;32mI (591) cpu_start: Project name:     server-test[0m
[0;32mI (596) cpu_start: App version:      3b93bc3-dirty[0m
[0;32mI (601) cpu_start: Compile time:     Aug 10 2023 18:56:56[0m
[0;32mI (608) cpu_start: ELF file SHA256:  c904b4425e0c4ad5...[0m
[0;32mI (613) cpu_start: ESP-IDF:          v5.1-dirty[0m
[0;32mI (619) cpu_start: Min chip rev:     v0.0[0m
[0;32mI (623) cpu_start: Max chip rev:     v3.99 [0m
[0;32mI (628) cpu_start: Chip rev:         v3.0[0m
[0;32mI (633) heap_init: Initializing. RAM available for dynamic allocation:[0m
[0;32mI (640) heap_init: At 3FFAE6E0 len 00001920 (6 KiB): DRAM[0m
[0;32mI (646) heap_init: At 3FFB8E08 len 000271F8 (156 KiB): DRAM[0m
[0;32mI (652) heap_init: At 3FFE0440 len 00003AE0 (14 KiB): D/IRAM[0m
[0;32mI (659) heap_init: At 3FFE4350 len 0001BCB0 (111 KiB): D/IRAM[0m
[0;32mI (665) heap_init: At 400968B0 len 00009750 (37 KiB): IRAM[0m
[0;32mI (673) spi_flash: detected chip: generic[0m
[0;32mI (676) spi_flash: flash io: dio[0m
[0;33mW (680) spi_flash: Detected size(4096k) larger than the size in the binary image header(2048k). Using the size in the binary image header.[0m
[0;32mI (694) app_start: Starting scheduler on CPU0[0m
[0;32mI (698) app_start: Starting scheduler on CPU1[0m
[0;32mI (698) main_task: Started on CPU0[0m
[0;32mI (708) main_task: Calling app_main()[0m
I (2748) wifi:wifi driver task: 3ffc0d28, prio:23, stack:6656, core=0
I (2758) wifi:wifi firmware version: b2f1f86
I (2758) wifi:wifi certification version: v7.0
I (2758) wifi:config NVS flash: enabled
I (2758) wifi:config nano formating: disabled
I (2758) wifi:Init data frame dynamic rx buffer num: 32
I (2768) wifi:Init management frame dynamic rx buffer num: 32
I (2768) wifi:Init management short buffer num: 32
I (2778) wifi:Init dynamic tx buffer num: 32
I (2778) wifi:Init static rx buffer size: 1600
I (2778) wifi:Init static rx buffer num: 10
I (2788) wifi:Init dynamic rx buffer num: 32
[0;32mI (2788) wifi_init: rx ba win: 6[0m
[0;32mI (2798) wifi_init: tcpip mbox: 32[0m
[0;32mI (2798) wifi_init: udp mbox: 6[0m
[0;32mI (2798) wifi_init: tcp mbox: 6[0m
[0;32mI (2808) wifi_init: tcp tx win: 5744[0m
[0;32mI (2808) wifi_init: tcp rx win: 5744[0m
[0;32mI (2818) wifi_init: tcp mss: 1440[0m
[0;32mI (2818) wifi_init: WiFi IRAM OP enabled[0m
[0;32mI (2828) wifi_init: WiFi RX IRAM OP enabled[0m
[0;32mI (2838) phy_init: phy_version 4670,719f9f6,Feb 18 2021,17:07:07[0m
I (2938) wifi:mode : softAP (ec:62:60:76:2c:8d)
I (2948) wifi:Total power save buffer number: 16
I (2948) wifi:Init max length of beacon: 752/752
I (2948) wifi:Init max length of beacon: 752/752
[0;32mI (2948) wifi softAP: wifi_init_softap finished. SSID:HIVE2 password:HIVE_PASS channel:6[0m
[0;32mI (2948) esp_netif_lwip: DHCP server started on interface WIFI_AP_DEF with IP: 192.168.4.1[0m
SSD1306 Initialized..
[0;32mI (3208) bmx280: Probing for BMP280/BME280 sensors on I2C 1[0m
[0;33mW (8208) bmx280: Probe failure: address=ec, id=ad, reason=ESP_ERR_TIMEOUT[0m
[0;33mW (13208) bmx280: Probe failure: address=ee, id=ad, reason=ESP_ERR_TIMEOUT[0m
[0;31mE (13208) bmx280: Sensor not found.[0m
ESP_ERROR_CHECK failed: esp_err_t 0x1 (ERROR) at 0x400d7e1d
file: "../components/HALX/_barometerEntry.cpp" line 29
func: static void VEHICLE_BARO::init_barometer()
expression: bmx280_init(bmx280)

abort() was called at PC 0x40089e7f on core 0


Backtrace: 0x40081aca:0x3ffbaf90 0x40089e89:0x3ffbafb0 0x40090f0e:0x3ffbafd0 0x40089e7f:0x3ffbb040 0x400d7e1d:0x3ffbb070 0x400d685b:0x3ffbb0c0 0x401865db:0x3ffbb100 0x4008c869:0x3ffbb130




ELF file SHA256: c904b4425e0c4ad5

Rebooting...
ets Jul 29 2019 12:21:46

rst:0xc (SW_CPU_RESET),boot:0x13 (SPI_FAST_FLASH_BOOT)
configsip: 0, SPIWP:0xee
clk_drv:0x00,q_drv:0x00,d_drv:0x00,cs0_drv:0x00,hd_drv:0x00,wp_drv:0x00
mode:DIO, clock div:2
load:0x3fff0030,len:7084
ho 0 tail 12 room 4
load:0x40078000,len:15576
ho 0 tail 12 room 4
load:0x40080400,len:4
load:0x40080404,len:3876
entry 0x4008064c
[0;32mI (32) boot: ESP-IDF v5.1-dirty 2nd stage bootloader[0m
[0;32mI (33) boot: compile time Jul 31 2023 23:59:43[0m
[0;32mI (33) boot: Multicore bootloader[0m
[0;32mI (37) boot: chip revision: v3.0[0m
[0;32mI (41) boot.esp32: SPI Speed      : 40MHz[0m
[0;32mI (46) boot.esp32: SPI Mode       : DIO[0m
[0;32mI (50) boot.esp32: SPI Flash Size : 2MB[0m
[0;32mI (55) boot: Enabling RNG early entropy source...[0m
[0;32mI (60) boot: Partition Table:[0m
[0;32mI (64) boot: ## Label            Usage          Type ST Offset   Length[0m
[0;32mI (71) boot:  0 nvs              WiFi data        01 02 00009000 00006000[0m
[0;32mI (79) boot:  1 phy_init         RF data          01 01 0000f000 00001000[0m
[0;32mI (86) boot:  2 factory          factory app      00 00 00010000 00177000[0m
[0;32mI (94) boot: End of partition table[0m
[0;32mI (98) esp_image: segment 0: paddr=00010020 vaddr=3f400020 size=4c6f0h (313072) map[0m
[0;32mI (219) esp_image: segment 1: paddr=0005c718 vaddr=3ffb0000 size=03840h ( 14400) load[0m
[0;32mI (225) esp_image: segment 2: paddr=0005ff60 vaddr=40080000 size=000b8h (   184) load[0m
[0;32mI (226) esp_image: segment 3: paddr=00060020 vaddr=400d0020 size=b8414h (754708) map[0m
[0;32mI (506) esp_image: segment 4: paddr=0011843c vaddr=400800b8 size=167f8h ( 92152) load[0m
[0;32mI (556) boot: Loaded app from partition at offset 0x10000[0m
[0;32mI (556) boot: Disabling RNG early entropy source...[0m
[0;32mI (567) cpu_start: Multicore app[0m
[0;32mI (568) cpu_start: Pro cpu up.[0m
[0;32mI (568) cpu_start: Starting app cpu, entry point is 0x40081474[0m
[0;32mI (554) cpu_start: App cpu up.[0m
[0;32mI (586) cpu_start: Pro cpu start user code[0m
[0;32mI (586) cpu_start: cpu freq: 160000000 Hz[0m
[0;32mI (586) cpu_start: Application information:[0m
[0;32mI (591) cpu_start: Project name:     server-test[0m
[0;32mI (596) cpu_start: App version:      3b93bc3-dirty[0m
[0;32mI (601) cpu_start: Compile time:     Aug 10 2023 18:56:56[0m
[0;32mI (608) cpu_start: ELF file SHA256:  c904b4425e0c4ad5...[0m
[0;32mI (613) cpu_start: ESP-IDF:          v5.1-dirty[0m
[0;32mI (619) cpu_start: Min chip rev:     v0.0[0m
[0;32mI (623) cpu_start: Max chip rev:     v3.99 [0m
[0;32mI (628) cpu_start: Chip rev:         v3.0[0m
[0;32mI (633) heap_init: Initializing. RAM available for dynamic allocation:[0m
[0;32mI (640) heap_init: At 3FFAE6E0 len 00001920 (6 KiB): DRAM[0m
[0;32mI (646) heap_init: At 3FFB8E08 len 000271F8 (156 KiB): DRAM[0m
[0;32mI (652) heap_init: At 3FFE0440 len 00003AE0 (14 KiB): D/IRAM[0m
[0;32mI (659) heap_init: At 3FFE4350 len 0001BCB0 (111 KiB): D/IRAM[0m
[0;32mI (665) heap_init: At 400968B0 len 00009750 (37 KiB): IRAM[0m
[0;32mI (673) spi_flash: detected chip: generic[0m
[0;32mI (676) spi_flash: flash io: dio[0m
[0;33mW (680) spi_flash: Detected size(4096k) larger than the size in the binary image header(2048k). Using the size in the binary image header.[0m
[0;32mI (694) app_start: Starting scheduler on CPU0[0m
[0;32mI (698) app_start: Starting scheduler on CPU1[0m
[0;32mI (698) main_task: Started on CPU0[0m
[0;32mI (708) main_task: Calling app_main()[0m
I (2748) wifi:wifi driver task: 3ffc0d28, prio:23, stack:6656, core=0
I (2758) wifi:wifi firmware version: b2f1f86
I (2758) wifi:wifi certification version: v7.0
I (2758) wifi:config NVS flash: enabled
I (2758) wifi:config nano formating: disabled
I (2758) wifi:Init data frame dynamic rx buffer num: 32
I (2768) wifi:Init management frame dynamic rx buffer num: 32
I (2768) wifi:Init management short buffer num: 32
I (2778) wifi:Init dynamic tx buffer num: 32
I (2778) wifi:Init static rx buffer size: 1600
I (2778) wifi:Init static rx buffer num: 10
I (2788) wifi:Init dynamic rx buffer num: 32
[0;32mI (2788) wifi_init: rx ba win: 6[0m
[0;32mI (2798) wifi_init: tcpip mbox: 32[0m
[0;32mI (2798) wifi_init: udp mbox: 6[0m
[0;32mI (2798) wifi_init: tcp mbox: 6[0m
[0;32mI (2808) wifi_init: tcp tx win: 5744[0m
[0;32mI (2808) wifi_init: tcp rx win: 5744[0m
[0;32mI (2818) wifi_init: tcp mss: 1440[0m
[0;32mI (2818) wifi_init: WiFi IRAM OP enabled[0m
[0;32mI (2828) wifi_init: WiFi RX IRAM OP enabled[0m
[0;32mI (2838) phy_init: phy_version 4670,719f9f6,Feb 18 2021,17:07:07[0m
I (2938) wifi:mode : softAP (ec:62:60:76:2c:8d)
I (2948) wifi:Total power save buffer number: 16
I (2948) wifi:Init max length of beacon: 752/752
I (2948) wifi:Init max length of beacon: 752/752
[0;32mI (2948) wifi softAP: wifi_init_softap finished. SSID:HIVE2 password:HIVE_PASS channel:6[0m
[0;32mI (2948) esp_netif_lwip: DHCP server started on interface WIFI_AP_DEF with IP: 192.168.4.1[0m
SSD1306 Initialized..
[0;32mI (3208) bmx280: Probing for BMP280/BME280 sensors on I2C 1[0m
[0;33mW (3208) bmx280: Probe failure: address=ec, id=ad, reason=ESP_ERR_TIMEOUT[0m
[0;33mW (3208) bmx280: Probe failure: address=ee, id=ad, reason=ESP_FAIL[0m
[0;31mE (3218) bmx280: Sensor not found.[0m
ESP_ERROR_CHECK failed: esp_err_t 0x1 (ERROR) at 0x400d7e1d
file: "../components/HALX/_barometerEntry.cpp" line 29
func: static void VEHICLE_BARO::init_barometer()
expression: bmx280_init(bmx280)

abort() was called at PC 0x40089e7f on core 0


Backtrace: 0x40081aca:0x3ffbaf90 0x40089e89:0x3ffbafb0 0x40090f0e:0x3ffbafd0 0x40089e7f:0x3ffbb040 0x400d7e1d:0x3ffbb070 0x400d685b:0x3ffbb0c0 0x401865db:0x3ffbb100 0x4008c869:0x3ffbb130




ELF file SHA256: c904b4425e0c4ad5

Rebooting...
ets Jul 29 2019 12:21:46

rst:0xc (SW_CPU_RESET),boot:0x13 (SPI_FAST_FLASH_BOOT)
configsip: 0, SPIWP:0xee
clk_drv:0x00,q_drv:0x00,d_drv:0x00,cs0_drv:0x00,hd_drv:0x00,wp_drv:0x00
mode:DIO, clock div:2
load:0x3fff0030,len:7084
ho 0 tail 12 room 4
load:0x40078000,len:15576
ho 0 tail 12 room 4
load:0x40080400,len:4
load:0x40080404,len:3876
entry 0x4008064c
[0;32mI (32) boot: ESP-IDF v5.1-dirty 2nd stage bootloader[0m
[0;32mI (33) boot: compile time Jul 31 2023 23:59:43[0m
[0;32mI (33) boot: Multicore bootloader[0m
[0;32mI (37) boot: chip revision: v3.0[0m
[0;32mI (41) boot.esp32: SPI Speed      : 40MHz[0m
[0;32mI (46) boot.esp32: SPI Mode       : DIO[0m
[0;32mI (50) boot.esp32: SPI Flash Size : 2MB[0m
[0;32mI (55) boot: Enabling RNG early entropy source...[0m
[0;32mI (60) boot: Partition Table:[0m
[0;32mI (64) boot: ## Label            Usage          Type ST Offset   Length[0m
[0;32mI (71) boot:  0 nvs              WiFi data        01 02 00009000 00006000[0m
[0;32mI (79) boot:  1 phy_init         RF data          01 01 0000f000 00001000[0m
[0;32mI (86) boot:  2 factory          factory app      00 00 00010000 00177000[0m
[0;32mI (94) boot: End of partition table[0m
[0;32mI (98) esp_image: segment 0: paddr=00010020 vaddr=3f400020 size=4c6f0h (313072) map[0m
[0;32mI (219) esp_image: segment 1: paddr=0005c718 vaddr=3ffb0000 size=03840h ( 14400) load[0m
[0;32mI (225) esp_image: segment 2: paddr=0005ff60 vaddr=40080000 size=000b8h (   184) load[0m
[0;32mI (226) esp_image: segment 3: paddr=00060020 vaddr=400d0020 size=b8414h (754708) map[0m
[0;32mI (506) esp_image: segment 4: paddr=0011843c vaddr=400800b8 size=167f8h ( 92152) load[0m
[0;32mI (556) boot: Loaded app from partition at offset 0x10000[0m
[0;32mI (556) boot: Disabling RNG early entropy source...[0m
[0;32mI (567) cpu_start: Multicore app[0m
[0;32mI (568) cpu_start: Pro cpu up.[0m
[0;32mI (568) cpu_start: Starting app cpu, entry point is 0x40081474[0m
[0;32mI (554) cpu_start: App cpu up.[0m
[0;32mI (586) cpu_start: Pro cpu start user code[0m
[0;32mI (586) cpu_start: cpu freq: 160000000 Hz[0m
[0;32mI (586) cpu_start: Application information:[0m
[0;32mI (591) cpu_start: Project name:     server-test[0m
[0;32mI (596) cpu_start: App version:      3b93bc3-dirty[0m
[0;32mI (601) cpu_start: Compile time:     Aug 10 2023 18:56:56[0m
[0;32mI (608) cpu_start: ELF file SHA256:  c904b4425e0c4ad5...[0m
[0;32mI (613) cpu_start: ESP-IDF:          v5.1-dirty[0m
[0;32mI (619) cpu_start: Min chip rev:     v0.0[0m
[0;32mI (623) cpu_start: Max chip rev:     v3.99 [0m
[0;32mI (628) cpu_start: Chip rev:         v3.0[0m
[0;32mI (633) heap_init: Initializing. RAM available for dynamic allocation:[0m
[0;32mI (640) heap_init: At 3FFAE6E0 len 00001920 (6 KiB): DRAM[0m
[0;32mI (646) heap_init: At 3FFB8E08 len 000271F8 (156 KiB): DRAM[0m
[0;32mI (652) heap_init: At 3FFE0440 len 00003AE0 (14 KiB): D/IRAM[0m
[0;32mI (659) heap_init: At 3FFE4350 len 0001BCB0 (111 KiB): D/IRAM[0m
[0;32mI (665) heap_init: At 400968B0 len 00009750 (37 KiB): IRAM[0m
[0;32mI (673) spi_flash: detected chip: generic[0m
[0;32mI (676) spi_flash: flash io: dio[0m
[0;33mW (680) spi_flash: Detected size(4096k) larger than the size in the binary image header(2048k). Using the size in the binary image header.[0m
[0;32mI (694) app_start: Starting scheduler on CPU0[0m
[0;32mI (698) app_start: Starting scheduler on CPU1[0m
[0;32mI (698) main_task: Started on CPU0[0m
[0;32mI (708) main_task: Calling app_main()[0m
I (2748) wifi:wifi driver task: 3ffc0d28, prio:23, stack:6656, core=0
I (2758) wifi:wifi firmware version: b2f1f86
I (2758) wifi:wifi certification version: v7.0
I (2758) wifi:config NVS flash: enabled
I (2758) wifi:config nano formating: disabled
I (2758) wifi:Init data frame dynamic rx buffer num: 32
I (2768) wifi:Init management frame dynamic rx buffer num: 32
I (2768) wifi:Init management short buffer num: 32
I (2778) wifi:Init dynamic tx buffer num: 32
I (2778) wifi:Init static rx buffer size: 1600
I (2778) wifi:Init static rx buffer num: 10
I (2788) wifi:Init dynamic rx buffer num: 32
[0;32mI (2788) wifi_init: rx ba win: 6[0m
[0;32mI (2798) wifi_init: tcpip mbox: 32[0m
[0;32mI (2798) wifi_init: udp mbox: 6[0m
[0;32mI (2798) wifi_init: tcp mbox: 6[0m
[0;32mI (2808) wifi_init: tcp tx win: 5744[0m
[0;32mI (2808) wifi_init: tcp rx win: 5744[0m
[0;32mI (2818) wifi_init: tcp mss: 1440[0m
[0;32mI (2818) wifi_init: WiFi IRAM OP enabled[0m
[0;32mI (2828) wifi_init: WiFi RX IRAM OP enabled[0m
[0;32mI (2838) phy_init: phy_version 4670,719f9f6,Feb 18 2021,17:07:07[0m
I (2938) wifi:mode : softAP (ec:62:60:76:2c:8d)
I (2938) wifi:Total power save buffer number: 16
I (2938) wifi:Init max length of beacon: 752/752
I (2938) wifi:Init max length of beacon: 752/752
[0;32mI (2948) wifi softAP: wifi_init_softap finished. SSID:HIVE2 password:HIVE_PASS channel:6[0m
[0;32mI (2948) esp_netif_lwip: DHCP server started on interface WIFI_AP_DEF with IP: 192.168.4.1[0m
SSD1306 Initialized..
[0;32mI (3208) bmx280: Probing for BMP280/BME280 sensors on I2C 1[0m
[0;33mW (3208) bmx280: Probe failure: address=ec, id=ad, reason=ESP_ERR_TIMEOUT[0m
[0;33mW (3208) bmx280: Probe failure: address=ee, id=ad, reason=ESP_FAIL[0m
[0;31mE (3218) bmx280: Sensor not found.[0m
ESP_ERROR_CHECK failed: esp_err_t 0x1 (ERROR) at 0x400d7e1d
file: "../components/HALX/_barometerEntry.cpp" line 29
func: static void VEHICLE_BARO::init_barometer()
expression: bmx280_init(bmx280)

abort() was called at PC 0x40089e7f on core 0


Backtrace: 0x40081aca:0x3ffbaf90 0x40089e89:0x3ffbafb0 0x40090f0e:0x3ffbafd0 0x40089e7f:0x3ffbb040 0x400d7e1d:0x3ffbb070 0x400d685b:0x3ffbb0c0 0x401865db:0x3ffbb100 0x4008c869:0x3ffbb130




ELF file SHA256: c904b4425e0c4ad5

Rebooting...
ets Jul 29 2019 12:21:46

rst:0xc (SW_CPU_RESET),boot:0x13 (SPI_FAST_FLASH_BOOT)
configsip: 0, SPIWP:0xee
clk_drv:0x00,q_drv:0x00,d_drv:0x00,cs0_drv:0x00,hd_drv:0x00,wp_drv:0x00
mode:DIO, clock div:2
load:0x3fff0030,len:7084
ho 0 tail 12 room 4
load:0x40078000,len:15576
ho 0 tail 12 room 4
load:0x40080400,len:4
load:0x40080404,len:3876
entry 0x4008064c
[0;32mI (32) boot: ESP-IDF v5.1-dirty 2nd stage bootloader[0m
[0;32mI (33) boot: compile time Jul 31 2023 23:59:43[0m
[0;32mI (33) boot: Multicore bootloader[0m
[0;32mI (37) boot: chip revision: v3.0[0m
[0;32mI (41) boot.esp32: SPI Speed      : 40MHz[0m
[0;32mI (46) boot.esp32: SPI Mode       : DIO[0m
[0;32mI (50) boot.esp32: SPI Flash Size : 2MB[0m
[0;32mI (55) boot: Enabling RNG early entropy source...[0m
[0;32mI (60) boot: Partition Table:[0m
[0;32mI (64) boot: ## Label            Usage          Type ST Offset   Length[0m
[0;32mI (71) boot:  0 nvs              WiFi data        01 02 00009000 00006000[0m
[0;32mI (79) boot:  1 phy_init         RF data          01 01 0000f000 00001000[0m
[0;32mI (86) boot:  2 factory          factory app      00 00 00010000 00177000[0m
[0;32mI (94) boot: End of partition table[0m
[0;32mI (98) esp_image: segment 0: paddr=00010020 vaddr=3f400020 size=4c6f0h (313072) map[0m
[0;32mI (219) esp_image: segment 1: paddr=0005c718 vaddr=3ffb0000 size=03840h ( 14400) load[0m
[0;32mI (225) esp_image: segment 2: paddr=0005ff60 vaddr=40080000 size=000b8h (   184) load[0m
[0;32mI (226) esp_image: segment 3: paddr=00060020 vaddr=400d0020 size=b8414h (754708) map[0m
[0;32mI (506) esp_image: segment 4: paddr=0011843c vaddr=400800b8 size=167f8h ( 92152) load[0m
[0;32mI (556) boot: Loaded app from partition at offset 0x10000[0m
[0;32mI (556) boot: Disabling RNG early entropy source...[0m
[0;32mI (567) cpu_start: Multicore app[0m
[0;32mI (568) cpu_start: Pro cpu up.[0m
[0;32mI (568) cpu_start: Starting app cpu, entry point is 0x40081474[0m
[0;32mI (554) cpu_start: App cpu up.[0m
[0;32mI (586) cpu_start: Pro cpu start user code[0m
[0;32mI (586) cpu_start: cpu freq: 160000000 Hz[0m
[0;32mI (586) cpu_start: Application information:[0m
[0;32mI (591) cpu_start: Project name:     server-test[0m
[0;32mI (596) cpu_start: App version:      3b93bc3-dirty[0m
[0;32mI (601) cpu_start: Compile time:     Aug 10 2023 18:56:56[0m
[0;32mI (608) cpu_start: ELF file SHA256:  c904b4425e0c4ad5...[0m
[0;32mI (614) cpu_start: ESP-IDF:          v5.1-dirty[0m
[0;32mI (619) cpu_start: Min chip rev:     v0.0[0m
[0;32mI (623) cpu_start: Max chip rev:     v3.99 [0m
[0;32mI (628) cpu_start: Chip rev:         v3.0[0m
[0;32mI (633) heap_init: Initializing. RAM available for dynamic allocation:[0m
[0;32mI (640) heap_init: At 3FFAE6E0 len 00001920 (6 KiB): DRAM[0m
[0;32mI (646) heap_init: At 3FFB8E08 len 000271F8 (156 KiB): DRAM[0m
[0;32mI (652) heap_init: At 3FFE0440 len 00003AE0 (14 KiB): D/IRAM[0m
[0;32mI (659) heap_init: At 3FFE4350 len 0001BCB0 (111 KiB): D/IRAM[0m
[0;32mI (665) heap_init: At 400968B0 len 00009750 (37 KiB): IRAM[0m
[0;32mI (673) spi_flash: detected chip: generic[0m
[0;32mI (676) spi_flash: flash io: dio[0m
[0;33mW (680) spi_flash: Detected size(4096k) larger than the size in the binary image header(2048k). Using the size in the binary image header.[0m
[0;32mI (694) app_start: Starting scheduler on CPU0[0m
[0;32mI (698) app_start: Starting scheduler on CPU1[0m
[0;32mI (698) main_task: Started on CPU0[0m
[0;32mI (708) main_task: Calling app_main()[0m
I (2748) wifi:wifi driver task: 3ffc0d28, prio:23, stack:6656, core=0
I (2758) wifi:wifi firmware version: b2f1f86
I (2758) wifi:wifi certification version: v7.0
I (2758) wifi:config NVS flash: enabled
I (2758) wifi:config nano formating: disabled
I (2758) wifi:Init data frame dynamic rx buffer num: 32
I (2768) wifi:Init management frame dynamic rx buffer num: 32
I (2768) wifi:Init management short buffer num: 32
I (2778) wifi:Init dynamic tx buffer num: 32
I (2778) wifi:Init static rx buffer size: 1600
I (2778) wifi:Init static rx buffer num: 10
I (2788) wifi:Init dynamic rx buffer num: 32
[0;32mI (2788) wifi_init: rx ba win: 6[0m
[0;32mI (2798) wifi_init: tcpip mbox: 32[0m
[0;32mI (2798) wifi_init: udp mbox: 6[0m
[0;32mI (2798) wifi_init: tcp mbox: 6[0m
[0;32mI (2808) wifi_init: tcp tx win: 5744[0m
[0;32mI (2808) wifi_init: tcp rx win: 5744[0m
[0;32mI (2818) wifi_init: tcp mss: 1440[0m
[0;32mI (2818) wifi_init: WiFi IRAM OP enabled[0m
[0;32mI (2828) wifi_init: WiFi RX IRAM OP enabled[0m
[0;32mI (2838) phy_init: phy_version 4670,719f9f6,Feb 18 2021,17:07:07[0m
I (2938) wifi:mode : softAP (ec:62:60:76:2c:8d)
I (2948) wifi:Total power save buffer number: 16
I (2948) wifi:Init max length of beacon: 752/752
I (2948) wifi:Init max length of beacon: 752/752
[0;32mI (2948) wifi softAP: wifi_init_softap finished. SSID:HIVE2 password:HIVE_PASS channel:6[0m
[0;32mI (2948) esp_netif_lwip: DHCP server started on interface WIFI_AP_DEF with IP: 192.168.4.1[0m
SSD1306 Initialized..
[0;32mI (3208) bmx280: Probing for BMP280/BME280 sensors on I2C 1[0m
[0;33mW (3208) bmx280: Probe failure: address=ec, id=ad, reason=ESP_ERR_TIMEOUT[0m
[0;33mW (3208) bmx280: Probe failure: address=ee, id=ad, reason=ESP_FAIL[0m
[0;31mE (3218) bmx280: Sensor not found.[0m
ESP_ERROR_CHECK failed: esp_err_t 0x1 (ERROR) at 0x400d7e1d
file: "../components/HALX/_barometerEntry.cpp" line 29
func: static void VEHICLE_BARO::init_barometer()
expression: bmx280_init(bmx280)

abort() was called at PC 0x40089e7f on core 0


Backtrace: 0x40081aca:0x3ffbaf90 0x40089e89:0x3ffbafb0 0x40090f0e:0x3ffbafd0 0x40089e7f:0x3ffbb040 0x400d7e1d:0x3ffbb070 0x400d685b:0x3ffbb0c0 0x401865db:0x3ffbb100 0x4008c869:0x3ffbb130




ELF file SHA256: c904b4425e0c4ad5

Rebooting...
ets Jul 29 2019 12:21:46

rst:0xc (SW_CPU_RESET),boot:0x13 (SPI_FAST_FLASH_BOOT)
configsip: 0, SPIWP:0xee
clk_drv:0x00,q_drv:0x00,d_drv:0x00,cs0_drv:0x00,hd_drv:0x00,wp_drv:0x00
mode:DIO, clock div:2
load:0x3fff0030,len:7084
ho 0 tail 12 room 4
load:0x40078000,len:15576
ho 0 tail 12 room 4
load:0x40080400,len:4
load:0x40080404,len:3876
entry 0x4008064c
[0;32mI (32) boot: ESP-IDF v5.1-dirty 2nd stage bootloader[0m
[0;32mI (33) boot: compile time Jul 31 2023 23:59:43[0m
[0;32mI (33) boot: Multicore bootloader[0m
[0;32mI (37) boot: chip revision: v3.0[0m
[0;32mI (41) boot.esp32: SPI Speed      : 40MHz[0m
[0;32mI (46) boot.esp32: SPI Mode       : DIO[0m
[0;32mI (50) boot.esp32: SPI Flash Size : 2MB[0m
[0;32mI (55) boot: Enabling RNG early entropy source...[0m
[0;32mI (60) boot: Partition Table:[0m
[0;32mI (64) boot: ## Label            Usage          Type ST Offset   Length[0m
[0;32mI (71) boot:  0 nvs              WiFi data        01 02 00009000 00006000[0m
[0;32mI (79) boot:  1 phy_init         RF data          01 01 0000f000 00001000[0m
[0;32mI (86) boot:  2 factory          factory app      00 00 00010000 00177000[0m
[0;32mI (94) boot: End of partition table[0m
[0;32mI (98) esp_image: segment 0: paddr=00010020 vaddr=3f400020 size=4c6f0h (313072) map[0m
[0;32mI (219) esp_image: segment 1: paddr=0005c718 vaddr=3ffb0000 size=03840h ( 14400) load[0m
[0;32mI (225) esp_image: segment 2: paddr=0005ff60 vaddr=40080000 size=000b8h (   184) load[0m
[0;32mI (226) esp_image: segment 3: paddr=00060020 vaddr=400d0020 size=b8414h (754708) map[0m
[0;32mI (506) esp_image: segment 4: paddr=0011843c vaddr=400800b8 size=167f8h ( 92152) load[0m
[0;32mI (556) boot: Loaded app from partition at offset 0x10000[0m
[0;32mI (556) boot: Disabling RNG early entropy source...[0m
[0;32mI (567) cpu_start: Multicore app[0m
[0;32mI (568) cpu_start: Pro cpu up.[0m
[0;32mI (568) cpu_start: Starting app cpu, entry point is 0x40081474[0m
[0;32mI (554) cpu_start: App cpu up.[0m
[0;32mI (586) cpu_start: Pro cpu start user code[0m
[0;32mI (586) cpu_start: cpu freq: 160000000 Hz[0m
[0;32mI (586) cpu_start: Application information:[0m
[0;32mI (591) cpu_start: Project name:     server-test[0m
[0;32mI (596) cpu_start: App version:      3b93bc3-dirty[0m
[0;32mI (601) cpu_start: Compile time:     Aug 10 2023 18:56:56[0m
[0;32mI (608) cpu_start: ELF file SHA256:  c904b4425e0c4ad5...[0m
[0;32mI (614) cpu_start: ESP-IDF:          v5.1-dirty[0m
[0;32mI (619) cpu_start: Min chip rev:     v0.0[0m
[0;32mI (623) cpu_start: Max chip rev:     v3.99 [0m
[0;32mI (628) cpu_start: Chip rev:         v3.0[0m
[0;32mI (633) heap_init: Initializing. RAM available for dynamic allocation:[0m
[0;32mI (640) heap_init: At 3FFAE6E0 len 00001920 (6 KiB): DRAM[0m
[0;32mI (646) heap_init: At 3FFB8E08 len 000271F8 (156 KiB): DRAM[0m
[0;32mI (652) heap_init: At 3FFE0440 len 00003AE0 (14 KiB): D/IRAM[0m
[0;32mI (659) heap_init: At 3FFE4350 len 0001BCB0 (111 KiB): D/IRAM[0m
[0;32mI (665) heap_init: At 400968B0 len 00009750 (37 KiB): IRAM[0m
[0;32mI (673) spi_flash: detected chip: generic[0m
[0;32mI (676) spi_flash: flash io: dio[0m
[0;33mW (680) spi_flash: Detected size(4096k) larger than the size in the binary image header(2048k). Using the size in the binary image header.[0m
[0;32mI (694) app_start: Starting scheduler on CPU0[0m
[0;32mI (698) app_start: Starting scheduler on CPU1[0m
[0;32mI (698) main_task: Started on CPU0[0m
[0;32mI (708) main_task: Calling app_main()[0m
I (2748) wifi:wifi driver task: 3ffc0d28, prio:23, stack:6656, core=0
I (2758) wifi:wifi firmware version: b2f1f86
I (2758) wifi:wifi certification version: v7.0
I (2758) wifi:config NVS flash: enabled
I (2758) wifi:config nano formating: disabled
I (2758) wifi:Init data frame dynamic rx buffer num: 32
I (2768) wifi:Init management frame dynamic rx buffer num: 32
I (2768) wifi:Init management short buffer num: 32
I (2778) wifi:Init dynamic tx buffer num: 32
I (2778) wifi:Init static rx buffer size: 1600
I (2778) wifi:Init static rx buffer num: 10
I (2788) wifi:Init dynamic rx buffer num: 32
[0;32mI (2788) wifi_init: rx ba win: 6[0m
[0;32mI (2798) wifi_init: tcpip mbox: 32[0m
[0;32mI (2798) wifi_init: udp mbox: 6[0m
[0;32mI (2798) wifi_init: tcp mbox: 6[0m
[0;32mI (2808) wifi_init: tcp tx win: 5744[0m
[0;32mI (2808) wifi_init: tcp rx win: 5744[0m
[0;32mI (2818) wifi_init: tcp mss: 1440[0m
[0;32mI (2818) wifi_init: WiFi IRAM OP enabled[0m
[0;32mI (2828) wifi_init: WiFi RX IRAM OP enabled[0m
[0;32mI (2838) phy_init: phy_version 4670,719f9f6,Feb 18 2021,17:07:07[0m
I (2938) wifi:mode : softAP (ec:62:60:76:2c:8d)
I (2948) wifi:Total power save buffer number: 16
I (2948) wifi:Init max length of beacon: 752/752
I (2948) wifi:Init max length of beacon: 752/752
[0;32mI (2948) wifi softAP: wifi_init_softap finished. SSID:HIVE2 password:HIVE_PASS channel:6[0m
[0;32mI (2948) esp_netif_lwip: DHCP server started on interface WIFI_AP_DEF with IP: 192.168.4.1[0m
SSD1306 Initialized..
[0;32mI (3208) bmx280: Probing for BMP280/BME280 sensors on I2C 1[0m
[0;33mW (3208) bmx280: Probe failure: address=ec, id=ad, reason=ESP_ERR_TIMEOUT[0m
[0;33mW (3208) bmx280: Probe failure: address=ee, id=ad, reason=ESP_FAIL[0m
[0;31mE (3218) bmx280: Sensor not found.[0m
ESP_ERROR_CHECK failed: esp_err_t 0x1 (ERROR) at 0x400d7e1d
file: "../components/HALX/_barometerEntry.cpp" line 29
func: static void VEHICLE_BARO::init_barometer()
expression: bmx280_init(bmx280)

abort() was called at PC 0x40089e7f on core 0


Backtrace: 0x40081aca:0x3ffbaf90 0x40089e89:0x3ffbafb0 0x40090f0e:0x3ffbafd0 0x40089e7f:0x3ffbb040 0x400d7e1d:0x3ffbb070 0x400d685b:0x3ffbb0c0 0x401865db:0x3ffbb100 0x4008c869:0x3ffbb130




ELF file SHA256: c904b4425e0c4ad5

Rebooting...
ets Jul 29 2019 12:21:46

rst:0xc (SW_CPU_RESET),boot:0x13 (SPI_FAST_FLASH_BOOT)
configsip: 0, SPIWP:0xee
clk_drv:0x00,q_drv:0x00,d_drv:0x00,cs0_drv:0x00,hd_drv:0x00,wp_drv:0x00
mode:DIO, clock div:2
load:0x3fff0030,len:7084
ho 0 tail 12 room 4
load:0x40078000,len:15576
ho 0 tail 12 room 4
load:0x40080400,len:4
load:0x40080404,len:3876
entry 0x4008064c
[0;32mI (32) boot: ESP-IDF v5.1-dirty 2nd stage bootloader[0m
[0;32mI (33) boot: compile time Jul 31 2023 23:59:43[0m
[0;32mI (33) boot: Multicore bootloader[0m
[0;32mI (37) boot: chip revision: v3.0[0m
[0;32mI (41) boot.esp32: SPI Speed      : 40MHz[0m
[0;32mI (46) boot.esp32: SPI Mode       : DIO[0m
[0;32mI (50) boot.esp32: SPI Flash Size : 2MB[0m
[0;32mI (55) boot: Enabling RNG early entropy source...[0m
[0;32mI (60) boot: Partition Table:[0m
[0;32mI (64) boot: ## Label            Usage          Type ST Offset   Length[0m
[0;32mI (71) boot:  0 nvs              WiFi data        01 02 00009000 00006000[0m
[0;32mI (79) boot:  1 phy_init         RF data          01 01 0000f000 00001000[0m
[0;32mI (86) boot:  2 factory          factory app      00 00 00010000 00177000[0m
[0;32mI (94) boot: End of partition table[0m
[0;32mI (98) esp_image: segment 0: paddr=00010020 vaddr=3f400020 size=4c6f0h (313072) map[0m
[0;32mI (219) esp_image: segment 1: paddr=0005c718 vaddr=3ffb0000 size=03840h ( 14400) load[0m
[0;32mI (225) esp_image: segment 2: paddr=0005ff60 vaddr=40080000 size=000b8h (   184) load[0m
[0;32mI (226) esp_image: segment 3: paddr=00060020 vaddr=400d0020 size=b8414h (754708) map[0m
[0;32mI (506) esp_image: segment 4: paddr=0011843c vaddr=400800b8 size=167f8h ( 92152) load[0m
[0;32mI (556) boot: Loaded app from partition at offset 0x10000[0m
[0;32mI (556) boot: Disabling RNG early entropy source...[0m
[0;32mI (567) cpu_start: Multicore app[0m
[0;32mI (568) cpu_start: Pro cpu up.[0m
[0;32mI (568) cpu_start: Starting app cpu, entry point is 0x40081474[0m
[0;32mI (554) cpu_start: App cpu up.[0m
[0;32mI (586) cpu_start: Pro cpu start user code[0m
[0;32mI (586) cpu_start: cpu freq: 160000000 Hz[0m
[0;32mI (586) cpu_start: Application information:[0m
[0;32mI (591) cpu_start: Project name:     server-test[0m
[0;32mI (596) cpu_start: App version:      3b93bc3-dirty[0m
[0;32mI (601) cpu_start: Compile time:     Aug 10 2023 18:56:56[0m
[0;32mI (608) cpu_start: ELF file SHA256:  c904b4425e0c4ad5...[0m
[0;32mI (614) cpu_start: ESP-IDF:          v5.1-dirty[0m
[0;32mI (619) cpu_start: Min chip rev:     v0.0[0m
[0;32mI (623) cpu_start: Max chip rev:     v3.99 [0m
[0;32mI (628) cpu_start: Chip rev:         v3.0[0m
[0;32mI (633) heap_init: Initializing. RAM available for dynamic allocation:[0m
[0;32mI (640) heap_init: At 3FFAE6E0 len 00001920 (6 KiB): DRAM[0m
[0;32mI (646) heap_init: At 3FFB8E08 len 000271F8 (156 KiB): DRAM[0m
[0;32mI (652) heap_init: At 3FFE0440 len 00003AE0 (14 KiB): D/IRAM[0m
[0;32mI (659) heap_init: At 3FFE4350 len 0001BCB0 (111 KiB): D/IRAM[0m
[0;32mI (665) heap_init: At 400968B0 len 00009750 (37 KiB): IRAM[0m
[0;32mI (673) spi_flash: detected chip: generic[0m
[0;32mI (676) spi_flash: flash io: dio[0m
[0;33mW (680) spi_flash: Detected size(4096k) larger than the size in the binary image header(2048k). Using the size in the binary image header.[0m
[0;32mI (694) app_start: Starting scheduler on CPU0[0m
[0;32mI (698) app_start: Starting scheduler on CPU1[0m
[0;32mI (698) main_task: Started on CPU0[0m
[0;32mI (708) main_task: Calling app_main()[0m
I (2748) wifi:wifi driver task: 3ffc0d28, prio:23, stack:6656, core=0
I (2758) wifi:wifi firmware version: b2f1f86
I (2758) wifi:wifi certification version: v7.0
I (2758) wifi:config NVS flash: enabled
I (2758) wifi:config nano formating: disabled
I (2758) wifi:Init data frame dynamic rx buffer num: 32
I (2768) wifi:Init management frame dynamic rx buffer num: 32
I (2768) wifi:Init management short buffer num: 32
I (2778) wifi:Init dynamic tx buffer num: 32
I (2778) wifi:Init static rx buffer size: 1600
I (2778) wifi:Init static rx buffer num: 10
I (2788) wifi:Init dynamic rx buffer num: 32
[0;32mI (2788) wifi_init: rx ba win: 6[0m
[0;32mI (2798) wifi_init: tcpip mbox: 32[0m
[0;32mI (2798) wifi_init: udp mbox: 6[0m
[0;32mI (2798) wifi_init: tcp mbox: 6[0m
[0;32mI (2808) wifi_init: tcp tx win: 5744[0m
[0;32mI (2808) wifi_init: tcp rx win: 5744[0m
[0;32mI (2818) wifi_init: tcp mss: 1440[0m
[0;32mI (2818) wifi_init: WiFi IRAM OP enabled[0m
[0;32mI (2828) wifi_init: WiFi RX IRAM OP enabled[0m
[0;32mI (2838) phy_init: phy_version 4670,719f9f6,Feb 18 2021,17:07:07[0m
I (2938) wifi:mode : softAP (ec:62:60:76:2c:8d)
I (2938) wifi:Total power save buffer number: 16
I (2938) wifi:Init max length of beacon: 752/752
I (2948) wifi:Init max length of beacon: 752/752
[0;32mI (2948) wifi softAP: wifi_init_softap finished. SSID:HIVE2 password:HIVE_PASS channel:6[0m
[0;32mI (2948) esp_netif_lwip: DHCP server started on interface WIFI_AP_DEF with IP: 192.168.4.1[0m
SSD1306 Initialized..
[0;32mI (3208) bmx280: Probing for BMP280/BME280 sensors on I2C 1[0m
[0;33mW (8208) bmx280: Probe failure: address=ec, id=ad, reason=ESP_ERR_TIMEOUT[0m
[0;33mW (8208) bmx280: Probe failure: address=ee, id=ad, reason=ESP_ERR_TIMEOUT[0m
[0;31mE (8208) bmx280: Sensor not found.[0m
ESP_ERROR_CHECK failed: esp_err_t 0x1 (ERROR) at 0x400d7e1d
file: "../components/HALX/_barometerEntry.cpp" line 29
func: static void VEHICLE_BARO::init_barometer()
expression: bmx280_init(bmx280)

abort() was called at PC 0x40089e7f on core 0


Backtrace: 0x40081aca:0x3ffbaf90 0x40089e89:0x3ffbafb0 0x40090f0e:0x3ffbafd0 0x40089e7f:0x3ffbb040 0x400d7e1d:0x3ffbb070 0x400d685b:0x3ffbb0c0 0x401865db:0x3ffbb100 0x4008c869:0x3ffbb130




ELF file SHA256: c904b4425e0c4ad5

Rebooting...
ets Jul 29 2019 12:21:46

rst:0xc (SW_CPU_RESET),boot:0x13 (SPI_FAST_FLASH_BOOT)
configsip: 0, SPIWP:0xee
clk_drv:0x00,q_drv:0x00,d_drv:0x00,cs0_drv:0x00,hd_drv:0x00,wp_drv:0x00
mode:DIO, clock div:2
load:0x3fff0030,len:7084
ho 0 tail 12 room 4
load:0x40078000,len:15576
ho 0 tail 12 room 4
load:0x40080400,len:4
load:0x40080404,len:3876
entry 0x4008064c
[0;32mI (32) boot: ESP-IDF v5.1-dirty 2nd stage bootloader[0m
[0;32mI (33) boot: compile time Jul 31 2023 23:59:43[0m
[0;32mI (33) boot: Multicore bootloader[0m
[0;32mI (37) boot: chip revision: v3.0[0m
[0;32mI (41) boot.esp32: SPI Speed      : 40MHz[0m
[0;32mI (46) boot.esp32: SPI Mode       : DIO[0m
[0;32mI (50) boot.esp32: SPI Flash Size : 2MB[0m
[0;32mI (55) boot: Enabling RNG early entropy source...[0m
[0;32mI (60) boot: Partition Table:[0m
[0;32mI (64) boot: ## Label            Usage          Type ST Offset   Length[0m
[0;32mI (71) boot:  0 nvs              WiFi data        01 02 00009000 00006000[0m
[0;32mI (79) boot:  1 phy_init         RF data          01 01 0000f000 00001000[0m
[0;32mI (86) boot:  2 factory          factory app      00 00 00010000 00177000[0m
[0;32mI (94) boot: End of partition table[0m
[0;32mI (98) esp_image: segment 0: paddr=00010020 vaddr=3f400020 size=4c6f0h (313072) map[0m
[0;32mI (219) esp_image: segment 1: paddr=0005c718 vaddr=3ffb0000 size=03840h ( 14400) load[0m
[0;32mI (225) esp_image: segment 2: paddr=0005ff60 vaddr=40080000 size=000b8h (   184) load[0m
[0;32mI (226) esp_image: segment 3: paddr=00060020 vaddr=400d0020 size=b8414h (754708) map[0m
[0;32mI (506) esp_image: segment 4: paddr=0011843c vaddr=400800b8 size=167f8h ( 92152) load[0m
[0;32mI (556) boot: Loaded app from partition at offset 0x10000[0m
[0;32mI (556) boot: Disabling RNG early entropy source...[0m
[0;32mI (567) cpu_start: Multicore app[0m
[0;32mI (568) cpu_start: Pro cpu up.[0m
[0;32mI (568) cpu_start: Starting app cpu, entry point is 0x40081474[0m
[0;32mI (554) cpu_start: App cpu up.[0m
[0;32mI (586) cpu_start: Pro cpu start user code[0m
[0;32mI (586) cpu_start: cpu freq: 160000000 Hz[0m
[0;32mI (586) cpu_start: Application information:[0m
[0;32mI (591) cpu_start: Project name:     server-test[0m
[0;32mI (596) cpu_start: App version:      3b93bc3-dirty[0m
[0;32mI (601) cpu_start: Compile time:     Aug 10 2023 18:56:56[0m
[0;32mI (608) cpu_start: ELF file SHA256:  c904b4425e0c4ad5...[0m
[0;32mI (614) cpu_start: ESP-IDF:          v5.1-dirty[0m
[0;32mI (619) cpu_start: Min chip rev:     v0.0[0m
[0;32mI (623) cpu_start: Max chip rev:     v3.99 [0m
[0;32mI (628) cpu_start: Chip rev:         v3.0[0m
[0;32mI (633) heap_init: Initializing. RAM available for dynamic allocation:[0m
[0;32mI (640) heap_init: At 3FFAE6E0 len 00001920 (6 KiB): DRAM[0m
[0;32mI (646) heap_init: At 3FFB8E08 len 000271F8 (156 KiB): DRAM[0m
[0;32mI (652) heap_init: At 3FFE0440 len 00003AE0 (14 KiB): D/IRAM[0m
[0;32mI (659) heap_init: At 3FFE4350 len 0001BCB0 (111 KiB): D/IRAM[0m
[0;32mI (665) heap_init: At 400968B0 len 00009750 (37 KiB): IRAM[0m
[0;32mI (673) spi_flash: detected chip: generic[0m
[0;32mI (676) spi_flash: flash io: dio[0m
[0;33mW (680) spi_flash: Detected size(4096k) larger than the size in the binary image header(2048k). Using the size in the binary image header.[0m
[0;32mI (694) app_start: Starting scheduler on CPU0[0m
[0;32mI (698) app_start: Starting scheduler on CPU1[0m
[0;32mI (698) main_task: Started on CPU0[0m
[0;32mI (708) main_task: Calling app_main()[0m
I (2748) wifi:wifi driver task: 3ffc0d28, prio:23, stack:6656, core=0
I (2758) wifi:wifi firmware version: b2f1f86
I (2758) wifi:wifi certification version: v7.0
I (2758) wifi:config NVS flash: enabled
I (2758) wifi:config nano formating: disabled
I (2758) wifi:Init data frame dynamic rx buffer num: 32
I (2768) wifi:Init management frame dynamic rx buffer num: 32
I (2768) wifi:Init management short buffer num: 32
I (2778) wifi:Init dynamic tx buffer num: 32
I (2778) wifi:Init static rx buffer size: 1600
I (2778) wifi:Init static rx buffer num: 10
I (2788) wifi:Init dynamic rx buffer num: 32
[0;32mI (2788) wifi_init: rx ba win: 6[0m
[0;32mI (2798) wifi_init: tcpip mbox: 32[0m
[0;32mI (2798) wifi_init: udp mbox: 6[0m
[0;32mI (2798) wifi_init: tcp mbox: 6[0m
[0;32mI (2808) wifi_init: tcp tx win: 5744[0m
[0;32mI (2808) wifi_init: tcp rx win: 5744[0m
[0;32mI (2818) wifi_init: tcp mss: 1440[0m
[0;32mI (2818) wifi_init: WiFi IRAM OP enabled[0m
[0;32mI (2828) wifi_init: WiFi RX IRAM OP enabled[0m
[0;32mI (2838) phy_init: phy_version 4670,719f9f6,Feb 18 2021,17:07:07[0m
I (2948) wifi:mode : softAP (ec:62:60:76:2c:8d)
I (2948) wifi:Total power save buffer number: 16
I (2948) wifi:Init max length of beacon: 752/752
I (2948) wifi:Init max length of beacon: 752/752
[0;32mI (2958) wifi softAP: wifi_init_softap finished. SSID:HIVE2 password:HIVE_PASS channel:6[0m
[0;32mI (2958) esp_netif_lwip: DHCP server started on interface WIFI_AP_DEF with IP: 192.168.4.1[0m
SSD1306 Initialized..
[0;32mI (3218) bmx280: Probing for BMP280/BME280 sensors on I2C 1[0m
[0;33mW (8218) bmx280: Probe failure: address=ec, id=ad, reason=ESP_ERR_TIMEOUT[0m
[0;33mW (8218) bmx280: Probe failure: address=ee, id=ad, reason=ESP_ERR_TIMEOUT[0m
[0;31mE (8218) bmx280: Sensor not found.[0m
ESP_ERROR_CHECK failed: esp_err_t 0x1 (ERROR) at 0x400d7e1d
file: "../components/HALX/_barometerEntry.cpp" line 29
func: static void VEHICLE_BARO::init_barometer()
expression: bmx280_init(bmx280)

abort() was called at PC 0x40089e7f on core 0


Backtrace: 0x40081aca:0x3ffbaf90 0x40089e89:0x3ffbafb0 0x40090f0e:0x3ffbafd0 0x40089e7f:0x3ffbb040 0x400d7e1d:0x3ffbb070 0x400d685b:0x3ffbb0c0 0x401865db:0x3ffbb100 0x4008c869:0x3ffbb130




ELF file SHA256: c904b4425e0c4ad5

Rebooting...
ets Jul 29 2019 12:21:46

rst:0xc (SW_CPU_RESET),boot:0x13 (SPI_FAST_FLASH_BOOT)
configsip: 0, SPIWP:0xee
clk_drv:0x00,q_drv:0x00,d_drv:0x00,cs0_drv:0x00,hd_drv:0x00,wp_drv:0x00
mode:DIO, clock div:2
load:0x3fff0030,len:7084
ho 0 tail 12 room 4
load:0x40078000,len:15576
ho 0 tail 12 room 4
load:0x40080400,len:4
load:0x40080404,len:3876
entry 0x4008064c
[0;32mI (32) boot: ESP-IDF v5.1-dirty 2nd stage bootloader[0m
[0;32mI (33) boot: compile time Jul 31 2023 23:59:43[0m
[0;32mI (33) boot: Multicore bootloader[0m
[0;32mI (37) boot: chip revision: v3.0[0m
[0;32mI (41) boot.esp32: SPI Speed      : 40MHz[0m
[0;32mI (46) boot.esp32: SPI Mode       : DIO[0m
[0;32mI (50) boot.esp32: SPI Flash Size : 2MB[0m
[0;32mI (55) boot: Enabling RNG early entropy source...[0m
[0;32mI (60) boot: Partition Table:[0m
[0;32mI (64) boot: ## Label            Usage          Type ST Offset   Length[0m
[0;32mI (71) boot:  0 nvs              WiFi data        01 02 00009000 00006000[0m
[0;32mI (79) boot:  1 phy_init         RF data          01 01 0000f000 00001000[0m
[0;32mI (86) boot:  2 factory          factory app      00 00 00010000 00177000[0m
[0;32mI (94) boot: End of partition table[0m
[0;32mI (98) esp_image: segment 0: paddr=00010020 vaddr=3f400020 size=4c6f0h (313072) map[0m
[0;32mI (219) esp_image: segment 1: paddr=0005c718 vaddr=3ffb0000 size=03840h ( 14400) load[0m
[0;32mI (225) esp_image: segment 2: paddr=0005ff60 vaddr=40080000 size=000b8h (   184) load[0m
[0;32mI (226) esp_image: segment 3: paddr=00060020 vaddr=400d0020 size=b8414h (754708) map[0m
[0;32mI (506) esp_image: segment 4: paddr=0011843c vaddr=400800b8 size=167f8h ( 92152) load[0m
[0;32mI (556) boot: Loaded app from partition at offset 0x10000[0m
[0;32mI (556) boot: Disabling RNG early entropy source...[0m
[0;32mI (567) cpu_start: Multicore app[0m
[0;32mI (568) cpu_start: Pro cpu up.[0m
[0;32mI (568) cpu_start: Starting app cpu, entry point is 0x40081474[0m
[0;32mI (554) cpu_start: App cpu up.[0m
[0;32mI (586) cpu_start: Pro cpu start user code[0m
[0;32mI (586) cpu_start: cpu freq: 160000000 Hz[0m
[0;32mI (586) cpu_start: Application information:[0m
[0;32mI (591) cpu_start: Project name:     server-test[0m
[0;32mI (596) cpu_start: App version:      3b93bc3-dirty[0m
[0;32mI (601) cpu_start: Compile time:     Aug 10 2023 18:56:56[0m
[0;32mI (608) cpu_start: ELF file SHA256:  c904b4425e0c4ad5...[0m
[0;32mI (614) cpu_start: ESP-IDF:          v5.1-dirty[0m
[0;32mI (619) cpu_start: Min chip rev:     v0.0[0m
[0;32mI (623) cpu_start: Max chip rev:     v3.99 [0m
[0;32mI (628) cpu_start: Chip rev:         v3.0[0m
[0;32mI (633) heap_init: Initializing. RAM available for dynamic allocation:[0m
[0;32mI (640) heap_init: At 3FFAE6E0 len 00001920 (6 KiB): DRAM[0m
[0;32mI (646) heap_init: At 3FFB8E08 len 000271F8 (156 KiB): DRAM[0m
[0;32mI (652) heap_init: At 3FFE0440 len 00003AE0 (14 KiB): D/IRAM[0m
[0;32mI (659) heap_init: At 3FFE4350 len 0001BCB0 (111 KiB): D/IRAM[0m
[0;32mI (665) heap_init: At 400968B0 len 00009750 (37 KiB): IRAM[0m
[0;32mI (673) spi_flash: detected chip: generic[0m
[0;32mI (676) spi_flash: flash io: dio[0m
[0;33mW (680) spi_flash: Detected size(4096k) larger than the size in the binary image header(2048k). Using the size in the binary image header.[0m
[0;32mI (694) app_start: Starting scheduler on CPU0[0m
[0;32mI (698) app_start: Starting scheduler on CPU1[0m
[0;32mI (698) main_task: Started on CPU0[0m
[0;32mI (708) main_task: Calling app_main()[0m
I (2748) wifi:wifi driver task: 3ffc0d28, prio:23, stack:6656, core=0
I (2758) wifi:wifi firmware version: b2f1f86
I (2758) wifi:wifi certification version: v7.0
I (2758) wifi:config NVS flash: enabled
I (2758) wifi:config nano formating: disabled
I (2758) wifi:Init data frame dynamic rx buffer num: 32
I (2768) wifi:Init management frame dynamic rx buffer num: 32
I (2768) wifi:Init management short buffer num: 32
I (2778) wifi:Init dynamic tx buffer num: 32
I (2778) wifi:Init static rx buffer size: 1600
I (2778) wifi:Init static rx buffer num: 10
I (2788) wifi:Init dynamic rx buffer num: 32
[0;32mI (2788) wifi_init: rx ba win: 6[0m
[0;32mI (2798) wifi_init: tcpip mbox: 32[0m
[0;32mI (2798) wifi_init: udp mbox: 6[0m
[0;32mI (2798) wifi_init: tcp mbox: 6[0m
[0;32mI (2808) wifi_init: tcp tx win: 5744[0m
[0;32mI (2808) wifi_init: tcp rx win: 5744[0m
[0;32mI (2818) wifi_init: tcp mss: 1440[0m
[0;32mI (2818) wifi_init: WiFi IRAM OP enabled[0m
[0;32mI (2828) wifi_init: WiFi RX IRAM OP enabled[0m
[0;32mI (2838) phy_init: phy_version 4670,719f9f6,Feb 18 2021,17:07:07[0m
I (2938) wifi:mode : softAP (ec:62:60:76:2c:8d)
I (2948) wifi:Total power save buffer number: 16
I (2948) wifi:Init max length of beacon: 752/752
I (2948) wifi:Init max length of beacon: 752/752
[0;32mI (2948) wifi softAP: wifi_init_softap finished. SSID:HIVE2 password:HIVE_PASS channel:6[0m
[0;32mI (2948) esp_netif_lwip: DHCP server started on interface WIFI_AP_DEF with IP: 192.168.4.1[0m
SSD1306 Initialized..
[0;32mI (3208) bmx280: Probing for BMP280/BME280 sensors on I2C 1[0m
[0;33mW (8208) bmx280: Probe failure: address=ec, id=ad, reason=ESP_ERR_TIMEOUT[0m
[0;33mW (13208) bmx280: Probe failure: address=ee, id=ad, reason=ESP_ERR_TIMEOUT[0m
[0;31mE (13208) bmx280: Sensor not found.[0m
ESP_ERROR_CHECK failed: esp_err_t 0x1 (ERROR) at 0x400d7e1d
file: "../components/HALX/_barometerEntry.cpp" line 29
func: static void VEHICLE_BARO::init_barometer()
expression: bmx280_init(bmx280)

abort() was called at PC 0x40089e7f on core 0


Backtrace: 0x40081aca:0x3ffbaf90 0x40089e89:0x3ffbafb0 0x40090f0e:0x3ffbafd0 0x40089e7f:0x3ffbb040 0x400d7e1d:0x3ffbb070 0x400d685b:0x3ffbb0c0 0x401865db:0x3ffbb100 0x4008c869:0x3ffbb130




ELF file SHA256: c904b4425e0c4ad5

Rebooting...
ets Jul 29 2019 12:21:46

rst:0xc (SW_CPU_RESET),boot:0x13 (SPI_FAST_FLASH_BOOT)
configsip: 0, SPIWP:0xee
clk_drv:0x00,q_drv:0x00,d_drv:0x00,cs0_drv:0x00,hd_drv:0x00,wp_drv:0x00
mode:DIO, clock div:2
load:0x3fff0030,len:7084
ho 0 tail 12 room 4
load:0x40078000,len:15576
ho 0 tail 12 room 4
load:0x40080400,len:4
load:0x40080404,len:3876
entry 0x4008064c
[0;32mI (32) boot: ESP-IDF v5.1-dirty 2nd stage bootloader[0m
[0;32mI (33) boot: compile time Jul 31 2023 23:59:43[0m
[0;32mI (33) boot: Multicore bootloader[0m
[0;32mI (37) boot: chip revision: v3.0[0m
[0;32mI (41) boot.esp32: SPI Speed      : 40MHz[0m
[0;32mI (46) boot.esp32: SPI Mode       : DIO[0m
[0;32mI (50) boot.esp32: SPI Flash Size : 2MB[0m
[0;32mI (55) boot: Enabling RNG early entropy source...[0m
[0;32mI (60) boot: Partition Table:[0m
[0;32mI (64) boot: ## Label            Usage          Type ST Offset   Length[0m
[0;32mI (71) boot:  0 nvs              WiFi data        01 02 00009000 00006000[0m
[0;32mI (79) boot:  1 phy_init         RF data          01 01 0000f000 00001000[0m
[0;32mI (86) boot:  2 factory          factory app      00 00 00010000 00177000[0m
[0;32mI (94) boot: End of partition table[0m
[0;32mI (98) esp_image: segment 0: paddr=00010020 vaddr=3f400020 size=4c6f0h (313072) map[0m
[0;32mI (219) esp_image: segment 1: paddr=0005c718 vaddr=3ffb0000 size=03840h ( 14400) load[0m
[0;32mI (225) esp_image: segment 2: paddr=0005ff60 vaddr=40080000 size=000b8h (   184) load[0m
[0;32mI (226) esp_image: segment 3: paddr=00060020 vaddr=400d0020 size=b8414h (754708) map[0m
[0;32mI (506) esp_image: segment 4: paddr=0011843c vaddr=400800b8 size=167f8h ( 92152) load[0m
[0;32mI (556) boot: Loaded app from partition at offset 0x10000[0m
[0;32mI (556) boot: Disabling RNG early entropy source...[0m
[0;32mI (567) cpu_start: Multicore app[0m
[0;32mI (568) cpu_start: Pro cpu up.[0m
[0;32mI (568) cpu_start: Starting app cpu, entry point is 0x40081474[0m
[0;32mI (554) cpu_start: App cpu up.[0m
[0;32mI (586) cpu_start: Pro cpu start user code[0m
[0;32mI (586) cpu_start: cpu freq: 160000000 Hz[0m
[0;32mI (586) cpu_start: Application information:[0m
[0;32mI (591) cpu_start: Project name:     server-test[0m
[0;32mI (596) cpu_start: App version:      3b93bc3-dirty[0m
[0;32mI (601) cpu_start: Compile time:     Aug 10 2023 18:56:56[0m
[0;32mI (608) cpu_start: ELF file SHA256:  c904b4425e0c4ad5...[0m
[0;32mI (614) cpu_start: ESP-IDF:          v5.1-dirty[0m
[0;32mI (619) cpu_start: Min chip rev:     v0.0[0m
[0;32mI (623) cpu_start: Max chip rev:     v3.99 [0m
[0;32mI (628) cpu_start: Chip rev:         v3.0[0m
[0;32mI (633) heap_init: Initializing. RAM available for dynamic allocation:[0m
[0;32mI (640) heap_init: At 3FFAE6E0 len 00001920 (6 KiB): DRAM[0m
[0;32mI (646) heap_init: At 3FFB8E08 len 000271F8 (156 KiB): DRAM[0m
[0;32mI (652) heap_init: At 3FFE0440 len 00003AE0 (14 KiB): D/IRAM[0m
[0;32mI (659) heap_init: At 3FFE4350 len 0001BCB0 (111 KiB): D/IRAM[0m
[0;32mI (665) heap_init: At 400968B0 len 00009750 (37 KiB): IRAM[0m
[0;32mI (673) spi_flash: detected chip: generic[0m
[0;32mI (676) spi_flash: flash io: dio[0m
[0;33mW (680) spi_flash: Detected size(4096k) larger than the size in the binary image header(2048k). Using the size in the binary image header.[0m
[0;32mI (694) app_start: Starting scheduler on CPU0[0m
[0;32mI (698) app_start: Starting scheduler on CPU1[0m
[0;32mI (698) main_task: Started on CPU0[0m
[0;32mI (708) main_task: Calling app_main()[0m
I (2748) wifi:wifi driver task: 3ffc0d28, prio:23, stack:6656, core=0
I (2758) wifi:wifi firmware version: b2f1f86
I (2758) wifi:wifi certification version: v7.0
I (2758) wifi:config NVS flash: enabled
I (2758) wifi:config nano formating: disabled
I (2758) wifi:Init data frame dynamic rx buffer num: 32
I (2768) wifi:Init management frame dynamic rx buffer num: 32
I (2768) wifi:Init management short buffer num: 32
I (2778) wifi:Init dynamic tx buffer num: 32
I (2778) wifi:Init static rx buffer size: 1600
I (2778) wifi:Init static rx buffer num: 10
I (2788) wifi:Init dynamic rx buffer num: 32
[0;32mI (2788) wifi_init: rx ba win: 6[0m
[0;32mI (2798) wifi_init: tcpip mbox: 32[0m
[0;32mI (2798) wifi_init: udp mbox: 6[0m
[0;32mI (2798) wifi_init: tcp mbox: 6[0m
[0;32mI (2808) wifi_init: tcp tx win: 5744[0m
[0;32mI (2808) wifi_init: tcp rx win: 5744[0m
[0;32mI (2818) wifi_init: tcp mss: 1440[0m
[0;32mI (2818) wifi_init: WiFi IRAM OP enabled[0m
[0;32mI (2828) wifi_init: WiFi RX IRAM OP enabled[0m
[0;32mI (2838) phy_init: phy_version 4670,719f9f6,Feb 18 2021,17:07:07[0m
I (2938) wifi:mode : softAP (ec:62:60:76:2c:8d)
I (2948) wifi:Total power save buffer number: 16
I (2948) wifi:Init max length of beacon: 752/752
I (2948) wifi:Init max length of beacon: 752/752
[0;32mI (2948) wifi softAP: wifi_init_softap finished. SSID:HIVE2 password:HIVE_PASS channel:6[0m
[0;32mI (2948) esp_netif_lwip: DHCP server started on interface WIFI_AP_DEF with IP: 192.168.4.1[0m
SSD1306 Initialized..
[0;32mI (3208) bmx280: Probing for BMP280/BME280 sensors on I2C 1[0m
[0;33mW (8208) bmx280: Probe failure: address=ec, id=ad, reason=ESP_ERR_TIMEOUT[0m
[0;33mW (13208) bmx280: Probe failure: address=ee, id=ad, reason=ESP_ERR_TIMEOUT[0m
[0;31mE (13208) bmx280: Sensor not found.[0m
ESP_ERROR_CHECK failed: esp_err_t 0x1 (ERROR) at 0x400d7e1d
file: "../components/HALX/_barometerEntry.cpp" line 29
func: static void VEHICLE_BARO::init_barometer()
expression: bmx280_init(bmx280)

abort() was called at PC 0x40089e7f on core 0


Backtrace: 0x40081aca:0x3ffbaf90 0x40089e89:0x3ffbafb0 0x40090f0e:0x3ffbafd0 0x40089e7f:0x3ffbb040 0x400d7e1d:0x3ffbb070 0x400d685b:0x3ffbb0c0 0x401865db:0x3ffbb100 0x4008c869:0x3ffbb130




ELF file SHA256: c904b4425e0c4ad5

Rebooting...
ets Jul 29 2019 12:21:46

rst:0xc (SW_CPU_RESET),boot:0x13 (SPI_FAST_FLASH_BOOT)
configsip: 0, SPIWP:0xee
clk_drv:0x00,q_drv:0x00,d_drv:0x00,cs0_drv:0x00,hd_drv:0x00,wp_drv:0x00
mode:DIO, clock div:2
load:0x3fff0030,len:7084
ho 0 tail 12 room 4
load:0x40078000,len:15576
ho 0 tail 12 room 4
load:0x40080400,len:4
load:0x40080404,len:3876
entry 0x4008064c
[0;32mI (32) boot: ESP-IDF v5.1-dirty 2nd stage bootloader[0m
[0;32mI (33) boot: compile time Jul 31 2023 23:59:43[0m
[0;32mI (33) boot: Multicore bootloader[0m
[0;32mI (37) boot: chip revision: v3.0[0m
[0;32mI (41) boot.esp32: SPI Speed      : 40MHz[0m
[0;32mI (46) boot.esp32: SPI Mode       : DIO[0m
[0;32mI (50) boot.esp32: SPI Flash Size : 2MB[0m
[0;32mI (55) boot: Enabling RNG early entropy source...[0m
[0;32mI (60) boot: Partition Table:[0m
[0;32mI (64) boot: ## Label            Usage          Type ST Offset   Length[0m
[0;32mI (71) boot:  0 nvs              WiFi data        01 02 00009000 00006000[0m
[0;32mI (79) boot:  1 phy_init         RF data          01 01 0000f000 00001000[0m
[0;32mI (86) boot:  2 factory          factory app      00 00 00010000 00177000[0m
[0;32mI (94) boot: End of partition table[0m
[0;32mI (98) esp_image: segment 0: paddr=00010020 vaddr=3f400020 size=4c6f0h (313072) map[0m
[0;32mI (219) esp_image: segment 1: paddr=0005c718 vaddr=3ffb0000 size=03840h ( 14400) load[0m
[0;32mI (225) esp_image: segment 2: paddr=0005ff60 vaddr=40080000 size=000b8h (   184) load[0m
[0;32mI (226) esp_image: segment 3: paddr=00060020 vaddr=400d0020 size=b8414h (754708) map[0m
[0;32mI (506) esp_image: segment 4: paddr=0011843c vaddr=400800b8 size=167f8h ( 92152) load[0m
[0;32mI (556) boot: Loaded app from partition at offset 0x10000[0m
[0;32mI (556) boot: Disabling RNG early entropy source...[0m
[0;32mI (567) cpu_start: Multicore app[0m
[0;32mI (568) cpu_start: Pro cpu up.[0m
[0;32mI (568) cpu_start: Starting app cpu, entry point is 0x40081474[0m
[0;32mI (554) cpu_start: App cpu up.[0m
[0;32mI (586) cpu_start: Pro cpu start user code[0m
[0;32mI (586) cpu_start: cpu freq: 160000000 Hz[0m
[0;32mI (586) cpu_start: Application information:[0m
[0;32mI (591) cpu_start: Project name:     server-test[0m
[0;32mI (596) cpu_start: App version:      3b93bc3-dirty[0m
[0;32mI (601) cpu_start: Compile time:     Aug 10 2023 18:56:56[0m
[0;32mI (608) cpu_start: ELF file SHA256:  c904b4425e0c4ad5...[0m
[0;32mI (613) cpu_start: ESP-IDF:          v5.1-dirty[0m
[0;32mI (619) cpu_start: Min chip rev:     v0.0[0m
[0;32mI (623) cpu_start: Max chip rev:     v3.99 [0m
[0;32mI (628) cpu_start: Chip rev:         v3.0[0m
[0;32mI (633) heap_init: Initializing. RAM available for dynamic allocation:[0m
[0;32mI (640) heap_init: At 3FFAE6E0 len 00001920 (6 KiB): DRAM[0m
[0;32mI (646) heap_init: At 3FFB8E08 len 000271F8 (156 KiB): DRAM[0m
[0;32mI (652) heap_init: At 3FFE0440 len 00003AE0 (14 KiB): D/IRAM[0m
[0;32mI (659) heap_init: At 3FFE4350 len 0001BCB0 (111 KiB): D/IRAM[0m
[0;32mI (665) heap_init: At 400968B0 len 00009750 (37 KiB): IRAM[0m
[0;32mI (673) spi_flash: detected chip: generic[0m
[0;32mI (676) spi_flash: flash io: dio[0m
[0;33mW (680) spi_flash: Detected size(4096k) larger than the size in the binary image header(2048k). Using the size in the binary image header.[0m
[0;32mI (694) app_start: Starting scheduler on CPU0[0m
[0;32mI (698) app_start: Starting scheduler on CPU1[0m
[0;32mI (698) main_task: Started on CPU0[0m
[0;32mI (708) main_task: Calling app_main()[0m
I (2748) wifi:wifi driver task: 3ffc0d28, prio:23, stack:6656, core=0
I (2758) wifi:wifi firmware version: b2f1f86
I (2758) wifi:wifi certification version: v7.0
I (2758) wifi:config NVS flash: enabled
I (2758) wifi:config nano formating: disabled
I (2758) wifi:Init data frame dynamic rx buffer num: 32
I (2768) wifi:Init management frame dynamic rx buffer num: 32
I (2768) wifi:Init management short buffer num: 32
I (2778) wifi:Init dynamic tx buffer num: 32
I (2778) wifi:Init static rx buffer size: 1600
I (2778) wifi:Init static rx buffer num: 10
I (2788) wifi:Init dynamic rx buffer num: 32
[0;32mI (2788) wifi_init: rx ba win: 6[0m
[0;32mI (2798) wifi_init: tcpip mbox: 32[0m
[0;32mI (2798) wifi_init: udp mbox: 6[0m
[0;32mI (2798) wifi_init: tcp mbox: 6[0m
[0;32mI (2808) wifi_init: tcp tx win: 5744[0m
[0;32mI (2808) wifi_init: tcp rx win: 5744[0m
[0;32mI (2818) wifi_init: tcp mss: 1440[0m
[0;32mI (2818) wifi_init: WiFi IRAM OP enabled[0m
[0;32mI (2828) wifi_init: WiFi RX IRAM OP enabled[0m
[0;32mI (2838) phy_init: phy_version 4670,719f9f6,Feb 18 2021,17:07:07[0m
I (2938) wifi:mode : softAP (ec:62:60:76:2c:8d)
I (2948) wifi:Total power save buffer number: 16
I (2948) wifi:Init max length of beacon: 752/752
I (2948) wifi:Init max length of beacon: 752/752
[0;32mI (2948) wifi softAP: wifi_init_softap finished. SSID:HIVE2 password:HIVE_PASS channel:6[0m
[0;32mI (2948) esp_netif_lwip: DHCP server started on interface WIFI_AP_DEF with IP: 192.168.4.1[0m
SSD1306 Initialized..
[0;32mI (3208) bmx280: Probing for BMP280/BME280 sensors on I2C 1[0m
[0;33mW (6518) bmx280: Probe failure: address=ec, id=ad, reason=ESP_ERR_TIMEOUT[0m
[0;33mW (6518) bmx280: Probe failure: address=ee, id=ad, reason=ESP_FAIL[0m
[0;31mE (6518) bmx280: Sensor not found.[0m
ESP_ERROR_CHECK failed: esp_err_t 0x1 (ERROR) at 0x400d7e1d
file: "../components/HALX/_barometerEntry.cpp" line 29
func: static void VEHICLE_BARO::init_barometer()
expression: bmx280_init(bmx280)

abort() was called at PC 0x40089e7f on core 0


Backtrace: 0x40081aca:0x3ffbaf90 0x40089e89:0x3ffbafb0 0x40090f0e:0x3ffbafd0 0x40089e7f:0x3ffbb040 0x400d7e1d:0x3ffbb070 0x400d685b:0x3ffbb0c0 0x401865db:0x3ffbb100 0x4008c869:0x3ffbb130




ELF file SHA256: c904b4425e0c4ad5

Rebooting...
ets Jul 29 2019 12:21:46

rst:0xc (SW_CPU_RESET),boot:0x13 (SPI_FAST_FLASH_BOOT)
configsip: 0, SPIWP:0xee
clk_drv:0x00,q_drv:0x00,d_drv:0x00,cs0_drv:0x00,hd_drv:0x00,wp_drv:0x00
mode:DIO, clock div:2
load:0x3fff0030,len:7084
ho 0 tail 12 room 4
load:0x40078000,len:15576
ho 0 tail 12 room 4
load:0x40080400,len:4
load:0x40080404,len:3876
entry 0x4008064c
[0;32mI (32) boot: ESP-IDF v5.1-dirty 2nd stage bootloader[0m
[0;32mI (33) boot: compile time Jul 31 2023 23:59:43[0m
[0;32mI (33) boot: Multicore bootloader[0m
[0;32mI (37) boot: chip revision: v3.0[0m
[0;32mI (41) boot.esp32: SPI Speed      : 40MHz[0m
[0;32mI (46) boot.esp32: SPI Mode       : DIO[0m
[0;32mI (50) boot.esp32: SPI Flash Size : 2MB[0m
[0;32mI (55) boot: Enabling RNG early entropy source...[0m
[0;32mI (60) boot: Partition Table:[0m
[0;32mI (64) boot: ## Label            Usage          Type ST Offset   Length[0m
[0;32mI (71) boot:  0 nvs              WiFi data        01 02 00009000 00006000[0m
[0;32mI (79) boot:  1 phy_init         RF data          01 01 0000f000 00001000[0m
[0;32mI (86) boot:  2 factory          factory app      00 00 00010000 00177000[0m
[0;32mI (94) boot: End of partition table[0m
[0;32mI (98) esp_image: segment 0: paddr=00010020 vaddr=3f400020 size=4c6f0h (313072) map[0m
[0;32mI (219) esp_image: segment 1: paddr=0005c718 vaddr=3ffb0000 size=03840h ( 14400) load[0m
[0;32mI (225) esp_image: segment 2: paddr=0005ff60 vaddr=40080000 size=000b8h (   184) load[0m
[0;32mI (226) esp_image: segment 3: paddr=00060020 vaddr=400d0020 size=b8414h (754708) map[0m
[0;32mI (506) esp_image: segment 4: paddr=0011843c vaddr=400800b8 size=167f8h ( 92152) load[0m
[0;32mI (556) boot: Loaded app from partition at offset 0x10000[0m
[0;32mI (556) boot: Disabling RNG early entropy source...[0m
[0;32mI (567) cpu_start: Multicore app[0m
[0;32mI (568) cpu_start: Pro cpu up.[0m
[0;32mI (568) cpu_start: Starting app cpu, entry point is 0x40081474[0m
[0;32mI (554) cpu_start: App cpu up.[0m
[0;32mI (586) cpu_start: Pro cpu start user code[0m
[0;32mI (586) cpu_start: cpu freq: 160000000 Hz[0m
[0;32mI (586) cpu_start: Application information:[0m
[0;32mI (591) cpu_start: Project name:     server-test[0m
[0;32mI (596) cpu_start: App version:      3b93bc3-dirty[0m
[0;32mI (601) cpu_start: Compile time:     Aug 10 2023 18:56:56[0m
[0;32mI (608) cpu_start: ELF file SHA256:  c904b4425e0c4ad5...[0m
[0;32mI (614) cpu_start: ESP-IDF:          v5.1-dirty[0m
[0;32mI (619) cpu_start: Min chip rev:     v0.0[0m
[0;32mI (623) cpu_start: Max chip rev:     v3.99 [0m
[0;32mI (628) cpu_start: Chip rev:         v3.0[0m
[0;32mI (633) heap_init: Initializing. RAM available for dynamic allocation:[0m
[0;32mI (640) heap_init: At 3FFAE6E0 len 00001920 (6 KiB): DRAM[0m
[0;32mI (646) heap_init: At 3FFB8E08 len 000271F8 (156 KiB): DRAM[0m
[0;32mI (652) heap_init: At 3FFE0440 len 00003AE0 (14 KiB): D/IRAM[0m
[0;32mI (659) heap_init: At 3FFE4350 len 0001BCB0 (111 KiB): D/IRAM[0m
[0;32mI (665) heap_init: At 400968B0 len 00009750 (37 KiB): IRAM[0m
[0;32mI (673) spi_flash: detected chip: generic[0m
[0;32mI (676) spi_flash: flash io: dio[0m
[0;33mW (680) spi_flash: Detected size(4096k) larger than the size in the binary image header(2048k). Using the size in the binary image header.[0m
[0;32mI (694) app_start: Starting scheduler on CPU0[0m
[0;32mI (698) app_start: Starting scheduler on CPU1[0m
[0;32mI (698) main_task: Started on CPU0[0m
[0;32mI (708) main_task: Calling app_main()[0m
I (2748) wifi:wifi driver task: 3ffc0d28, prio:23, stack:6656, core=0
I (2758) wifi:wifi firmware version: b2f1f86
I (2758) wifi:wifi certification version: v7.0
I (2758) wifi:config NVS flash: enabled
I (2758) wifi:config nano formating: disabled
I (2758) wifi:Init data frame dynamic rx buffer num: 32
I (2768) wifi:Init management frame dynamic rx buffer num: 32
I (2768) wifi:Init management short buffer num: 32
I (2778) wifi:Init dynamic tx buffer num: 32
I (2778) wifi:Init static rx buffer size: 1600
I (2778) wifi:Init static rx buffer num: 10
I (2788) wifi:Init dynamic rx buffer num: 32
[0;32mI (2788) wifi_init: rx ba win: 6[0m
[0;32mI (2798) wifi_init: tcpip mbox: 32[0m
[0;32mI (2798) wifi_init: udp mbox: 6[0m
[0;32mI (2798) wifi_init: tcp mbox: 6[0m
[0;32mI (2808) wifi_init: tcp tx win: 5744[0m
[0;32mI (2808) wifi_init: tcp rx win: 5744[0m
[0;32mI (2818) wifi_init: tcp mss: 1440[0m
[0;32mI (2818) wifi_init: WiFi IRAM OP enabled[0m
[0;32mI (2828) wifi_init: WiFi RX IRAM OP enabled[0m
[0;32mI (2838) phy_init: phy_version 4670,719f9f6,Feb 18 2021,17:07:07[0m
I (2938) wifi:mode : softAP (ec:62:60:76:2c:8d)
I (2948) wifi:Total power save buffer number: 16
I (2948) wifi:Init max length of beacon: 752/752
I (2948) wifi:Init max length of beacon: 752/752
[0;32mI (2948) wifi softAP: wifi_init_softap finished. SSID:HIVE2 password:HIVE_PASS channel:6[0m
[0;32mI (2958) esp_netif_lwip: DHCP server started on interface WIFI_AP_DEF with IP: 192.168.4.1[0m
SSD1306 Initialized..
[0;32mI (3218) bmx280: Probing for BMP280/BME280 sensors on I2C 1[0m
[0;33mW (3218) bmx280: Probe failure: address=ec, id=ad, reason=ESP_ERR_TIMEOUT[0m
[0;33mW (3218) bmx280: Probe failure: address=ee, id=ad, reason=ESP_FAIL[0m
[0;31mE (3228) bmx280: Sensor not found.[0m
ESP_ERROR_CHECK failed: esp_err_t 0x1 (ERROR) at 0x400d7e1d
file: "../components/HALX/_barometerEntry.cpp" line 29
func: static void VEHICLE_BARO::init_barometer()
expression: bmx280_init(bmx280)

abort() was called at PC 0x40089e7f on core 0


Backtrace: 0x40081aca:0x3ffbaf90 0x40089e89:0x3ffbafb0 0x40090f0e:0x3ffbafd0 0x40089e7f:0x3ffbb040 0x400d7e1d:0x3ffbb070 0x400d685b:0x3ffbb0c0 0x401865db:0x3ffbb100 0x4008c869:0x3ffbb130




ELF file SHA256: c904b4425e0c4ad5

Rebooting...
ets Jul 29 2019 12:21:46

rst:0xc (SW_CPU_RESET),boot:0x13 (SPI_FAST_FLASH_BOOT)
configsip: 0, SPIWP:0xee
clk_drv:0x00,q_drv:0x00,d_drv:0x00,cs0_drv:0x00,hd_drv:0x00,wp_drv:0x00
mode:DIO, clock div:2
load:0x3fff0030,len:7084
ho 0 tail 12 room 4
load:0x40078000,len:15576
ho 0 tail 12 room 4
load:0x40080400,len:4
load:0x40080404,len:3876
entry 0x4008064c
[0;32mI (32) boot: ESP-IDF v5.1-dirty 2nd stage bootloader[0m
[0;32mI (33) boot: compile time Jul 31 2023 23:59:43[0m
[0;32mI (33) boot: Multicore bootloader[0m
[0;32mI (37) boot: chip revision: v3.0[0m
[0;32mI (41) boot.esp32: SPI Speed      : 40MHz[0m
[0;32mI (46) boot.esp32: SPI Mode       : DIO[0m
[0;32mI (50) boot.esp32: SPI Flash Size : 2MB[0m
[0;32mI (55) boot: Enabling RNG early entropy source...[0m
[0;32mI (60) boot: Partition Table:[0m
[0;32mI (64) boot: ## Label            Usage          Type ST Offset   Length[0m
[0;32mI (71) boot:  0 nvs              WiFi data        01 02 00009000 00006000[0m
[0;32mI (79) boot:  1 phy_init         RF data          01 01 0000f000 00001000[0m
[0;32mI (86) boot:  2 factory          factory app      00 00 00010000 00177000[0m
[0;32mI (94) boot: End of partition table[0m
[0;32mI (98) esp_image: segment 0: paddr=00010020 vaddr=3f400020 size=4c6f0h (313072) map[0m
[0;32mI (219) esp_image: segment 1: paddr=0005c718 vaddr=3ffb0000 size=03840h ( 14400) load[0m
[0;32mI (225) esp_image: segment 2: paddr=0005ff60 vaddr=40080000 size=000b8h (   184) load[0m
[0;32mI (226) esp_image: segment 3: paddr=00060020 vaddr=400d0020 size=b8414h (754708) map[0m
[0;32mI (506) esp_image: segment 4: paddr=0011843c vaddr=400800b8 size=167f8h ( 92152) load[0m
[0;32mI (556) boot: Loaded app from partition at offset 0x10000[0m
[0;32mI (556) boot: Disabling RNG early entropy source...[0m
[0;32mI (567) cpu_start: Multicore app[0m
[0;32mI (568) cpu_start: Pro cpu up.[0m
[0;32mI (568) cpu_start: Starting app cpu, entry point is 0x40081474[0m
[0;32mI (554) cpu_start: App cpu up.[0m
[0;32mI (586) cpu_start: Pro cpu start user code[0m
[0;32mI (586) cpu_start: cpu freq: 160000000 Hz[0m
[0;32mI (586) cpu_start: Application information:[0m
[0;32mI (591) cpu_start: Project name:     server-test[0m
[0;32mI (596) cpu_start: App version:      3b93bc3-dirty[0m
[0;32mI (601) cpu_start: Compile time:     Aug 10 2023 18:56:56[0m
[0;32mI (608) cpu_start: ELF file SHA256:  c904b4425e0c4ad5...[0m
[0;32mI (614) cpu_start: ESP-IDF:          v5.1-dirty[0m
[0;32mI (619) cpu_start: Min chip rev:     v0.0[0m
[0;32mI (623) cpu_start: Max chip rev:     v3.99 [0m
[0;32mI (628) cpu_start: Chip rev:         v3.0[0m
[0;32mI (633) heap_init: Initializing. RAM available for dynamic allocation:[0m
[0;32mI (640) heap_init: At 3FFAE6E0 len 00001920 (6 KiB): DRAM[0m
[0;32mI (646) heap_init: At 3FFB8E08 len 000271F8 (156 KiB): DRAM[0m
[0;32mI (652) heap_init: At 3FFE0440 len 00003AE0 (14 KiB): D/IRAM[0m
[0;32mI (659) heap_init: At 3FFE4350 len 0001BCB0 (111 KiB): D/IRAM[0m
[0;32mI (665) heap_init: At 400968B0 len 00009750 (37 KiB): IRAM[0m
[0;32mI (673) spi_flash: detected chip: generic[0m
[0;32mI (676) spi_flash: flash io: dio[0m
[0;33mW (680) spi_flash: Detected size(4096k) larger than the size in the binary image header(2048k). Using the size in the binary image header.[0m
[0;32mI (694) app_start: Starting scheduler on CPU0[0m
[0;32mI (698) app_start: Starting scheduler on CPU1[0m
[0;32mI (698) main_task: Started on CPU0[0m
[0;32mI (708) main_task: Calling app_main()[0m
I (2748) wifi:wifi driver task: 3ffc0d28, prio:23, stack:6656, core=0
I (2758) wifi:wifi firmware version: b2f1f86
I (2758) wifi:wifi certification version: v7.0
I (2758) wifi:config NVS flash: enabled
I (2758) wifi:config nano formating: disabled
I (2758) wifi:Init data frame dynamic rx buffer num: 32
I (2768) wifi:Init management frame dynamic rx buffer num: 32
I (2768) wifi:Init management short buffer num: 32
I (2778) wifi:Init dynamic tx buffer num: 32
I (2778) wifi:Init static rx buffer size: 1600
I (2778) wifi:Init static rx buffer num: 10
I (2788) wifi:Init dynamic rx buffer num: 32
[0;32mI (2788) wifi_init: rx ba win: 6[0m
[0;32mI (2798) wifi_init: tcpip mbox: 32[0m
[0;32mI (2798) wifi_init: udp mbox: 6[0m
[0;32mI (2798) wifi_init: tcp mbox: 6[0m
[0;32mI (2808) wifi_init: tcp tx win: 5744[0m
[0;32mI (2808) wifi_init: tcp rx win: 5744[0m
[0;32mI (2818) wifi_init: tcp mss: 1440[0m
[0;32mI (2818) wifi_init: WiFi IRAM OP enabled[0m
[0;32mI (2828) wifi_init: WiFi RX IRAM OP enabled[0m
[0;32mI (2838) phy_init: phy_version 4670,719f9f6,Feb 18 2021,17:07:07[0m
I (2938) wifi:mode : softAP (ec:62:60:76:2c:8d)
I (2948) wifi:Total power save buffer number: 16
I (2948) wifi:Init max length of beacon: 752/752
I (2948) wifi:Init max length of beacon: 752/752
[0;32mI (2948) wifi softAP: wifi_init_softap finished. SSID:HIVE2 password:HIVE_PASS channel:6[0m
[0;32mI (2958) esp_netif_lwip: DHCP server started on interface WIFI_AP_DEF with IP: 192.168.4.1[0m
SSD1306 Initialized..
[0;32mI (3218) bmx280: Probing for BMP280/BME280 sensors on I2C 1[0m
[0;33mW (3218) bmx280: Probe failure: address=ec, id=ad, reason=ESP_ERR_TIMEOUT[0m
[0;33mW (3218) bmx280: Probe failure: address=ee, id=ad, reason=ESP_FAIL[0m
[0;31mE (3228) bmx280: Sensor not found.[0m
ESP_ERROR_CHECK failed: esp_err_t 0x1 (ERROR) at 0x400d7e1d
file: "../components/HALX/_barometerEntry.cpp" line 29
func: static void VEHICLE_BARO::init_barometer()
expression: bmx280_init(bmx280)

abort() was called at PC 0x40089e7f on core 0


Backtrace: 0x40081aca:0x3ffbaf90 0x40089e89:0x3ffbafb0 0x40090f0e:0x3ffbafd0 0x40089e7f:0x3ffbb040 0x400d7e1d:0x3ffbb070 0x400d685b:0x3ffbb0c0 0x401865db:0x3ffbb100 0x4008c869:0x3ffbb130




ELF file SHA256: c904b4425e0c4ad5

Rebooting...
ets Jul 29 2019 12:21:46

rst:0xc (SW_CPU_RESET),boot:0x13 (SPI_FAST_FLASH_BOOT)
configsip: 0, SPIWP:0xee
clk_drv:0x00,q_drv:0x00,d_drv:0x00,cs0_drv:0x00,hd_drv:0x00,wp_drv:0x00
mode:DIO, clock div:2
load:0x3fff0030,len:7084
ho 0 tail 12 room 4
load:0x40078000,len:15576
ho 0 tail 12 room 4
load:0x40080400,len:4
load:0x40080404,len:3876
entry 0x4008064c
[0;32mI (32) boot: ESP-IDF v5.1-dirty 2nd stage bootloader[0m
[0;32mI (33) boot: compile time Jul 31 2023 23:59:43[0m
[0;32mI (33) boot: Multicore bootloader[0m
[0;32mI (37) boot: chip revision: v3.0[0m
[0;32mI (41) boot.esp32: SPI Speed      : 40MHz[0m
[0;32mI (46) boot.esp32: SPI Mode       : DIO[0m
[0;32mI (50) boot.esp32: SPI Flash Size : 2MB[0m
[0;32mI (55) boot: Enabling RNG early entropy source...[0m
[0;32mI (60) boot: Partition Table:[0m
[0;32mI (64) boot: ## Label            Usage          Type ST Offset   Length[0m
[0;32mI (71) boot:  0 nvs              WiFi data        01 02 00009000 00006000[0m
[0;32mI (79) boot:  1 phy_init         RF data          01 01 0000f000 00001000[0m
