ets Jul 29 2019 12:21:46

rst:0x1 (POWERON_RESET),boot:0x13 (SPI_FAST_FLASH_BOOT)
configsip: 0, SPIWP:0xee
clk_drv:0x00,q_drv:0x00,d_drv:0x00,cs0_drv:0x00,hd_drv:0x00,wp_drv:0x00
mode:DIO, clock div:2
load:0x3fff0030,len:7084
ho 0 tail 12 room 4
load:0x40078000,len:15576
ho 0 tail 12 room 4
load:0x40080400,len:4
load:0x40080404,len:3876
entry 0x4008064c
[0;32mI (33) boot: ESP-IDF v5.1-dirty 2nd stage bootloader[0m
[0;32mI (33) boot: compile time Jul 31 2023 23:59:43[0m
[0;32mI (33) boot: Multicore bootloader[0m
[0;32mI (38) boot: chip revision: v3.0[0m
[0;32mI (41) boot.esp32: SPI Speed      : 40MHz[0m
[0;32mI (46) boot.esp32: SPI Mode       : DIO[0m
[0;32mI (51) boot.esp32: SPI Flash Size : 2MB[0m
[0;32mI (55) boot: Enabling RNG early entropy source...[0m
[0;32mI (61) boot: Partition Table:[0m
[0;32mI (64) boot: ## Label            Usage          Type ST Offset   Length[0m
[0;32mI (71) boot:  0 nvs              WiFi data        01 02 00009000 00006000[0m
[0;32mI (79) boot:  1 phy_init         RF data          01 01 0000f000 00001000[0m
[0;32mI (86) boot:  2 factory          factory app      00 00 00010000 00177000[0m
[0;32mI (94) boot: End of partition table[0m
[0;32mI (98) esp_image: segment 0: paddr=00010020 vaddr=3f400020 size=49c58h (302168) map[0m
[0;32mI (216) esp_image: segment 1: paddr=00059c80 vaddr=3ffb0000 size=03840h ( 14400) load[0m
[0;32mI (221) esp_image: segment 2: paddr=0005d4c8 vaddr=40080000 size=02b50h ( 11088) load[0m
[0;32mI (226) esp_image: segment 3: paddr=00060020 vaddr=400d0020 size=b7d2ch (752940) map[0m
[0;32mI (502) esp_image: segment 4: paddr=00117d54 vaddr=40082b50 size=13d60h ( 81248) load[0m
[0;32mI (547) boot: Loaded app from partition at offset 0x10000[0m
[0;32mI (547) boot: Disabling RNG early entropy source...[0m
[0;32mI (558) cpu_start: Multicore app[0m
[0;32mI (559) cpu_start: Pro cpu up.[0m
[0;32mI (559) cpu_start: Starting app cpu, entry point is 0x40081474[0m
[0;32mI (0) cpu_start: App cpu up.[0m
[0;32mI (577) cpu_start: Pro cpu start user code[0m
[0;32mI (577) cpu_start: cpu freq: 160000000 Hz[0m
[0;32mI (577) cpu_start: Application information:[0m
[0;32mI (582) cpu_start: Project name:     server-test[0m
[0;32mI (587) cpu_start: App version:      491cbeb-dirty[0m
[0;32mI (592) cpu_start: Compile time:     Aug  8 2023 14:22:47[0m
[0;32mI (598) cpu_start: ELF file SHA256:  acbef34785c45288...[0m
[0;32mI (604) cpu_start: ESP-IDF:          v5.1-dirty[0m
[0;32mI (610) cpu_start: Min chip rev:     v0.0[0m
[0;32mI (614) cpu_start: Max chip rev:     v3.99 [0m
[0;32mI (619) cpu_start: Chip rev:         v3.0[0m
[0;32mI (624) heap_init: Initializing. RAM available for dynamic allocation:[0m
[0;32mI (631) heap_init: At 3FFAE6E0 len 00001920 (6 KiB): DRAM[0m
[0;32mI (637) heap_init: At 3FFB8E08 len 000271F8 (156 KiB): DRAM[0m
[0;32mI (643) heap_init: At 3FFE0440 len 00003AE0 (14 KiB): D/IRAM[0m
[0;32mI (650) heap_init: At 3FFE4350 len 0001BCB0 (111 KiB): D/IRAM[0m
[0;32mI (656) heap_init: At 400968B0 len 00009750 (37 KiB): IRAM[0m
[0;32mI (664) spi_flash: detected chip: generic[0m
[0;32mI (667) spi_flash: flash io: dio[0m
[0;33mW (671) spi_flash: Detected size(4096k) larger than the size in the binary image header(2048k). Using the size in the binary image header.[0m
[0;32mI (685) app_start: Starting scheduler on CPU0[0m
[0;32mI (689) app_start: Starting scheduler on CPU1[0m
[0;32mI (689) main_task: Started on CPU0[0m
[0;32mI (699) main_task: Calling app_main()[0m
I (2739) wifi:wifi driver task: 3ffc0d28, prio:23, stack:6656, core=0
I (2749) wifi:wifi firmware version: b2f1f86
I (2749) wifi:wifi certification version: v7.0
I (2749) wifi:config NVS flash: enabled
I (2749) wifi:config nano formating: disabled
I (2749) wifi:Init data frame dynamic rx buffer num: 32
I (2759) wifi:Init management frame dynamic rx buffer num: 32
I (2759) wifi:Init management short buffer num: 32
I (2769) wifi:Init dynamic tx buffer num: 32
I (2769) wifi:Init static rx buffer size: 1600
I (2769) wifi:Init static rx buffer num: 10
I (2779) wifi:Init dynamic rx buffer num: 32
[0;32mI (2779) wifi_init: rx ba win: 6[0m
[0;32mI (2789) wifi_init: tcpip mbox: 32[0m
[0;32mI (2789) wifi_init: udp mbox: 6[0m
[0;32mI (2789) wifi_init: tcp mbox: 6[0m
[0;32mI (2799) wifi_init: tcp tx win: 5744[0m
[0;32mI (2799) wifi_init: tcp rx win: 5744[0m
[0;32mI (2809) wifi_init: tcp mss: 1440[0m
[0;32mI (2809) wifi_init: WiFi IRAM OP enabled[0m
[0;32mI (2819) wifi_init: WiFi RX IRAM OP enabled[0m
[0;32mI (2829) phy_init: phy_version 4670,719f9f6,Feb 18 2021,17:07:07[0m
I (2929) wifi:mode : softAP (ec:62:60:76:2c:8d)
I (2939) wifi:Total power save buffer number: 16
I (2939) wifi:Init max length of beacon: 752/752
I (2939) wifi:Init max length of beacon: 752/752
[0;32mI (2939) wifi softAP: wifi_init_softap finished. SSID:HIVE2 password:HIVE_PASS channel:6[0m
[0;32mI (2939) esp_netif_lwip: DHCP server started on interface WIFI_AP_DEF with IP: 192.168.4.1[0m
SSD1306 Initialized..
[0;32mI (3199) gpio: GPIO[17]| InputEn: 0| OutputEn: 1| OpenDrain: 0| Pullup: 1| Pulldown: 0| Intr:0 [0m
[0;32mI (3199) main_task: Returned from app_main()[0m
[0;32mI (3199) Temp: FAN_FLAG: 30[0m
[0;31mE (3199) FreeRTOS: FreeRTOS Task "coolSierra" should not return, Aborting now![0m

abort() was called at PC 0x4008c887 on core 0


Backtrace: 0x40081aca:0x3ffc9c10 0x40089e89:0x3ffc9c30 0x40090f0e:0x3ffc9c50 0x4008c887:0x3ffc9cc0




ELF file SHA256: acbef34785c45288

Rebooting...
ets Jul 29 2019 12:21:46

rst:0xc (SW_CPU_RESET),boot:0x13 (SPI_FAST_FLASH_BOOT)
configsip: 0, SPIWP:0xee
clk_drv:0x00,q_drv:0x00,d_drv:0x00,cs0_drv:0x00,hd_drv:0x00,wp_drv:0x00
mode:DIO, clock div:2
load:0x3fff0030,len:7084
ho 0 tail 12 room 4
load:0x40078000,len:15576
ho 0 tail 12 room 4
load:0x40080400,len:4
load:0x40080404,len:3876
entry 0x4008064c
[0;32mI (32) boot: ESP-IDF v5.1-dirty 2nd stage bootloader[0m
[0;32mI (33) boot: compile time Jul 31 2023 23:59:43[0m
[0;32mI (33) boot: Multicore bootloader[0m
[0;32mI (37) boot: chip revision: v3.0[0m
[0;32mI (41) boot.esp32: SPI Speed      : 40MHz[0m
[0;32mI (46) boot.esp32: SPI Mode       : DIO[0m
[0;32mI (50) boot.esp32: SPI Flash Size : 2MB[0m
[0;32mI (55) boot: Enabling RNG early entropy source...[0m
[0;32mI (60) boot: Partition Table:[0m
[0;32mI (64) boot: ## Label            Usage          Type ST Offset   Length[0m
[0;32mI (71) boot:  0 nvs              WiFi data        01 02 00009000 00006000[0m
[0;32mI (79) boot:  1 phy_init         RF data          01 01 0000f000 00001000[0m
[0;32mI (86) boot:  2 factory          factory app      00 00 00010000 00177000[0m
[0;32mI (94) boot: End of partition table[0m
[0;32mI (98) esp_image: segment 0: paddr=00010020 vaddr=3f400020 size=49c58h (302168) map[0m
[0;32mI (215) esp_image: segment 1: paddr=00059c80 vaddr=3ffb0000 size=03840h ( 14400) load[0m
[0;32mI (221) esp_image: segment 2: paddr=0005d4c8 vaddr=40080000 size=02b50h ( 11088) load[0m
[0;32mI (226) esp_image: segment 3: paddr=00060020 vaddr=400d0020 size=b7d2ch (752940) map[0m
[0;32mI (501) esp_image: segment 4: paddr=00117d54 vaddr=40082b50 size=13d60h ( 81248) load[0m
[0;32mI (547) boot: Loaded app from partition at offset 0x10000[0m
[0;32mI (547) boot: Disabling RNG early entropy source...[0m
[0;32mI (558) cpu_start: Multicore app[0m
[0;32mI (559) cpu_start: Pro cpu up.[0m
[0;32mI (559) cpu_start: Starting app cpu, entry point is 0x40081474[0m
[0;32mI (545) cpu_start: App cpu up.[0m
[0;32mI (577) cpu_start: Pro cpu start user code[0m
[0;32mI (577) cpu_start: cpu freq: 160000000 Hz[0m
[0;32mI (577) cpu_start: Application information:[0m
[0;32mI (582) cpu_start: Project name:     server-test[0m
[0;32mI (587) cpu_start: App version:      491cbeb-dirty[0m
[0;32mI (592) cpu_start: Compile time:     Aug  8 2023 14:22:47[0m
[0;32mI (598) cpu_start: ELF file SHA256:  acbef34785c45288...[0m
[0;32mI (604) cpu_start: ESP-IDF:          v5.1-dirty[0m
[0;32mI (610) cpu_start: Min chip rev:     v0.0[0m
[0;32mI (614) cpu_start: Max chip rev:     v3.99 [0m
[0;32mI (619) cpu_start: Chip rev:         v3.0[0m
[0;32mI (624) heap_init: Initializing. RAM available for dynamic allocation:[0m
[0;32mI (631) heap_init: At 3FFAE6E0 len 00001920 (6 KiB): DRAM[0m
[0;32mI (637) heap_init: At 3FFB8E08 len 000271F8 (156 KiB): DRAM[0m
[0;32mI (643) heap_init: At 3FFE0440 len 00003AE0 (14 KiB): D/IRAM[0m
[0;32mI (650) heap_init: At 3FFE4350 len 0001BCB0 (111 KiB): D/IRAM[0m
[0;32mI (656) heap_init: At 400968B0 len 00009750 (37 KiB): IRAM[0m
[0;32mI (664) spi_flash: detected chip: generic[0m
[0;32mI (667) spi_flash: flash io: dio[0m
[0;33mW (671) spi_flash: Detected size(4096k) larger than the size in the binary image header(2048k). Using the size in the binary image header.[0m
[0;32mI (685) app_start: Starting scheduler on CPU0[0m
[0;32mI (689) app_start: Starting scheduler on CPU1[0m
[0;32mI (689) main_task: Started on CPU0[0m
[0;32mI (699) main_task: Calling app_main()[0m
I (2739) wifi:wifi driver task: 3ffc0d28, prio:23, stack:6656, core=0
I (2749) wifi:wifi firmware version: b2f1f86
I (2749) wifi:wifi certification version: v7.0
I (2749) wifi:config NVS flash: enabled
I (2749) wifi:config nano formating: disabled
I (2749) wifi:Init data frame dynamic rx buffer num: 32
I (2759) wifi:Init management frame dynamic rx buffer num: 32
I (2759) wifi:Init management short buffer num: 32
I (2769) wifi:Init dynamic tx buffer num: 32
I (2769) wifi:Init static rx buffer size: 1600
I (2769) wifi:Init static rx buffer num: 10
I (2779) wifi:Init dynamic rx buffer num: 32
[0;32mI (2779) wifi_init: rx ba win: 6[0m
[0;32mI (2789) wifi_init: tcpip mbox: 32[0m
[0;32mI (2789) wifi_init: udp mbox: 6[0m
[0;32mI (2789) wifi_init: tcp mbox: 6[0m
[0;32mI (2799) wifi_init: tcp tx win: 5744[0m
[0;32mI (2799) wifi_init: tcp rx win: 5744[0m
[0;32mI (2809) wifi_init: tcp mss: 1440[0m
[0;32mI (2809) wifi_init: WiFi IRAM OP enabled[0m
[0;32mI (2819) wifi_init: WiFi RX IRAM OP enabled[0m
[0;32mI (2829) phy_init: phy_version 4670,719f9f6,Feb 18 2021,17:07:07[0m
I (2929) wifi:mode : softAP (ec:62:60:76:2c:8d)
I (2939) wifi:Total power save buffer number: 16
I (2939) wifi:Init max length of beacon: 752/752
I (2939) wifi:Init max length of beacon: 752/752
[0;32mI (2939) wifi softAP: wifi_init_softap finished. SSID:HIVE2 password:HIVE_PASS channel:6[0m
[0;32mI (2939) esp_netif_lwip: DHCP server started on interface WIFI_AP_DEF with IP: 192.168.4.1[0m
SSD1306 Initialized..
[0;32mI (3199) gpio: GPIO[17]| InputEn: 0| OutputEn: 1| OpenDrain: 0| Pullup: 1| Pulldown: 0| Intr:0 [0m
[0;32mI (3199) main_task: Returned from app_main()[0m
[0;32mI (3199) Temp: FAN_FLAG: 18[0m
[0;31mE (3199) FreeRTOS: FreeRTOS Task "coolSierra" should not return, Aborting now![0m

abort() was called at PC 0x4008c887 on core 0


Backtrace: 0x40081aca:0x3ffc9c10 0x40089e89:0x3ffc9c30 0x40090f0e:0x3ffc9c50 0x4008c887:0x3ffc9cc0




ELF file SHA256: acbef34785c45288

Rebooting...
ets Jul 29 2019 12:21:46

rst:0xc (SW_CPU_RESET),boot:0x13 (SPI_FAST_FLASH_BOOT)
configsip: 0, SPIWP:0xee
clk_drv:0x00,q_drv:0x00,d_drv:0x00,cs0_drv:0x00,hd_drv:0x00,wp_drv:0x00
mode:DIO, clock div:2
load:0x3fff0030,len:7084
ho 0 tail 12 room 4
load:0x40078000,len:15576
ho 0 tail 12 room 4
load:0x40080400,len:4
load:0x40080404,len:3876
entry 0x4008064c
[0;32mI (32) boot: ESP-IDF v5.1-dirty 2nd stage bootloader[0m
[0;32mI (33) boot: compile time Jul 31 2023 23:59:43[0m
[0;32mI (33) boot: Multicore bootloader[0m
[0;32mI (37) boot: chip revision: v3.0[0m
[0;32mI (41) boot.esp32: SPI Speed      : 40MHz[0m
[0;32mI (46) boot.esp32: SPI Mode       : DIO[0m
[0;32mI (50) boot.esp32: SPI Flash Size : 2MB[0m
[0;32mI (55) boot: Enabling RNG early entropy source...[0m
[0;32mI (60) boot: Partition Table:[0m
[0;32mI (64) boot: ## Label            Usage          Type ST Offset   Length[0m
[0;32mI (71) boot:  0 nvs              WiFi data        01 02 00009000 00006000[0m
[0;32mI (79) boot:  1 phy_init         RF data          01 01 0000f000 00001000[0m
[0;32mI (86) boot:  2 factory          factory app      00 00 00010000 00177000[0m
[0;32mI (94) boot: End of partition table[0m
[0;32mI (98) esp_image: segment 0: paddr=00010020 vaddr=3f400020 size=49c58h (302168) map[0m
[0;32mI (215) esp_image: segment 1: paddr=00059c80 vaddr=3ffb0000 size=03840h ( 14400) load[0m
[0;32mI (221) esp_image: segment 2: paddr=0005d4c8 vaddr=40080000 size=02b50h ( 11088) load[0m
[0;32mI (226) esp_image: segment 3: paddr=00060020 vaddr=400d0020 size=b7d2ch (752940) map[0m
[0;32mI (501) esp_image: segment 4: paddr=00117d54 vaddr=40082b50 size=13d60h ( 81248) load[0m
