30,len:7084]XZ4
load:0x40078000,ets Jul 29 2019 12:21:46

rst:0x1 (POWERON_RESET),boot:0x13 (SPI_FAST_FLASH_BOOT)
configsip: 0, SPIWP:0xee
clk_drv:0x00,q_drv:0x00,d_drv:0x00,cs0_drv:0x00,hd_drv:0x00,wp_drv:0x00
mode:DIO, clock div:2
load:0x3fff0030,len:7084
ho 0 tail 12 room 4
load:0x40078000,len:15576
ho 0 tail 12 room 4
load:0x40080400,len:4
load:0x40080404,len:3876
entry 0x4008064c
[0;32mI (33) boot: ESP-IDF v5.1-dirty 2nd stage bootloader[0m
[0;32mI (33) boot: compile time Jul 27 2023 04:27:02[0m
[0;32mI (33) boot: Multicore bootloader[0m
[0;32mI (38) boot: chip revision: v3.1[0m
[0;32mI (41) boot.esp32: SPI Speed      : 40MHz[0m
[0;32mI (46) boot.esp32: SPI Mode       : DIO[0m
[0;32mI (51) boot.esp32: SPI Flash Size : 2MB[0m
[0;32mI (55) boot: Enabling RNG early entropy source...[0m
[0;32mI (61) boot: Partition Table:[0m
[0;32mI (64) boot: ## Label            Usage          Type ST Offset   Length[0m
[0;32mI (71) boot:  0 nvs              WiFi data        01 02 00009000 00006000[0m
[0;32mI (79) boot:  1 phy_init         RF data          01 01 0000f000 00001000[0m
[0;32mI (86) boot:  2 factory          factory app      00 00 00010000 00100000[0m
[0;32mI (94) boot: End of partition table[0m
[0;32mI (98) esp_image: segment 0: paddr=00010020 vaddr=3f400020 size=0e6f0h ( 59120) map[0m
[0;32mI (128) esp_image: segment 1: paddr=0001e718 vaddr=3ffb0000 size=01900h (  6400) load[0m
[0;32mI (131) esp_image: segment 2: paddr=00020020 vaddr=400d0020 size=2d838h (186424) map[0m
[0;32mI (201) esp_image: segment 3: paddr=0004d860 vaddr=3ffb1900 size=00800h (  2048) load[0m
[0;32mI (202) esp_image: segment 4: paddr=0004e068 vaddr=40080000 size=0c118h ( 49432) load[0m
[0;32mI (233) boot: Loaded app from partition at offset 0x10000[0m
[0;32mI (233) boot: Disabling RNG early entropy source...[0m
[0;32mI (245) cpu_start: Multicore app[0m
[0;32mI (245) cpu_start: Pro cpu up.[0m
[0;32mI (245) cpu_start: Starting app cpu, entry point is 0x40081180[0m
[0;32mI (0) cpu_start: App cpu up.[0m
[0;32mI (263) cpu_start: Pro cpu start user code[0m
[0;32mI (263) cpu_start: cpu freq: 160000000 Hz[0m
[0;32mI (263) cpu_start: Application information:[0m
[0;32mI (268) cpu_start: Project name:     server-test[0m
[0;32mI (273) cpu_start: App version:      2ec6feb-dirty[0m
[0;32mI (279) cpu_start: Compile time:     Jul 27 2023 04:26:39[0m
[0;32mI (285) cpu_start: ELF file SHA256:  02f8543ae28f1535...[0m
[0;32mI (291) cpu_start: ESP-IDF:          v5.1-dirty[0m
[0;32mI (296) cpu_start: Min chip rev:     v0.0[0m
[0;32mI (301) cpu_start: Max chip rev:     v3.99 [0m
[0;32mI (306) cpu_start: Chip rev:         v3.1[0m
[0;32mI (311) heap_init: Initializing. RAM available for dynamic allocation:[0m
[0;32mI (318) heap_init: At 3FFAE6E0 len 00001920 (6 KiB): DRAM[0m
[0;32mI (324) heap_init: At 3FFB3088 len 0002CF78 (179 KiB): DRAM[0m
[0;32mI (330) heap_init: At 3FFE0440 len 00003AE0 (14 KiB): D/IRAM[0m
[0;32mI (336) heap_init: At 3FFE4350 len 0001BCB0 (111 KiB): D/IRAM[0m
[0;32mI (343) heap_init: At 4008C118 len 00013EE8 (79 KiB): IRAM[0m
[0;32mI (350) spi_flash: detected chip: generic[0m
[0;32mI (353) spi_flash: flash io: dio[0m
[0;33mW (357) spi_flash: Detected size(4096k) larger than the size in the binary image header(2048k). Using the size in the binary image header.[0m
[0;32mI (371) app_start: Starting scheduler on CPU0[0m
[0;32mI (376) app_start: Starting scheduler on CPU1[0m
[0;32mI (376) main_task: Started on CPU0[0m
[0;32mI (386) main_task: Calling app_main()[0m

assert failed: tcpip_send_msg_wait_sem /IDF/components/lwip/lwip/src/api/tcpip.c:449 (Invalid mbox)


Backtrace: 0x400817d6:0x3ffb5010 0x400858b5:0x3ffb5030 0x4008ad9d:0x3ffb5050 0x400dc4d3:0x3ffb5170 0x400e8311:0x3ffb51a0 0x400e8399:0x3ffb51c0 0x400dc335:0x3ffb5210 0x400d8b53:0x3ffb5230 0x400d9185:0x3ffb5290 0x400d651e:0x3ffb52c0 0x400d64e0:0x3ffb5350 0x400fd05f:0x3ffb5380 0x40087ed1:0x3ffb53b0




ELF file SHA256: 02f8543ae28f1535

Rebooting...
ets Jul 29 2019 12:21:46

rst:0xc (SW_CPU_RESET),boot:0x13 (SPI_FAST_FLASH_BOOT)
configsip: 0, SPIWP:0xee
clk_drv:0x00,q_drv:0x00,d_drv:0x00,cs0_drv:0x00,hd_drv:0x00,wp_drv:0x00
mode:DIO, clock div:2
load:0x3fff0030,len:7084
ho 0 tail 12 room 4
load:0x40078000,len:15576
ho 0 tail 12 room 4
load:0x40080400,len:4
load:0x40080404,len:3876
entry 0x4008064c
[0;32mI (32) boot: ESP-IDF v5.1-dirty 2nd stage bootloader[0m
[0;32mI (33) boot: compile time Jul 27 2023 04:27:02[0m
[0;32mI (33) boot: Multicore bootloader[0m
[0;32mI (37) boot: chip revision: v3.1[0m
[0;32mI (41) boot.esp32: SPI Speed      : 40MHz[0m
[0;32mI (46) boot.esp32: SPI Mode       : DIO[0m
[0;32mI (50) boot.esp32: SPI Flash Size : 2MB[0m
[0;32mI (55) boot: Enabling RNG early entropy source...[0m
[0;32mI (60) boot: Partition Table:[0m
[0;32mI (64) boot: ## Label            Usage          Type ST Offset   Length[0m
[0;32mI (71) boot:  0 nvs              WiFi data        01 02 00009000 00006000[0m
[0;32mI (79) boot:  1 phy_init         RF data          01 01 0000f000 00001000[0m
[0;32mI (86) boot:  2 factory          factory app      00 00 00010000 00100000[0m
[0;32mI (94) boot: End of partition table[0m
[0;32mI (98) esp_image: segment 0: paddr=00010020 vaddr=3f400020 size=0e6f0h ( 59120) map[0m
[0;32mI (128) esp_image: segment 1: paddr=0001e718 vaddr=3ffb0000 size=01900h (  6400) load[0m
[0;32mI (131) esp_image: segment 2: paddr=00020020 vaddr=400d0020 size=2d838h (186424) map[0m
[0;32mI (201) esp_image: segment 3: paddr=0004d860 vaddr=3ffb1900 size=00800h (  2048) load[0m
[0;32mI (202) esp_image: segment 4: paddr=0004e068 vaddr=40080000 size=0c118h ( 49432) load[0m
[0;32mI (233) boot: Loaded app from partition at offset 0x10000[0m
[0;32mI (233) boot: Disabling RNG early entropy source...[0m
[0;32mI (245) cpu_start: Multicore app[0m
[0;32mI (245) cpu_start: Pro cpu up.[0m
[0;32mI (245) cpu_start: Starting app cpu, entry point is 0x40081180[0m
[0;32mI (232) cpu_start: App cpu up.[0m
[0;32mI (263) cpu_start: Pro cpu start user code[0m
[0;32mI (263) cpu_start: cpu freq: 160000000 Hz[0m
[0;32mI (263) cpu_start: Application information:[0m
[0;32mI (268) cpu_start: Project name:     server-test[0m
[0;32mI (273) cpu_start: App version:      2ec6feb-dirty[0m
[0;32mI (279) cpu_start: Compile time:     Jul 27 2023 04:26:39[0m
[0;32mI (285) cpu_start: ELF file SHA256:  02f8543ae28f1535...[0m
[0;32mI (291) cpu_start: ESP-IDF:          v5.1-dirty[0m
[0;32mI (296) cpu_start: Min chip rev:     v0.0[0m
[0;32mI (301) cpu_start: Max chip rev:     v3.99 [0m
[0;32mI (306) cpu_start: Chip rev:         v3.1[0m
[0;32mI (311) heap_init: Initializing. RAM available for dynamic allocation:[0m
[0;32mI (318) heap_init: At 3FFAE6E0 len 00001920 (6 KiB): DRAM[0m
[0;32mI (324) heap_init: At 3FFB3088 len 0002CF78 (179 KiB): DRAM[0m
[0;32mI (330) heap_init: At 3FFE0440 len 00003AE0 (14 KiB): D/IRAM[0m
[0;32mI (336) heap_init: At 3FFE4350 len 0001BCB0 (111 KiB): D/IRAM[0m
[0;32mI (343) heap_init: At 4008C118 len 00013EE8 (79 KiB): IRAM[0m
[0;32mI (350) spi_flash: detected chip: generic[0m
[0;32mI (354) spi_flash: flash io: dio[0m
[0;33mW (357) spi_flash: Detected size(4096k) larger than the size in the binary image header(2048k). Using the size in the binary image header.[0m
[0;32mI (371) app_start: Starting scheduler on CPU0[0m
[0;32mI (376) app_start: Starting scheduler on CPU1[0m
[0;32mI (376) main_task: Started on CPU0[0m
[0;32mI (386) main_task: Calling app_main()[0m

assert failed: tcpip_send_msg_wait_sem /IDF/components/lwip/lwip/src/api/tcpip.c:449 (Invalid mbox)


Backtrace: 0x400817d6:0x3ffb5010 0x400858b5:0x3ffb5030 0x4008ad9d:0x3ffb5050 0x400dc4d3:0x3ffb5170 0x400e8311:0x3ffb51a0 0x400e8399:0x3ffb51c0 0x400dc335:0x3ffb5210 0x400d8b53:0x3ffb5230 0x400d9185:0x3ffb5290 0x400d651e:0x3ffb52c0 0x400d64e0:0x3ffb5350 0x400fd05f:0x3ffb5380 0x40087ed1:0x3ffb53b0




ELF file SHA256: 02f8543ae28f1535

Rebooting...
ets Jul 29 2019 12:21:46

rst:0xc (SW_CPU_RESET),boot:0x13 (SPI_FAST_FLASH_BOOT)
configsip: 0, SPIWP:0xee
clk_drv:0x00,q_drv:0x00,d_drv:0x00,cs0_drv:0x00,hd_drv:0x00,wp_drv:0x00
mode:DIO, clock div:2
load:0x3fff0030,len:7084
ho 0 tail 12 room 4
load:0x40078000,len:15576
ho 0 tail 12 room 4
load:0x40080400,len:4
load:0x40080404,len:3876
entry 0x4008064c
[0;32mI (32) boot: ESP-IDF v5.1-dirty 2nd stage bootloader[0m
[0;32mI (33) boot: compile time Jul 27 2023 04:27:02[0m
[0;32mI (33) boot: Multicore bootloader[0m
[0;32mI (37) boot: chip revision: v3.1[0m
[0;32mI (41) boot.esp32: SPI Speed      : 40MHz[0m
[0;32mI (46) boot.esp32: SPI Mode       : DIO[0m
[0;32mI (50) boot.esp32: SPI Flash Size : 2MB[0m
[0;32mI (55) boot: Enabling RNG early entropy source...[0m
[0;32mI (60) boot: Partition Table:[0m
[0;32mI (64) boot: ## Label            Usage          Type ST Offset   Length[0m
[0;32mI (71) boot:  0 nvs              WiFi data        01 02 00009000 00006000[0m
[0;32mI (79) boot:  1 phy_init         RF data          01 01 0000f000 00001000[0m
[0;32mI (86) boot:  2 factory          factory app      00 00 00010000 00100000[0m
[0;32mI (94) boot: End of partition table[0m
[0;32mI (98) esp_image: segment 0: paddr=00010020 vaddr=3f400020 size=0e6f0h ( 59120) map[0m
[0;32mI (128) esp_image: segment 1: paddr=0001e718 vaddr=3ffb0000 size=01900h (  6400) load[0m
[0;32mI (131) esp_image: segment 2: paddr=00020020 vaddr=400d0020 size=2d838h (186424) map[0m
[0;32mI (201) esp_image: segment 3: paddr=0004d860 vaddr=3ffb1900 size=00800h (  2048) load[0m
[0;32mI (202) esp_image: segment 4: paddr=0004e068 vaddr=40080000 size=0c118h ( 49432) load[0m
[0;32mI (233) boot: Loaded app from partition at offset 0x10000[0m
[0;32mI (233) boot: Disabling RNG early entropy source...[0m
[0;32mI (245) cpu_start: Multicore app[0m
[0;32mI (245) cpu_start: Pro cpu up.[0m
[0;32mI (245) cpu_start: Starting app cpu, entry point is 0x40081180[0m
[0;32mI (232) cpu_start: App cpu up.[0m
[0;32mI (263) cpu_start: Pro cpu start user code[0m
[0;32mI (263) cpu_start: cpu freq: 160000000 Hz[0m
[0;32mI (263) cpu_start: Application information:[0m
[0;32mI (268) cpu_start: Project name:     server-test[0m
[0;32mI (273) cpu_start: App version:      2ec6feb-dirty[0m
[0;32mI (279) cpu_start: Compile time:     Jul 27 2023 04:26:39[0m
[0;32mI (285) cpu_start: ELF file SHA256:  02f8543ae28f1535...[0m
[0;32mI (291) cpu_start: ESP-IDF:          v5.1-dirty[0m
[0;32mI (296) cpu_start: Min chip rev:     v0.0[0m
[0;32mI (301) cpu_start: Max chip rev:     v3.99 [0m
[0;32mI (306) cpu_start: Chip rev:         v3.1[0m
[0;32mI (311) heap_init: Initializing. RAM available for dynamic allocation:[0m
[0;32mI (318) heap_init: At 3FFAE6E0 len 00001920 (6 KiB): DRAM[0m
[0;32mI (324) heap_init: At 3FFB3088 len 0002CF78 (179 KiB): DRAM[0m
[0;32mI (330) heap_init: At 3FFE0440 len 00003AE0 (14 KiB): D/IRAM[0m
[0;32mI (336) heap_init: At 3FFE4350 len 0001BCB0 (111 KiB): D/IRAM[0m
[0;32mI (343) heap_init: At 4008C118 len 00013EE8 (79 KiB): IRAM[0m
[0;32mI (350) spi_flash: detected chip: generic[0m
[0;32mI (354) spi_flash: flash io: dio[0m
[0;33mW (357) spi_flash: Detected size(4096k) larger than the size in the binary image header(2048k). Using the size in the binary image header.[0m
[0;32mI (371) app_start: Starting scheduler on CPU0[0m
[0;32mI (376) app_start: Starting scheduler on CPU1[0m
[0;32mI (376) main_task: Started on CPU0[0m
[0;32mI (386) main_task: Calling app_main()[0m

assert failed: tcpip_send_msg_wait_sem /IDF/components/lwip/lwip/src/api/tcpip.c:449 (Invalid mbox)


Backtrace: 0x400817d6:0x3ffb5010 0x400858b5:0x3ffb5030 0x4008ad9d:0x3ffb5050 0x400dc4d3:0x3ffb5170 0x400e8311:0x3ffb51a0 0x400e8399:0x3ffb51c0 0x400dc335:0x3ffb5210 0x400d8b53:0x3ffb5230 0x400d9185:0x3ffb5290 0x400d651e:0x3ffb52c0 0x400d64e0:0x3ffb5350 0x400fd05f:0x3ffb5380 0x40087ed1:0x3ffb53b0




ELF file SHA256: 02f8543ae28f1535

Rebooting...
ets Jul 29 2019 12:21:46

rst:0xc (SW_CPU_RESET),boot:0x13 (SPI_FAST_FLASH_BOOT)
configsip: 0, SPIWP:0xee
clk_drv:0x00,q_drv:0x00,d_drv:0x00,cs0_drv:0x00,hd_drv:0x00,wp_drv:0x00
mode:DIO, clock div:2
load:0x3fff0030,len:7084
ho 0 tail 12 room 4
load:0x40078000,len:15576
ho 0 tail 12 room 4
load:0x40080400,len:4
load:0x40080404,len:3876
entry 0x4008064c
[0;32mI (32) boot: ESP-IDF v5.1-dirty 2nd stage bootloader[0m
[0;32mI (33) boot: compile time Jul 27 2023 04:27:02[0m
[0;32mI (33) boot: Multicore bootloader[0m
[0;32mI (37) boot: chip revision: v3.1[0m
[0;32mI (41) boot.esp32: SPI Speed      : 40MHz[0m
[0;32mI (46) boot.esp32: SPI Mode       : DIO[0m
[0;32mI (50) boot.esp32: SPI Flash Size : 2MB[0m
[0;32mI (55) boot: Enabling RNG early entropy source...[0m
[0;32mI (60) boot: Partition Table:[0m
[0;32mI (64) boot: ## Label            Usage          Type ST Offset   Length[0m
[0;32mI (71) boot:  0 nvs              WiFi data        01 02 00009000 00006000[0m
[0;32mI (79) boot:  1 phy_init         RF data          01 01 0000f000 00001000[0m
[0;32mI (86) boot:  2 factory          factory app      00 00 00010000 00100000[0m
[0;32mI (94) boot: End of partition table[0m
[0;32mI (98) esp_image: segment 0: paddr=00010020 vaddr=3f400020 size=0e6f0h ( 59120) map[0m
[0;32mI (128) esp_image: segment 1: paddr=0001e718 vaddr=3ffb0000 size=01900h (  6400) load[0m
[0;32mI (131) esp_image: segment 2: paddr=00020020 vaddr=400d0020 size=2d838h (186424) map[0m
[0;32mI (201) esp_image: segment 3: paddr=0004d860 vaddr=3ffb1900 size=00800h (  2048) load[0m
[0;32mI (202) esp_image: segment 4: paddr=0004e068 vaddr=40080000 size=0c118h ( 49432) load[0m
[0;32mI (233) boot: Loaded app from partition at offset 0x10000[0m
[0;32mI (233) boot: Disabling RNG early entropy source...[0m
[0;32mI (245) cpu_start: Multicore app[0m
[0;32mI (245) cpu_start: Pro cpu up.[0m
[0;32mI (245) cpu_start: Starting app cpu, entry point is 0x40081180[0m
[0;32mI (232) cpu_start: App cpu up.[0m
[0;32mI (263) cpu_start: Pro cpu start user code[0m
[0;32mI (263) cpu_start: cpu freq: 160000000 Hz[0m
[0;32mI (263) cpu_start: Application information:[0m
[0;32mI (268) cpu_start: Project name:     server-test[0m
[0;32mI (273) cpu_start: App version:      2ec6feb-dirty[0m
[0;32mI (279) cpu_start: Compile time:     Jul 27 2023 04:26:39[0m
[0;32mI (285) cpu_start: ELF file SHA256:  02f8543ae28f1535...[0m
[0;32mI (291) cpu_start: ESP-IDF:          v5.1-dirty[0m
[0;32mI (296) cpu_start: Min chip rev:     v0.0[0m
[0;32mI (301) cpu_start: Max chip rev:     v3.99 [0m
[0;32mI (306) cpu_start: Chip rev:         v3.1[0m
[0;32mI (311) heap_init: Initializing. RAM available for dynamic allocation:[0m
[0;32mI (318) heap_init: At 3FFAE6E0 len 00001920 (6 KiB): DRAM[0m
[0;32mI (324) heap_init: At 3FFB3088 len 0002CF78 (179 KiB): DRAM[0m
[0;32mI (330) heap_init: At 3FFE0440 len 00003AE0 (14 KiB): D/IRAM[0m
[0;32mI (336) heap_init: At 3FFE4350 len 0001BCB0 (111 KiB): D/IRAM[0m
[0;32mI (343) heap_init: At 4008C118 len 00013EE8 (79 KiB): IRAM[0m
[0;32mI (350) spi_flash: detected chip: generic[0m
[0;32mI (354) spi_flash: flash io: dio[0m
[0;33mW (357) spi_flash: Detected size(4096k) larger than the size in the binary image header(2048k). Using the size in the binary image header.[0m
[0;32mI (371) app_start: Starting scheduler on CPU0[0m
[0;32mI (376) app_start: Starting scheduler on CPU1[0m
[0;32mI (376) main_task: Started on CPU0[0m
[0;32mI (386) main_task: Calling app_main()[0m

assert failed: tcpip_send_msg_wait_sem /IDF/components/lwip/lwip/src/api/tcpip.c:449 (Invalid mbox)


Backtrace: 0x400817d6:0x3ffb5010 0x400858b5:0x3ffb5030 0x4008ad9d:0x3ffb5050 0x400dc4d3:0x3ffb5170 0x400e8311:0x3ffb51a0 0x400e8399:0x3ffb51c0 0x400dc335:0x3ffb5210 0x400d8b53:0x3ffb5230 0x400d9185:0x3ffb5290 0x400d651e:0x3ffb52c0 0x400d64e0:0x3ffb5350 0x400fd05f:0x3ffb5380 0x40087ed1:0x3ffb53b0




ELF file SHA256: 02f8543ae28f1535

Rebooting...
ets Jul 29 2019 12:21:46

rst:0xc (SW_CPU_RESET),boot:0x13 (SPI_FAST_FLASH_BOOT)
configsip: 0, SPIWP:0xee
clk_drv:0x00,q_drv:0x00,d_drv:0x00,cs0_drv:0x00,hd_drv:0x00,wp_drv:0x00
mode:DIO, clock div:2
load:0x3fff0030,len:7084
ho 0 tail 12 room 4
load:0x40078000,len:15576
ho 0 tail 12 room 4
load:0x40080400,len:4
load:0x40080404,len:3876
entry 0x4008064c
[0;32mI (32) boot: ESP-IDF v5.1-dirty 2nd stage bootloader[0m
[0;32mI (33) boot: compile time Jul 27 2023 04:27:02[0m
[0;32mI (33) boot: Multicore bootloader[0m
[0;32mI (37) boot: chip revision: v3.1[0m
[0;32mI (41) boot.esp32: SPI Speed      : 40MHz[0m
[0;32mI (46) boot.esp32: SPI Mode       : DIO[0m
[0;32mI (50) boot.esp32: SPI Flash Size : 2MB[0m
[0;32mI (55) boot: Enabling RNG early entropy source...[0m
[0;32mI (60) boot: Partition Table:[0m
[0;32mI (64) boot: ## Label            Usage          Type ST Offset   Length[0m
[0;32mI (71) boot:  0 nvs              WiFi data        01 02 00009000 00006000[0m
[0;32mI (79) boot:  1 phy_init         RF data          01 01 0000f000 00001000[0m
[0;32mI (86) boot:  2 factory          factory app      00 00 00010000 00100000[0m
[0;32mI (94) boot: End of partition table[0m
[0;32mI (98) esp_image: segment 0: paddr=00010020 vaddr=3f400020 size=0e6f0h ( 59120) map[0m
[0;32mI (128) esp_image: segment 1: paddr=0001e718 vaddr=3ffb0000 size=01900h (  6400) load[0m
[0;32mI (131) esp_image: segment 2: paddr=00020020 vaddr=400d0020 size=2d838h (186424) map[0m
[0;32mI (201) esp_image: segment 3: paddr=0004d860 vaddr=3ffb1900 size=00800h (  2048) load[0m
[0;32mI (202) esp_image: segment 4: paddr=0004e068 vaddr=40080000 size=0c118h ( 49432) load[0m
[0;32mI (233) boot: Loaded app from partition at offset 0x10000[0m
[0;32mI (233) boot: Disabling RNG early entropy source...[0m
[0;32mI (245) cpu_start: Multicore app[0m
[0;32mI (245) cpu_start: Pro cpu up.[0m
[0;32mI (245) cpu_start: Starting app cpu, entry point is 0x40081180[0m
[0;32mI (232) cpu_start: App cpu up.[0m
[0;32mI (263) cpu_start: Pro cpu start user code[0m
[0;32mI (263) cpu_start: cpu freq: 160000000 Hz[0m
[0;32mI (263) cpu_start: Application information:[0m
[0;32mI (268) cpu_start: Project name:     server-test[0m
[0;32mI (273) cpu_start: App version:      2ec6feb-dirty[0m
[0;32mI (279) cpu_start: Compile time:     Jul 27 2023 04:26:39[0m
[0;32mI (285) cpu_start: ELF file SHA256:  02f8543ae28f1535...[0m
[0;32mI (291) cpu_start: ESP-IDF:          v5.1-dirty[0m
[0;32mI (296) cpu_start: Min chip rev:     v0.0[0m
[0;32mI (301) cpu_start: Max chip rev:     v3.99 [0m
[0;32mI (306) cpu_start: Chip rev:         v3.1[0m
[0;32mI (311) heap_init: Initializing. RAM available for dynamic allocation:[0m
[0;32mI (318) heap_init: At 3FFAE6E0 len 00001920 (6 KiB): DRAM[0m
[0;32mI (324) heap_init: At 3FFB3088 len 0002CF78 (179 KiB): DRAM[0m
[0;32mI (330) heap_init: At 3FFE0440 len 00003AE0 (14 KiB): D/IRAM[0m
[0;32mI (336) heap_init: At 3FFE4350 len 0001BCB0 (111 KiB): D/IRAM[0m
[0;32mI (343) heap_init: At 4008C118 len 00013EE8 (79 KiB): IRAM[0m
[0;32mI (350) spi_flash: detected chip: generic[0m
[0;32mI (354) spi_flash: flash io: dio[0m
[0;33mW (357) spi_flash: Detected size(4096k) larger than the size in the binary image header(2048k). Using the size in the binary image header.[0m
[0;32mI (371) app_start: Starting scheduler on CPU0[0m
[0;32mI (376) app_start: Starting scheduler on CPU1[0m
[0;32mI (376) main_task: Started on CPU0[0m
[0;32mI (386) main_task: Calling app_main()[0m

assert failed: tcpip_send_msg_wait_sem /IDF/components/lwip/lwip/src/api/tcpip.c:449 (Invalid mbox)


Backtrace: 0x400817d6:0x3ffb5010 0x400858b5:0x3ffb5030 0x4008ad9d:0x3ffb5050 0x400dc4d3:0x3ffb5170 0x400e8311:0x3ffb51a0 0x400e8399:0x3ffb51c0 0x400dc335:0x3ffb5210 0x400d8b53:0x3ffb5230 0x400d9185:0x3ffb5290 0x400d651e:0x3ffb52c0 0x400d64e0:0x3ffb5350 0x400fd05f:0x3ffb5380 0x40087ed1:0x3ffb53b0




ELF file SHA256: 02f8543ae28f1535

Rebooting...
ets Jul 29 2019 12:21:46

rst:0xc (SW_CPU_RESET),boot:0x13 (SPI_FAST_FLASH_BOOT)
configsip: 0, SPIWP:0xee
clk_drv:0x00,q_drv:0x00,d_drv:0x00,cs0_drv:0x00,hd_drv:0x00,wp_drv:0x00
mode:DIO, clock div:2
load:0x3fff0030,len:7084
ho 0 tail 12 room 4
load:0x40078000,len:15576
ho 0 tail 12 room 4
load:0x40080400,len:4
load:0x40080404,len:3876
entry 0x4008064c
[0;32mI (32) boot: ESP-IDF v5.1-dirty 2nd stage bootloader[0m
[0;32mI (33) boot: compile time Jul 27 2023 04:27:02[0m
[0;32mI (33) boot: Multicore bootloader[0m
[0;32mI (37) boot: chip revision: v3.1[0m
[0;32mI (41) boot.esp32: SPI Speed      : 40MHz[0m
[0;32mI (46) boot.esp32: SPI Mode       : DIO[0m
[0;32mI (50) boot.esp32: SPI Flash Size : 2MB[0m
[0;32mI (55) boot: Enabling RNG early entropy source...[0m
[0;32mI (60) boot: Partition Table:[0m
[0;32mI (64) boot: ## Label            Usage          Type ST Offset   Length[0m
[0;32mI (71) boot:  0 nvs              WiFi data        01 02 00009000 00006000[0m
[0;32mI (79) boot:  1 phy_init         RF data          01 01 0000f000 00001000[0m
[0;32mI (86) boot:  2 factory          factory app      00 00 00010000 00100000[0m
[0;32mI (94) boot: End of partition table[0m
[0;32mI (98) esp_image: segment 0: paddr=00010020 vaddr=3f400020 size=0e6f0h ( 59120) map[0m
[0;32mI (128) esp_image: segment 1: paddr=0001e718 vaddr=3ffb0000 size=01900h (  6400) load[0m
[0;32mI (131) esp_image: segment 2: paddr=00020020 vaddr=400d0020 size=2d838h (186424) map[0m
[0;32mI (201) esp_image: segment 3: paddr=0004d860 vaddr=3ffb1900 size=00800h (  2048) load[0m
[0;32mI (202) esp_image: segment 4: paddr=0004e068 vaddr=40080000 size=0c118h ( 49432) load[0m
[0;32mI (233) boot: Loaded app from partition at offset 0x10000[0m
[0;32mI (233) boot: Disabling RNG early entropy source...[0m
[0;32mI (245) cpu_start: Multicore app[0m
[0;32mI (245) cpu_start: Pro cpu up.[0m
[0;32mI (245) cpu_start: Starting app cpu, entry point is 0x40081180[0m
[0;32mI (232) cpu_start: App cpu up.[0m
[0;32mI (263) cpu_start: Pro cpu start user code[0m
[0;32mI (263) cpu_start: cpu freq: 160000000 Hz[0m
[0;32mI (263) cpu_start: Application information:[0m
[0;32mI (268) cpu_start: Project name:     server-test[0m
[0;32mI (273) cpu_start: App version:      2ec6feb-dirty[0m
[0;32mI (279) cpu_start: Compile time:     Jul 27 2023 04:26:39[0m
[0;32mI (285) cpu_start: ELF file SHA256:  02f8543ae28f1535...[0m
[0;32mI (291) cpu_start: ESP-IDF:          v5.1-dirty[0m
[0;32mI (296) cpu_start: Min chip rev:     v0.0[0m
[0;32mI (301) cpu_start: Max chip rev:     v3.99 [0m
[0;32mI (306) cpu_start: Chip rev:         v3.1[0m
[0;32mI (311) heap_init: Initializing. RAM available for dynamic allocation:[0m
[0;32mI (318) heap_init: At 3FFAE6E0 len 00001920 (6 KiB): DRAM[0m
[0;32mI (324) heap_init: At 3FFB3088 len 0002CF78 (179 KiB): DRAM[0m
[0;32mI (330) heap_init: At 3FFE0440 len 00003AE0 (14 KiB): D/IRAM[0m
[0;32mI (336) heap_init: At 3FFE4350 len 0001BCB0 (111 KiB): D/IRAM[0m
[0;32mI (343) heap_init: At 4008C118 len 00013EE8 (79 KiB): IRAM[0m
[0;32mI (350) spi_flash: detected chip: generic[0m
[0;32mI (354) spi_flash: flash io: dio[0m
[0;33mW (357) spi_flash: Detected size(4096k) larger than the size in the binary image header(2048k). Using the size in the binary image header.[0m
[0;32mI (371) app_start: Starting scheduler on CPU0[0m
[0;32mI (376) app_start: Starting scheduler on CPU1[0m
[0;32mI (376) main_task: Started on CPU0[0m
[0;32mI (386) main_task: Calling app_main()[0m

assert failed: tcpip_send_msg_wait_sem /IDF/components/lwip/lwip/src/api/tcpip.c:449 (Invalid mbox)


Backtrace: 0x400817d6:0x3ffb5010 0x400858b5:0x3ffb5030 0x4008ad9d:0x3ffb5050 0x400dc4d3:0x3ffb5170 0x400e8311:0x3ffb51a0 0x400e8399:0x3ffb51c0 0x400dc335:0x3ffb5210 0x400d8b53:0x3ffb5230 0x400d9185:0x3ffb5290 0x400d651e:0x3ffb52c0 0x400d64e0:0x3ffb5350 0x400fd05f:0x3ffb5380 0x40087ed1:0x3ffb53b0




ELF file SHA256: 02f8543ae28f1535

Rebooting...
ets Jul 29 2019 12:21:46

rst:0xc (SW_CPU_RESET),boot:0x13 (SPI_FAST_FLASH_BOOT)
configsip: 0, SPIWP:0xee
clk_drv:0x00,q_drv:0x00,d_drv:0x00,cs0_drv:0x00,hd_drv:0x00,wp_drv:0x00
mode:DIO, clock div:2
load:0x3fff0030,len:7084
ho 0 tail 12 room 4
load:0x40078000,len:15576
ho 0 tail 12 room 4
load:0x40080400,len:4
load:0x40080404,len:3876
entry 0x4008064c
[0;32mI (32) boot: ESP-IDF v5.1-dirty 2nd stage bootloader[0m
[0;32mI (33) boot: compile time Jul 27 2023 04:27:02[0m
[0;32mI (33) boot: Multicore bootloader[0m
[0;32mI (37) boot: chip revision: v3.1[0m
[0;32mI (41) boot.esp32: SPI Speed      : 40MHz[0m
[0;32mI (46) boot.esp32: SPI Mode       : DIO[0m
[0;32mI (50) boot.esp32: SPI Flash Size : 2MB[0m
[0;32mI (55) boot: Enabling RNG early entropy source...[0m
[0;32mI (60) boot: Partition Table:[0m
[0;32mI (64) boot: ## Label            Usage          Type ST Offset   Length[0m
[0;32mI (71) boot:  0 nvs              WiFi data        01 02 00009000 00006000[0m
[0;32mI (79) boot:  1 phy_init         RF data          01 01 0000f000 00001000[0m
[0;32mI (86) boot:  2 factory          factory app      00 00 00010000 00100000[0m
[0;32mI (94) boot: End of partition table[0m
[0;32mI (98) esp_image: segment 0: paddr=00010020 vaddr=3f400020 size=0e6f0h ( 59120) map[0m
[0;32mI (128) esp_image: segment 1: paddr=0001e718 vaddr=3ffb0000 size=01900h (  6400) load[0m
[0;32mI (131) esp_image: segment 2: paddr=00020020 vaddr=400d0020 size=2d838h (186424) map[0m
[0;32mI (201) esp_image: segment 3: paddr=0004d860 vaddr=3ffb1900 size=00800h (  2048) load[0m
[0;32mI (202) esp_image: segment 4: paddr=0004e068 vaddr=40080000 size=0c118h ( 49432) load[0m
[0;32mI (233) boot: Loaded app from partition at offset 0x10000[0m
[0;32mI (233) boot: Disabling RNG early entropy source...[0m
[0;32mI (245) cpu_start: Multicore app[0m
[0;32mI (245) cpu_start: Pro cpu up.[0m
[0;32mI (245) cpu_start: Starting app cpu, entry point is 0x40081180[0m
[0;32mI (232) cpu_start: App cpu up.[0m
[0;32mI (263) cpu_start: Pro cpu start user code[0m
[0;32mI (263) cpu_start: cpu freq: 160000000 Hz[0m
[0;32mI (263) cpu_start: Application information:[0m
[0;32mI (268) cpu_start: Project name:     server-test[0m
[0;32mI (273) cpu_start: App version:      2ec6feb-dirty[0m
[0;32mI (279) cpu_start: Compile time:     Jul 27 2023 04:26:39[0m
[0;32mI (285) cpu_start: ELF file SHA256:  02f8543ae28f1535...[0m
[0;32mI (291) cpu_start: ESP-IDF:          v5.1-dirty[0m
[0;32mI (296) cpu_start: Min chip rev:     v0.0[0m
[0;32mI (301) cpu_start: Max chip rev:     v3.99 [0m
[0;32mI (306) cpu_start: Chip rev:         v3.1[0m
[0;32mI (311) heap_init: Initializing. RAM available for dynamic allocation:[0m
[0;32mI (318) heap_init: At 3FFAE6E0 len 00001920 (6 KiB): DRAM[0m
[0;32mI (324) heap_init: At 3FFB3088 len 0002CF78 (179 KiB): DRAM[0m
[0;32mI (330) heap_init: At 3FFE0440 len 00003AE0 (14 KiB): D/IRAM[0m
[0;32mI (336) heap_init: At 3FFE4350 len 0001BCB0 (111 KiB): D/IRAM[0m
[0;32mI (343) heap_init: At 4008C118 len 00013EE8 (79 KiB): IRAM[0m
[0;32mI (350) spi_flash: detected chip: generic[0m
[0;32mI (354) spi_flash: flash io: dio[0m
[0;33mW (357) spi_flash: Detected size(4096k) larger than the size in the binary image header(2048k). Using the size in the binary image header.[0m
[0;32mI (371) app_start: Starting scheduler on CPU0[0m
[0;32mI (376) app_start: Starting scheduler on CPU1[0m
[0;32mI (376) main_task: Started on CPU0[0m
[0;32mI (386) main_task: Calling app_main()[0m

assert failed: tcpip_send_msg_wait_sem /IDF/components/lwip/lwip/src/api/tcpip.c:449 (Invalid mbox)


Backtrace: 0x400817d6:0x3ffb5010 0x400858b5:0x3ffb5030 0x4008ad9d:0x3ffb5050 0x400dc4d3:0x3ffb5170 0x400e8311:0x3ffb51a0 0x400e8399:0x3ffb51c0 0x400dc335:0x3ffb5210 0x400d8b53:0x3ffb5230 0x400d9185:0x3ffb5290 0x400d651e:0x3ffb52c0 0x400d64e0:0x3ffb5350 0x400fd05f:0x3ffb5380 0x40087ed1:0x3ffb53b0




ELF file SHA256: 02f8543ae28f1535

Rebooting...
ets Jul 29 2019 12:21:46

rst:0xc (SW_CPU_RESET),boot:0x13 (SPI_FAST_FLASH_BOOT)
configsip: 0, SPIWP:0xee
clk_drv:0x00,q_drv:0x00,d_drv:0x00,cs0_drv:0x00,hd_drv:0x00,wp_drv:0x00
mode:DIO, clock div:2
load:0x3fff0030,len:7084
ho 0 tail 12 room 4
load:0x40078000,len:15576
ho 0 tail 12 room 4
load:0x40080400,len:4
load:0x40080404,len:3876
entry 0x4008064c
[0;32mI (32) boot: ESP-IDF v5.1-dirty 2nd stage bootloader[0m
[0;32mI (33) boot: compile time Jul 27 2023 04:27:02[0m
[0;32mI (33) boot: Multicore bootloader[0m
[0;32mI (37) boot: chip revision: v3.1[0m
[0;32mI (41) boot.esp32: SPI Speed      : 40MHz[0m
[0;32mI (46) boot.esp32: SPI Mode       : DIO[0m
[0;32mI (50) boot.esp32: SPI Flash Size : 2MB[0m
[0;32mI (55) boot: Enabling RNG early entropy source...[0m
[0;32mI (60) boot: Partition Table:[0m
[0;32mI (64) boot: ## Label            Usage          Type ST Offset   Length[0m
[0;32mI (71) boot:  0 nvs              WiFi data        01 02 00009000 00006000[0m
[0;32mI (79) boot:  1 phy_init         RF data          01 01 0000f000 00001000[0m
[0;32mI (86) boot:  2 factory          factory app      00 00 00010000 00100000[0m
[0;32mI (94) boot: End of partition table[0m
[0;32mI (98) esp_image: segment 0: paddr=00010020 vaddr=3f400020 size=0e6f0h ( 59120) map[0m
[0;32mI (128) esp_image: segment 1: paddr=0001e718 vaddr=3ffb0000 size=01900h (  6400) load[0m
[0;32mI (131) esp_image: segment 2: paddr=00020020 vaddr=400d0020 size=2d838h (186424) map[0m
[0;32mI (201) esp_image: segment 3: paddr=0004d860 vaddr=3ffb1900 size=00800h (  2048) load[0m
[0;32mI (202) esp_image: segment 4: paddr=0004e068 vaddr=40080000 size=0c118h ( 49432) load[0m
[0;32mI (233) boot: Loaded app from partition at offset 0x10000[0m
[0;32mI (233) boot: Disabling RNG early entropy source...[0m
[0;32mI (245) cpu_start: Multicore app[0m
[0;32mI (245) cpu_start: Pro cpu up.[0m
[0;32mI (245) cpu_start: Starting app cpu, entry point is 0x40081180[0m
[0;32mI (232) cpu_start: App cpu up.[0m
[0;32mI (263) cpu_start: Pro cpu start user code[0m
[0;32mI (263) cpu_start: cpu freq: 160000000 Hz[0m
[0;32mI (263) cpu_start: Application information:[0m
[0;32mI (268) cpu_start: Project name:     server-test[0m
[0;32mI (273) cpu_start: App version:      2ec6feb-dirty[0m
[0;32mI (279) cpu_start: Compile time:     Jul 27 2023 04:26:39[0m
[0;32mI (285) cpu_start: ELF file SHA256:  02f8543ae28f1535...[0m
[0;32mI (291) cpu_start: ESP-IDF:          v5.1-dirty[0m
[0;32mI (296) cpu_start: Min chip rev:     v0.0[0m
[0;32mI (301) cpu_start: Max chip rev:     v3.99 [0m
[0;32mI (306) cpu_start: Chip rev:         v3.1[0m
[0;32mI (311) heap_init: Initializing. RAM available for dynamic allocation:[0m
[0;32mI (318) heap_init: At 3FFAE6E0 len 00001920 (6 KiB): DRAM[0m
[0;32mI (324) heap_init: At 3FFB3088 len 0002CF78 (179 KiB): DRAM[0m
[0;32mI (330) heap_init: At 3FFE0440 len 00003AE0 (14 KiB): D/IRAM[0m
[0;32mI (336) heap_init: At 3FFE4350 len 0001BCB0 (111 KiB): D/IRAM[0m
[0;32mI (343) heap_init: At 4008C118 len 00013EE8 (79 KiB): IRAM[0m
[0;32mI (350) spi_flash: detected chip: generic[0m
[0;32mI (354) spi_flash: flash io: dio[0m
[0;33mW (357) spi_flash: Detected size(4096k) larger than the size in the binary image header(2048k). Using the size in the binary image header.[0m
[0;32mI (371) app_start: Starting scheduler on CPU0[0m
[0;32mI (376) app_start: Starting scheduler on CPU1[0m
[0;32mI (376) main_task: Started on CPU0[0m
[0;32mI (386) main_task: Calling app_main()[0m

assert failed: tcpip_send_msg_wait_sem /IDF/components/lwip/lwip/src/api/tcpip.c:449 (Invalid mbox)


Backtrace: 0x400817d6:0x3ffb5010 0x400858b5:0x3ffb5030 0x4008ad9d:0x3ffb5050 0x400dc4d3:0x3ffb5170 0x400e8311:0x3ffb51a0 0x400e8399:0x3ffb51c0 0x400dc335:0x3ffb5210 0x400d8b53:0x3ffb5230 0x400d9185:0x3ffb5290 0x400d651e:0x3ffb52c0 0x400d64e0:0x3ffb5350 0x400fd05f:0x3ffb5380 0x40087ed1:0x3ffb53b0




ELF file SHA256: 02f8543ae28f1535

Rebooting...
ets Jul 29 2019 12:21:46

rst:0xc (SW_CPU_RESET),boot:0x13 (SPI_FAST_FLASH_BOOT)
configsip: 0, SPIWP:0xee
clk_drv:0x00,q_drv:0x00,d_drv:0x00,cs0_drv:0x00,hd_drv:0x00,wp_drv:0x00
mode:DIO, clock div:2
load:0x3fff0030,len:7084
ho 0 tail 12 room 4
load:0x40078000,len:15576
ho 0 tail 12 room 4
load:0x40080400,len:4
load:0x40080404,len:3876
entry 0x4008064c
[0;32mI (32) boot: ESP-IDF v5.1-dirty 2nd stage bootloader[0m
[0;32mI (33) boot: compile time Jul 27 2023 04:27:02[0m
[0;32mI (33) boot: Multicore bootloader[0m
[0;32mI (37) boot: chip revision: v3.1[0m
[0;32mI (41) boot.esp32: SPI Speed      : 40MHz[0m
[0;32mI (46) boot.esp32: SPI Mode       : DIO[0m
[0;32mI (50) boot.esp32: SPI Flash Size : 2MB[0m
[0;32mI (55) boot: Enabling RNG early entropy source...[0m
[0;32mI (60) boot: Partition Table:[0m
[0;32mI (64) boot: ## Label            Usage          Type ST Offset   Length[0m
[0;32mI (71) boot:  0 nvs              WiFi data        01 02 00009000 00006000[0m
[0;32mI (79) boot:  1 phy_init         RF data          01 01 0000f000 00001000[0m
[0;32mI (86) boot:  2 factory          factory app      00 00 00010000 00100000[0m
[0;32mI (94) boot: End of partition table[0m
[0;32mI (98) esp_image: segment 0: paddr=00010020 vaddr=3f400020 size=0e6f0h ( 59120) map[0m
[0;32mI (128) esp_image: segment 1: paddr=0001e718 vaddr=3ffb0000 size=01900h (  6400) load[0m
[0;32mI (131) esp_image: segment 2: paddr=00020020 vaddr=400d0020 size=2d838h (186424) map[0m
[0;32mI (201) esp_image: segment 3: paddr=0004d860 vaddr=3ffb1900 size=00800h (  2048) load[0m
[0;32mI (202) esp_image: segment 4: paddr=0004e068 vaddr=40080000 size=0c118h ( 49432) load[0m
[0;32mI (233) boot: Loaded app from partition at offset 0x10000[0m
[0;32mI (233) boot: Disabling RNG early entropy source...[0m
[0;32mI (245) cpu_start: Multicore app[0m
[0;32mI (245) cpu_start: Pro cpu up.[0m
[0;32mI (245) cpu_start: Starting app cpu, entry point is 0x40081180[0m
[0;32mI (232) cpu_start: App cpu up.[0m
[0;32mI (263) cpu_start: Pro cpu start user code[0m
[0;32mI (263) cpu_start: cpu freq: 160000000 Hz[0m
[0;32mI (263) cpu_start: Application information:[0m
[0;32mI (268) cpu_start: Project name:     server-test[0m
[0;32mI (273) cpu_start: App version:      2ec6feb-dirty[0m
[0;32mI (279) cpu_start: Compile time:     Jul 27 2023 04:26:39[0m
[0;32mI (285) cpu_start: ELF file SHA256:  02f8543ae28f1535...[0m
[0;32mI (291) cpu_start: ESP-IDF:          v5.1-dirty[0m
[0;32mI (296) cpu_start: Min chip rev:     v0.0[0m
[0;32mI (301) cpu_start: Max chip rev:     v3.99 [0m
[0;32mI (306) cpu_start: Chip rev:         v3.1[0m
[0;32mI (311) heap_init: Initializing. RAM available for dynamic allocation:[0m
[0;32mI (318) heap_init: At 3FFAE6E0 len 00001920 (6 KiB): DRAM[0m
[0;32mI (324) heap_init: At 3FFB3088 len 0002CF78 (179 KiB): DRAM[0m
[0;32mI (330) heap_init: At 3FFE0440 len 00003AE0 (14 KiB): D/IRAM[0m
[0;32mI (336) heap_init: At 3FFE4350 len 0001BCB0 (111 KiB): D/IRAM[0m
[0;32mI (343) heap_init: At 4008C118 len 00013EE8 (79 KiB): IRAM[0m
[0;32mI (350) spi_flash: detected chip: generic[0m
[0;32mI (354) spi_flash: flash io: dio[0m
[0;33mW (357) spi_flash: Detected size(4096k) larger than the size in the binary image header(2048k). Using the size in the binary image header.[0m
[0;32mI (371) app_start: Starting scheduler on CPU0[0m
[0;32mI (376) app_start: Starting scheduler on CPU1[0m
[0;32mI (376) main_task: Started on CPU0[0m
[0;32mI (386) main_task: Calling app_main()[0m

assert failed: tcpip_send_msg_wait_sem /IDF/components/lwip/lwip/src/api/tcpip.c:449 (Invalid mbox)


Backtrace: 0x400817d6:0x3ffb5010 0x400858b5:0x3ffb5030 0x4008ad9d:0x3ffb5050 0x400dc4d3:0x3ffb5170 0x400e8311:0x3ffb51a0 0x400e8399:0x3ffb51c0 0x400dc335:0x3ffb5210 0x400d8b53:0x3ffb5230 0x400d9185:0x3ffb5290 0x400d651e:0x3ffb52c0 0x400d64e0:0x3ffb5350 0x400fd05f:0x3ffb5380 0x40087ed1:0x3ffb53b0




ELF file SHA256: 02f8543ae28f1535

Rebooting...
ets Jul 29 2019 12:21:46

rst:0xc (SW_CPU_RESET),boot:0x13 (SPI_FAST_FLASH_BOOT)
configsip: 0, SPIWP:0xee
clk_drv:0x00,q_drv:0x00,d_drv:0x00,cs0_drv:0x00,hd_drv:0x00,wp_drv:0x00
mode:DIO, clock div:2
load:0x3fff0030,len:7084
ho 0 tail 12 room 4
load:0x40078000,len:15576
ho 0 tail 12 room 4
load:0x40080400,len:4
load:0x40080404,len:3876
entry 0x4008064c
[0;32mI (32) boot: ESP-IDF v5.1-dirty 2nd stage bootloader[0m
[0;32mI (33) boot: compile time Jul 27 2023 04:27:02[0m
[0;32mI (33) boot: Multicore bootloader[0m
[0;32mI (37) boot: chip revision: v3.1[0m
[0;32mI (41) boot.esp32: SPI Speed      : 40MHz[0m
[0;32mI (46) boot.esp32: SPI Mode       : DIO[0m
[0;32mI (50) boot.esp32: SPI Flash Size : 2MB[0m
[0;32mI (55) boot: Enabling RNG early entropy source...[0m
[0;32mI (60) boot: Partition Table:[0m
[0;32mI (64) boot: ## Label            Usage          Type ST Offset   Length[0m
[0;32mI (71) boot:  0 nvs              WiFi data        01 02 00009000 00006000[0m
[0;32mI (79) boot:  1 phy_init         RF data          01 01 0000f000 00001000[0m
[0;32mI (86) boot:  2 factory          factory app      00 00 00010000 00100000[0m
[0;32mI (94) boot: End of partition table[0m
[0;32mI (98) esp_image: segment 0: paddr=00010020 vaddr=3f400020 size=0e6f0h ( 59120) map[0m
[0;32mI (128) esp_image: segment 1: paddr=0001e718 vaddr=3ffb0000 size=01900h (  6400) load[0m
[0;32mI (131) esp_image: segment 2: paddr=00020020 vaddr=400d0020 size=2d838h (186424) map[0m
[0;32mI (201) esp_image: segment 3: paddr=0004d860 vaddr=3ffb1900 size=00800h (  2048) load[0m
[0;32mI (202) esp_image: segment 4: paddr=0004e068 vaddr=40080000 size=0c118h ( 49432) load[0m
[0;32mI (233) boot: Loaded app from partition at offset 0x10000[0m
[0;32mI (233) boot: Disabling RNG early entropy source...[0m
[0;32mI (245) cpu_start: Multicore app[0m
[0;32mI (245) cpu_start: Pro cpu up.[0m
[0;32mI (245) cpu_start: Starting app cpu, entry point is 0x40081180[0m
[0;32mI (232) cpu_start: App cpu up.[0m
[0;32mI (263) cpu_start: Pro cpu start user code[0m
[0;32mI (263) cpu_start: cpu freq: 160000000 Hz[0m
[0;32mI (263) cpu_start: Application information:[0m
[0;32mI (268) cpu_start: Project name:     server-test[0m
[0;32mI (273) cpu_start: App version:      2ec6feb-dirty[0m
[0;32mI (279) cpu_start: Compile time:     Jul 27 2023 04:26:39[0m
[0;32mI (285) cpu_start: ELF file SHA256:  02f8543ae28f1535...[0m
[0;32mI (291) cpu_start: ESP-IDF:          v5.1-dirty[0m
[0;32mI (296) cpu_start: Min chip rev:     v0.0[0m
[0;32mI (301) cpu_start: Max chip rev:     v3.99 [0m
[0;32mI (306) cpu_start: Chip rev:         v3.1[0m
[0;32mI (311) heap_init: Initializing. RAM available for dynamic allocation:[0m
[0;32mI (318) heap_init: At 3FFAE6E0 len 00001920 (6 KiB): DRAM[0m
[0;32mI (324) heap_init: At 3FFB3088 len 0002CF78 (179 KiB): DRAM[0m
[0;32mI (330) heap_init: At 3FFE0440 len 00003AE0 (14 KiB): D/IRAM[0m
[0;32mI (336) heap_init: At 3FFE4350 len 0001BCB0 (111 KiB): D/IRAM[0m
[0;32mI (343) heap_init: At 4008C118 len 00013EE8 (79 KiB): IRAM[0m
[0;32mI (350) spi_flash: detected chip: generic[0m
[0;32mI (354) spi_flash: flash io: dio[0m
[0;33mW (357) spi_flash: Detected size(4096k) larger than the size in the binary image header(2048k). Using the size in the binary image header.[0m
[0;32mI (371) app_start: Starting scheduler on CPU0[0m
[0;32mI (376) app_start: Starting scheduler on CPU1[0m
[0;32mI (376) main_task: Started on CPU0[0m
[0;32mI (386) main_task: Calling app_main()[0m

assert failed: tcpip_send_msg_wait_sem /IDF/components/lwip/lwip/src/api/tcpip.c:449 (Invalid mbox)


Backtrace: 0x400817d6:0x3ffb5010 0x400858b5:0x3ffb5030 0x4008ad9d:0x3ffb5050 0x400dc4d3:0x3ffb5170 0x400e8311:0x3ffb51a0 0x400e8399:0x3ffb51c0 0x400dc335:0x3ffb5210 0x400d8b53:0x3ffb5230 0x400d9185:0x3ffb5290 0x400d651e:0x3ffb52c0 0x400d64e0:0x3ffb5350 0x400fd05f:0x3ffb5380 0x40087ed1:0x3ffb53b0




ELF file SHA256: 02f8543ae28f1535

Rebooting...
ets Jul 29 2019 12:21:46

rst:0xc (SW_CPU_RESET),boot:0x13 (SPI_FAST_FLASH_BOOT)
configsip: 0, SPIWP:0xee
clk_drv:0x00,q_drv:0x00,d_drv:0x00,cs0_drv:0x00,hd_drv:0x00,wp_drv:0x00
mode:DIO, clock div:2
load:0x3fff0030,len:7084
ho 0 tail 12 room 4
load:0x40078000,len:15576
ho 0 tail 12 room 4
load:0x40080400,len:4
load:0x40080404,len:3876
entry 0x4008064c
[0;32mI (32) boot: ESP-IDF v5.1-dirty 2nd stage bootloader[0m
[0;32mI (33) boot: compile time Jul 27 2023 04:27:02[0m
[0;32mI (33) boot: Multicore bootloader[0m
[0;32mI (37) boot: chip revision: v3.1[0m
[0;32mI (41) boot.esp32: SPI Speed      : 40MHz[0m
[0;32mI (46) boot.esp32: SPI Mode       : DIO[0m
[0;32mI (50) boot.esp32: SPI Flash Size : 2MB[0m
[0;32mI (55) boot: Enabling RNG early entropy source...[0m
[0;32mI (60) boot: Partition Table:[0m
[0;32mI (64) boot: ## Label            Usage          Type ST Offset   Length[0m
[0;32mI (71) boot:  0 nvs              WiFi data        01 02 00009000 00006000[0m
[0;32mI (79) boot:  1 phy_init         RF data          01 01 0000f000 00001000[0m
[0;32mI (86) boot:  2 factory          factory app      00 00 00010000 00100000[0m
[0;32mI (94) boot: End of partition table[0m
[0;32mI (98) esp_image: segment 0: paddr=00010020 vaddr=3f400020 size=0e6f0h ( 59120) map[0m
[0;32mI (128) esp_image: segment 1: paddr=0001e718 vaddr=3ffb0000 size=01900h (  6400) load[0m
[0;32mI (131) esp_image: segment 2: paddr=00020020 vaddr=400d0020 size=2d838h (186424) map[0m
[0;32mI (201) esp_image: segment 3: paddr=0004d860 vaddr=3ffb1900 size=00800h (  2048) load[0m
[0;32mI (202) esp_image: segment 4: paddr=0004e068 vaddr=40080000 size=0c118h ( 49432) load[0m
[0;32mI (233) boot: Loaded app from partition at offset 0x10000[0m
[0;32mI (233) boot: Disabling RNG early entropy source...[0m
[0;32mI (245) cpu_start: Multicore app[0m
[0;32mI (245) cpu_start: Pro cpu up.[0m
[0;32mI (245) cpu_start: Starting app cpu, entry point is 0x40081180[0m
[0;32mI (232) cpu_start: App cpu up.[0m
[0;32mI (263) cpu_start: Pro cpu start user code[0m
[0;32mI (263) cpu_start: cpu freq: 160000000 Hz[0m
[0;32mI (263) cpu_start: Application information:[0m
[0;32mI (268) cpu_start: Project name:     server-test[0m
[0;32mI (273) cpu_start: App version:      2ec6feb-dirty[0m
[0;32mI (279) cpu_start: Compile time:     Jul 27 2023 04:26:39[0m
[0;32mI (285) cpu_start: ELF file SHA256:  02f8543ae28f1535...[0m
[0;32mI (291) cpu_start: ESP-IDF:          v5.1-dirty[0m
[0;32mI (296) cpu_start: Min chip rev:     v0.0[0m
[0;32mI (301) cpu_start: Max chip rev:     v3.99 [0m
[0;32mI (306) cpu_start: Chip rev:         v3.1[0m
[0;32mI (311) heap_init: Initializing. RAM available for dynamic allocation:[0m
[0;32mI (318) heap_init: At 3FFAE6E0 len 00001920 (6 KiB): DRAM[0m
[0;32mI (324) heap_init: At 3FFB3088 len 0002CF78 (179 KiB): DRAM[0m
[0;32mI (330) heap_init: At 3FFE0440 len 00003AE0 (14 KiB): D/IRAM[0m
[0;32mI (336) heap_init: At 3FFE4350 len 0001BCB0 (111 KiB): D/IRAM[0m
[0;32mI (343) heap_init: At 4008C118 len 00013EE8 (79 KiB): IRAM[0m
[0;32mI (350) spi_flash: detected chip: generic[0m
[0;32mI (354) spi_flash: flash io: dio[0m
[0;33mW (357) spi_flash: Detected size(4096k) larger than the size in the binary image header(2048k). Using the size in the binary image header.[0m
[0;32mI (371) app_start: Starting scheduler on CPU0[0m
[0;32mI (376) app_start: Starting scheduler on CPU1[0m
[0;32mI (376) main_task: Started on CPU0[0m
[0;32mI (386) main_task: Calling app_main()[0m

assert failed: tcpip_send_msg_wait_sem /IDF/components/lwip/lwip/src/api/tcpip.c:449 (Invalid mbox)


Backtrace: 0x400817d6:0x3ffb5010 0x400858b5:0x3ffb5030 0x4008ad9d:0x3ffb5050 0x400dc4d3:0x3ffb5170 0x400e8311:0x3ffb51a0 0x400e8399:0x3ffb51c0 0x400dc335:0x3ffb5210 0x400d8b53:0x3ffb5230 0x400d9185:0x3ffb5290 0x400d651e:0x3ffb52c0 0x400d64e0:0x3ffb5350 0x400fd05f:0x3ffb5380 0x40087ed1:0x3ffb53b0




ELF file SHA256: 02f8543ae28f1535

Rebooting...
ets Jul 29 2019 12:21:46

rst:0xc (SW_CPU_RESET),boot:0x13 (SPI_FAST_FLASH_BOOT)
configsip: 0, SPIWP:0xee
clk_drv:0x00,q_drv:0x00,d_drv:0x00,cs0_drv:0x00,hd_drv:0x00,wp_drv:0x00
mode:DIO, clock div:2
load:0x3fff0030,len:7084
ho 0 tail 12 room 4
load:0x40078000,len:15576
ho 0 tail 12 room 4
load:0x40080400,len:4
load:0x40080404,len:3876
entry 0x4008064c
[0;32mI (32) boot: ESP-IDF v5.1-dirty 2nd stage bootloader[0m
[0;32mI (33) boot: compile time Jul 27 2023 04:27:02[0m
[0;32mI (33) boot: Multicore bootloader[0m
[0;32mI (37) boot: chip revision: v3.1[0m
[0;32mI (41) boot.esp32: SPI Speed      : 40MHz[0m
[0;32mI (46) boot.esp32: SPI Mode       : DIO[0m
[0;32mI (50) boot.esp32: SPI Flash Size : 2MB[0m
[0;32mI (55) boot: Enabling RNG early entropy source...[0m
[0;32mI (60) boot: Partition Table:[0m
[0;32mI (64) boot: ## Label            Usage          Type ST Offset   Length[0m
[0;32mI (71) boot:  0 nvs              WiFi data        01 02 00009000 00006000[0m
[0;32mI (79) boot:  1 phy_init         RF data          01 01 0000f000 00001000[0m
[0;32mI (86) boot:  2 factory          factory app      00 00 00010000 00100000[0m
[0;32mI (94) boot: End of partition table[0m
[0;32mI (98) esp_image: segment 0: paddr=00010020 vaddr=3f400020 size=0e6f0h ( 59120) map[0m
[0;32mI (128) esp_image: segment 1: paddr=0001e718 vaddr=3ffb0000 size=01900h (  6400) load[0m
[0;32mI (131) esp_image: segment 2: paddr=00020020 vaddr=400d0020 size=2d838h (186424) map[0m
[0;32mI (201) esp_image: segment 3: paddr=0004d860 vaddr=3ffb1900 size=00800h (  2048) load[0m
[0;32mI (202) esp_image: segment 4: paddr=0004e068 vaddr=40080000 size=0c118h ( 49432) load[0m
[0;32mI (233) boot: Loaded app from partition at offset 0x10000[0m
[0;32mI (233) boot: Disabling RNG early entropy source...[0m
[0;32mI (245) cpu_start: Multicore app[0m
[0;32mI (245) cpu_start: Pro cpu up.[0m
[0;32mI (245) cpu_start: Starting app cpu, entry point is 0x40081180[0m
[0;32mI (232) cpu_start: App cpu up.[0m
[0;32mI (263) cpu_start: Pro cpu start user code[0m
[0;32mI (263) cpu_start: cpu freq: 160000000 Hz[0m
[0;32mI (263) cpu_start: Application information:[0m
[0;32mI (268) cpu_start: Project name:     server-test[0m
[0;32mI (273) cpu_start: App version:      2ec6feb-dirty[0m
[0;32mI (279) cpu_start: Compile time:     Jul 27 2023 04:26:39[0m
[0;32mI (285) cpu_start: ELF file SHA256:  02f8543ae28f1535...[0m
[0;32mI (291) cpu_start: ESP-IDF:          v5.1-dirty[0m
[0;32mI (296) cpu_start: Min chip rev:     v0.0[0m
[0;32mI (301) cpu_start: Max chip rev:     v3.99 [0m
[0;32mI (306) cpu_start: Chip rev:         v3.1[0m
[0;32mI (311) heap_init: Initializing. RAM available for dynamic allocation:[0m
[0;32mI (318) heap_init: At 3FFAE6E0 len 00001920 (6 KiB): DRAM[0m
[0;32mI (324) heap_init: At 3FFB3088 len 0002CF78 (179 KiB): DRAM[0m
[0;32mI (330) heap_init: At 3FFE0440 len 00003AE0 (14 KiB): D/IRAM[0m
[0;32mI (336) heap_init: At 3FFE4350 len 0001BCB0 (111 KiB): D/IRAM[0m
[0;32mI (343) heap_init: At 4008C118 len 00013EE8 (79 KiB): IRAM[0m
[0;32mI (350) spi_flash: detected chip: generic[0m
[0;32mI (354) spi_flash: flash io: dio[0m
[0;33mW (357) spi_flash: Detected size(4096k) larger than the size in the binary image header(2048k). Using the size in the binary image header.[0m
[0;32mI (371) app_start: Starting scheduler on CPU0[0m
[0;32mI (376) app_start: Starting scheduler on CPU1[0m
[0;32mI (376) main_task: Started on CPU0[0m
[0;32mI (386) main_task: Calling app_main()[0m

assert failed: tcpip_send_msg_wait_sem /IDF/components/lwip/lwip/src/api/tcpip.c:449 (Invalid mbox)


Backtrace: 0x400817d6:0x3ffb5010 0x400858b5:0x3ffb5030 0x4008ad9d:0x3ffb5050 0x400dc4d3:0x3ffb5170 0x400e8311:0x3ffb51a0 0x400e8399:0x3ffb51c0 0x400dc335:0x3ffb5210 0x400d8b53:0x3ffb5230 0x400d9185:0x3ffb5290 0x400d651e:0x3ffb52c0 0x400d64e0:0x3ffb5350 0x400fd05f:0x3ffb5380 0x40087ed1:0x3ffb53b0




ELF file SHA256: 02f8543ae28f1535

Rebooting...
ets Jul 29 2019 12:21:46

rst:0xc (SW_CPU_RESET),boot:0x13 (SPI_FAST_FLASH_BOOT)
configsip: 0, SPIWP:0xee
clk_drv:0x00,q_drv:0x00,d_drv:0x00,cs0_drv:0x00,hd_drv:0x00,wp_drv:0x00
mode:DIO, clock div:2
load:0x3fff0030,len:7084
ho 0 tail 12 room 4
load:0x40078000,len:15576
ho 0 tail 12 room 4
load:0x40080400,len:4
load:0x40080404,len:3876
entry 0x4008064c
[0;32mI (32) boot: ESP-IDF v5.1-dirty 2nd stage bootloader[0m
[0;32mI (33) boot: compile time Jul 27 2023 04:27:02[0m
[0;32mI (33) boot: Multicore bootloader[0m
[0;32mI (37) boot: chip revision: v3.1[0m
[0;32mI (41) boot.esp32: SPI Speed      : 40MHz[0m
[0;32mI (46) boot.esp32: SPI Mode       : DIO[0m
[0;32mI (50) boot.esp32: SPI Flash Size : 2MB[0m
[0;32mI (55) boot: Enabling RNG early entropy source...[0m
[0;32mI (60) boot: Partition Table:[0m
[0;32mI (64) boot: ## Label            Usage          Type ST Offset   Length[0m
[0;32mI (71) boot:  0 nvs              WiFi data        01 02 00009000 00006000[0m
[0;32mI (79) boot:  1 phy_init         RF data          01 01 0000f000 00001000[0m
[0;32mI (86) boot:  2 factory          factory app      00 00 00010000 00100000[0m
[0;32mI (94) boot: End of partition table[0m
[0;32mI (98) esp_image: segment 0: paddr=00010020 vaddr=3f400020 size=0e6f0h ( 59120) map[0m
[0;32mI (128) esp_image: segment 1: paddr=0001e718 vaddr=3ffb0000 size=01900h (  6400) load[0m
[0;32mI (131) esp_image: segment 2: paddr=00020020 vaddr=400d0020 size=2d838h (186424) map[0m
[0;32mI (201) esp_image: segment 3: paddr=0004d860 vaddr=3ffb1900 size=00800h (  2048) load[0m
[0;32mI (202) esp_image: segment 4: paddr=0004e068 vaddr=40080000 size=0c118h ( 49432) load[0m
[0;32mI (233) boot: Loaded app from partition at offset 0x10000[0m
[0;32mI (233) boot: Disabling RNG early entropy source...[0m
[0;32mI (245) cpu_start: Multicore app[0m
[0;32mI (245) cpu_start: Pro cpu up.[0m
[0;32mI (245) cpu_start: Starting app cpu, entry point is 0x40081180[0m
[0;32mI (232) cpu_start: App cpu up.[0m
[0;32mI (263) cpu_start: Pro cpu start user code[0m
[0;32mI (263) cpu_start: cpu freq: 160000000 Hz[0m
[0;32mI (263) cpu_start: Application information:[0m
[0;32mI (268) cpu_start: Project name:     server-test[0m
[0;32mI (273) cpu_start: App version:      2ec6feb-dirty[0m
[0;32mI (279) cpu_start: Compile time:     Jul 27 2023 04:26:39[0m
[0;32mI (285) cpu_start: ELF file SHA256:  02f8543ae28f1535...[0m
[0;32mI (291) cpu_start: ESP-IDF:          v5.1-dirty[0m
[0;32mI (296) cpu_start: Min chip rev:     v0.0[0m
[0;32mI (301) cpu_start: Max chip rev:     v3.99 [0m
[0;32mI (306) cpu_start: Chip rev:         v3.1[0m
[0;32mI (311) heap_init: Initializing. RAM available for dynamic allocation:[0m
[0;32mI (318) heap_init: At 3FFAE6E0 len 00001920 (6 KiB): DRAM[0m
[0;32mI (324) heap_init: At 3FFB3088 len 0002CF78 (179 KiB): DRAM[0m
[0;32mI (330) heap_init: At 3FFE0440 len 00003AE0 (14 KiB): D/IRAM[0m
[0;32mI (336) heap_init: At 3FFE4350 len 0001BCB0 (111 KiB): D/IRAM[0m
[0;32mI (343) heap_init: At 4008C118 len 00013EE8 (79 KiB): IRAM[0m
[0;32mI (350) spi_flash: detected chip: generic[0m
[0;32mI (354) spi_flash: flash io: dio[0m
[0;33mW (357) spi_flash: Detected size(4096k) larger than the size in the binary image header(2048k). Using the size in the binary image header.[0m
[0;32mI (371) app_start: Starting scheduler on CPU0[0m
[0;32mI (376) app_start: Starting scheduler on CPU1[0m
[0;32mI (376) main_task: Started on CPU0[0m
[0;32mI (386) main_task: Calling app_main()[0m

assert failed: tcpip_send_msg_wait_sem /IDF/components/lwip/lwip/src/api/tcpip.c:449 (Invalid mbox)


Backtrace: 0x400817d6:0x3ffb5010 0x400858b5:0x3ffb5030 0x4008ad9d:0x3ffb5050 0x400dc4d3:0x3ffb5170 0x400e8311:0x3ffb51a0 0x400e8399:0x3ffb51c0 0x400dc335:0x3ffb5210 0x400d8b53:0x3ffb5230 0x400d9185:0x3ffb5290 0x400d651e:0x3ffb52c0 0x400d64e0:0x3ffb5350 0x400fd05f:0x3ffb5380 0x40087ed1:0x3ffb53b0




ELF file SHA256: 02f8543ae28f1535

Rebooting...
ets Jul 29 2019 12:21:46

rst:0xc (SW_CPU_RESET),boot:0x13 (SPI_FAST_FLASH_BOOT)
configsip: 0, SPIWP:0xee
clk_drv:0x00,q_drv:0x00,d_drv:0x00,cs0_drv:0x00,hd_drv:0x00,wp_drv:0x00
mode:DIO, clock div:2
load:0x3fff0030,len:7084
ho 0 tail 12 room 4
load:0x40078000,len:15576
ho 0 tail 12 room 4
load:0x40080400,len:4
load:0x40080404,len:3876
entry 0x4008064c
[0;32mI (32) boot: ESP-IDF v5.1-dirty 2nd stage bootloader[0m
[0;32mI (33) boot: compile time Jul 27 2023 04:27:02[0m
[0;32mI (33) boot: Multicore bootloader[0m
[0;32mI (37) boot: chip revision: v3.1[0m
[0;32mI (41) boot.esp32: SPI Speed      : 40MHz[0m
[0;32mI (46) boot.esp32: SPI Mode       : DIO[0m
[0;32mI (50) boot.esp32: SPI Flash Size : 2MB[0m
[0;32mI (55) boot: Enabling RNG early entropy source...[0m
[0;32mI (60) boot: Partition Table:[0m
[0;32mI (64) boot: ## Label            Usage          Type ST Offset   Length[0m
[0;32mI (71) boot:  0 nvs              WiFi data        01 02 00009000 00006000[0m
[0;32mI (79) boot:  1 phy_init         RF data          01 01 0000f000 00001000[0m
[0;32mI (86) boot:  2 factory          factory app      00 00 00010000 00100000[0m
[0;32mI (94) boot: End of partition table[0m
[0;32mI (98) esp_image: segment 0: paddr=00010020 vaddr=3f400020 size=0e6f0h ( 59120) map[0m
[0;32mI (128) esp_image: segment 1: paddr=0001e718 vaddr=3ffb0000 size=01900h (  6400) load[0m
[0;32mI (131) esp_image: segment 2: paddr=00020020 vaddr=400d0020 size=2d838h (186424) map[0m
[0;32mI (201) esp_image: segment 3: paddr=0004d860 vaddr=3ffb1900 size=00800h (  2048) load[0m
[0;32mI (202) esp_image: segment 4: paddr=0004e068 vaddr=40080000 size=0c118h ( 49432) load[0m
[0;32mI (233) boot: Loaded app from partition at offset 0x10000[0m
[0;32mI (233) boot: Disabling RNG early entropy source...[0m
[0;32mI (245) cpu_start: Multicore app[0m
[0;32mI (245) cpu_start: Pro cpu up.[0m
[0;32mI (245) cpu_start: Starting app cpu, entry point is 0x40081180[0m
[0;32mI (232) cpu_start: App cpu up.[0m
[0;32mI (263) cpu_start: Pro cpu start user code[0m
[0;32mI (263) cpu_start: cpu freq: 160000000 Hz[0m
[0;32mI (263) cpu_start: Application information:[0m
[0;32mI (268) cpu_start: Project name:     server-test[0m
[0;32mI (273) cpu_start: App version:      2ec6feb-dirty[0m
[0;32mI (279) cpu_start: Compile time:     Jul 27 2023 04:26:39[0m
[0;32mI (285) cpu_start: ELF file SHA256:  02f8543ae28f1535...[0m
[0;32mI (291) cpu_start: ESP-IDF:          v5.1-dirty[0m
[0;32mI (296) cpu_start: Min chip rev:     v0.0[0m
[0;32mI (301) cpu_start: Max chip rev:     v3.99 [0m
[0;32mI (306) cpu_start: Chip rev:         v3.1[0m
[0;32mI (311) heap_init: Initializing. RAM available for dynamic allocation:[0m
[0;32mI (318) heap_init: At 3FFAE6E0 len 00001920 (6 KiB): DRAM[0m
[0;32mI (324) heap_init: At 3FFB3088 len 0002CF78 (179 KiB): DRAM[0m
[0;32mI (330) heap_init: At 3FFE0440 len 00003AE0 (14 KiB): D/IRAM[0m
[0;32mI (336) heap_init: At 3FFE4350 len 0001BCB0 (111 KiB): D/IRAM[0m
[0;32mI (343) heap_init: At 4008C118 len 00013EE8 (79 KiB): IRAM[0m
[0;32mI (350) spi_flash: detected chip: generic[0m
[0;32mI (354) spi_flash: flash io: dio[0m
[0;33mW (357) spi_flash: Detected size(4096k) larger than the size in the binary image header(2048k). Using the size in the binary image header.[0m
[0;32mI (371) app_start: Starting scheduler on CPU0[0m
[0;32mI (376) app_start: Starting scheduler on CPU1[0m
[0;32mI (376) main_task: Started on CPU0[0m
[0;32mI (386) main_task: Calling app_main()[0m

assert failed: tcpip_send_msg_wait_sem /IDF/components/lwip/lwip/src/api/tcpip.c:449 (Invalid mbox)


Backtrace: 0x400817d6:0x3ffb5010 0x400858b5:0x3ffb5030 0x4008ad9d:0x3ffb5050 0x400dc4d3:0x3ffb5170 0x400e8311:0x3ffb51a0 0x400e8399:0x3ffb51c0 0x400dc335:0x3ffb5210 0x400d8b53:0x3ffb5230 0x400d9185:0x3ffb5290 0x400d651e:0x3ffb52c0 0x400d64e0:0x3ffb5350 0x400fd05f:0x3ffb5380 0x40087ed1:0x3ffb53b0




ELF file SHA256: 02f8543ae28f1535

Rebooting...
ets Jul 29 2019 12:21:46

rst:0xc (SW_CPU_RESET),boot:0x13 (SPI_FAST_FLASH_BOOT)
configsip: 0, SPIWP:0xee
clk_drv:0x00,q_drv:0x00,d_drv:0x00,cs0_drv:0x00,hd_drv:0x00,wp_drv:0x00
mode:DIO, clock div:2
load:0x3fff0030,len:7084
ho 0 tail 12 room 4
load:0x40078000,len:15576
ho 0 tail 12 room 4
load:0x40080400,len:4
load:0x40080404,len:3876
entry 0x4008064c
[0;32mI (32) boot: ESP-IDF v5.1-dirty 2nd stage bootloader[0m
[0;32mI (33) boot: compile time Jul 27 2023 04:27:02[0m
[0;32mI (33) boot: Multicore bootloader[0m
[0;32mI (37) boot: chip revision: v3.1[0m
[0;32mI (41) boot.esp32: SPI Speed      : 40MHz[0m
[0;32mI (46) boot.esp32: SPI Mode       : DIO[0m
[0;32mI (50) boot.esp32: SPI Flash Size : 2MB[0m
[0;32mI (55) boot: Enabling RNG early entropy source...[0m
[0;32mI (60) boot: Partition Table:[0m
[0;32mI (64) boot: ## Label            Usage          Type ST Offset   Length[0m
[0;32mI (71) boot:  0 nvs              WiFi data        01 02 00009000 00006000[0m
[0;32mI (79) boot:  1 phy_init         RF data          01 01 0000f000 00001000[0m
[0;32mI (86) boot:  2 factory          factory app      00 00 00010000 00100000[0m
[0;32mI (94) boot: End of partition table[0m
[0;32mI (98) esp_image: segment 0: paddr=00010020 vaddr=3f400020 size=0e6f0h ( 59120) map[0m
[0;32mI (128) esp_image: segment 1: paddr=0001e718 vaddr=3ffb0000 size=01900h (  6400) load[0m
[0;32mI (131) esp_image: segment 2: paddr=00020020 vaddr=400d0020 size=2d838h (186424) map[0m
[0;32mI (201) esp_image: segment 3: paddr=0004d860 vaddr=3ffb1900 size=00800h (  2048) load[0m
[0;32mI (202) esp_image: segment 4: paddr=0004e068 vaddr=40080000 size=0c118h ( 49432) load[0m
[0;32mI (233) boot: Loaded app from partition at offset 0x10000[0m
[0;32mI (233) boot: Disabling RNG early entropy source...[0m
[0;32mI (245) cpu_start: Multicore app[0m
[0;32mI (245) cpu_start: Pro cpu up.[0m
[0;32mI (245) cpu_start: Starting app cpu, entry point is 0x40081180[0m
[0;32mI (232) cpu_start: App cpu up.[0m
[0;32mI (263) cpu_start: Pro cpu start user code[0m
[0;32mI (263) cpu_start: cpu freq: 160000000 Hz[0m
[0;32mI (263) cpu_start: Application information:[0m
[0;32mI (268) cpu_start: Project name:     server-test[0m
[0;32mI (273) cpu_start: App version:      2ec6feb-dirty[0m
[0;32mI (279) cpu_start: Compile time:     Jul 27 2023 04:26:39[0m
[0;32mI (285) cpu_start: ELF file SHA256:  02f8543ae28f1535...[0m
[0;32mI (291) cpu_start: ESP-IDF:          v5.1-dirty[0m
[0;32mI (296) cpu_start: Min chip rev:     v0.0[0m
[0;32mI (301) cpu_start: Max chip rev:     v3.99 [0m
[0;32mI (306) cpu_start: Chip rev:         v3.1[0m
[0;32mI (311) heap_init: Initializing. RAM available for dynamic allocation:[0m
[0;32mI (318) heap_init: At 3FFAE6E0 len 00001920 (6 KiB): DRAM[0m
[0;32mI (324) heap_init: At 3FFB3088 len 0002CF78 (179 KiB): DRAM[0m
[0;32mI (330) heap_init: At 3FFE0440 len 00003AE0 (14 KiB): D/IRAM[0m
[0;32mI (336) heap_init: At 3FFE4350 len 0001BCB0 (111 KiB): D/IRAM[0m
[0;32mI (343) heap_init: At 4008C118 len 00013EE8 (79 KiB): IRAM[0m
[0;32mI (350) spi_flash: detected chip: generic[0m
[0;32mI (354) spi_flash: flash io: dio[0m
[0;33mW (357) spi_flash: Detected size(4096k) larger than the size in the binary image header(2048k). Using the size in the binary image header.[0m
[0;32mI (371) app_start: Starting scheduler on CPU0[0m
[0;32mI (376) app_start: Starting scheduler on CPU1[0m
[0;32mI (376) main_task: Started on CPU0[0m
[0;32mI (386) main_task: Calling app_main()[0m

assert failed: tcpip_send_msg_wait_sem /IDF/components/lwip/lwip/src/api/tcpip.c:449 (Invalid mbox)


Backtrace: 0x400817d6:0x3ffb5010 0x400858b5:0x3ffb5030 0x4008ad9d:0x3ffb5050 0x400dc4d3:0x3ffb5170 0x400e8311:0x3ffb51a0 0x400e8399:0x3ffb51c0 0x400dc335:0x3ffb5210 0x400d8b53:0x3ffb5230 0x400d9185:0x3ffb5290 0x400d651e:0x3ffb52c0 0x400d64e0:0x3ffb5350 0x400fd05f:0x3ffb5380 0x40087ed1:0x3ffb53b0




ELF file SHA256: 02f8543ae28f1535

Rebooting...
ets Jul 29 2019 12:21:46

rst:0xc (SW_CPU_RESET),boot:0x13 (SPI_FAST_FLASH_BOOT)
configsip: 0, SPIWP:0xee
clk_drv:0x00,q_drv:0x00,d_drv:0x00,cs0_drv:0x00,hd_drv:0x00,wp_drv:0x00
mode:DIO, clock div:2
load:0x3fff0030,len:7084
ho 0 tail 12 room 4
load:0x40078000,len:15576
ho 0 tail 12 room 4
load:0x40080400,len:4
load:0x40080404,len:3876
entry 0x4008064c
[0;32mI (32) boot: ESP-IDF v5.1-dirty 2nd stage bootloader[0m
[0;32mI (33) boot: compile time Jul 27 2023 04:27:02[0m
[0;32mI (33) boot: Multicore bootloader[0m
[0;32mI (37) boot: chip revision: v3.1[0m
[0;32mI (41) boot.esp32: SPI Speed      : 40MHz[0m
[0;32mI (46) boot.esp32: SPI Mode       : DIO[0m
[0;32mI (50) boot.esp32: SPI Flash Size : 2MB[0m
[0;32mI (55) boot: Enabling RNG early entropy source...[0m
[0;32mI (60) boot: Partition Table:[0m
[0;32mI (64) boot: ## Label            Usage          Type ST Offset   Length[0m
[0;32mI (71) boot:  0 nvs              WiFi data        01 02 00009000 00006000[0m
[0;32mI (79) boot:  1 phy_init         RF data          01 01 0000f000 00001000[0m
[0;32mI (86) boot:  2 factory          factory app      00 00 00010000 00100000[0m
[0;32mI (94) boot: End of partition table[0m
[0;32mI (98) esp_image: segment 0: paddr=00010020 vaddr=3f400020 size=0e6f0h ( 59120) map[0m
[0;32mI (128) esp_image: segment 1: paddr=0001e718 vaddr=3ffb0000 size=01900h (  6400) load[0m
[0;32mI (131) esp_image: segment 2: paddr=00020020 vaddr=400d0020 size=2d838h (186424) map[0m
[0;32mI (201) esp_image: segment 3: paddr=0004d860 vaddr=3ffb1900 size=00800h (  2048) load[0m
[0;32mI (202) esp_image: segment 4: paddr=0004e068 vaddr=40080000 size=0c118h ( 49432) load[0m
[0;32mI (233) boot: Loaded app from partition at offset 0x10000[0m
[0;32mI (233) boot: Disabling RNG early entropy source...[0m
[0;32mI (245) cpu_start: Multicore app[0m
[0;32mI (245) cpu_start: Pro cpu up.[0m
[0;32mI (245) cpu_start: Starting app cpu, entry point is 0x40081180[0m
[0;32mI (232) cpu_start: App cpu up.[0m
[0;32mI (263) cpu_start: Pro cpu start user code[0m
[0;32mI (263) cpu_start: cpu freq: 160000000 Hz[0m
[0;32mI (263) cpu_start: Application information:[0m
[0;32mI (268) cpu_start: Project name:     server-test[0m
[0;32mI (273) cpu_start: App version:      2ec6feb-dirty[0m
[0;32mI (279) cpu_start: Compile time:     Jul 27 2023 04:26:39[0m
[0;32mI (285) cpu_start: ELF file SHA256:  02f8543ae28f1535...[0m
[0;32mI (291) cpu_start: ESP-IDF:          v5.1-dirty[0m
[0;32mI (296) cpu_start: Min chip rev:     v0.0[0m
[0;32mI (301) cpu_start: Max chip rev:     v3.99 [0m
[0;32mI (306) cpu_start: Chip rev:         v3.1[0m
[0;32mI (311) heap_init: Initializing. RAM available for dynamic allocation:[0m
[0;32mI (318) heap_init: At 3FFAE6E0 len 00001920 (6 KiB): DRAM[0m
[0;32mI (324) heap_init: At 3FFB3088 len 0002CF78 (179 KiB): DRAM[0m
[0;32mI (330) heap_init: At 3FFE0440 len 00003AE0 (14 KiB): D/IRAM[0m
[0;32mI (336) heap_init: At 3FFE4350 len 0001BCB0 (111 KiB): D/IRAM[0m
[0;32mI (343) heap_init: At 4008C118 len 00013EE8 (79 KiB): IRAM[0m
[0;32mI (350) spi_flash: detected chip: generic[0m
[0;32mI (354) spi_flash: flash io: dio[0m
[0;33mW (357) spi_flash: Detected size(4096k) larger than the size in the binary image header(2048k). Using the size in the binary image header.[0m
[0;32mI (371) app_start: Starting scheduler on CPU0[0m
[0;32mI (376) app_start: Starting scheduler on CPU1[0m
[0;32mI (376) main_task: Started on CPU0[0m
[0;32mI (386) main_task: Calling app_main()[0m

assert failed: tcpip_send_msg_wait_sem /IDF/components/lwip/lwip/src/api/tcpip.c:449 (Invalid mbox)


Backtrace: 0x400817d6:0x3ffb5010 0x400858b5:0x3ffb5030 0x4008ad9d:0x3ffb5050 0x400dc4d3:0x3ffb5170 0x400e8311:0x3ffb51a0 0x400e8399:0x3ffb51c0 0x400dc335:0x3ffb5210 0x400d8b53:0x3ffb5230 0x400d9185:0x3ffb5290 0x400d651e:0x3ffb52c0 0x400d64e0:0x3ffb5350 0x400fd05f:0x3ffb5380 0x40087ed1:0x3ffb53b0




ELF file SHA256: 02f8543ae28f1535

Rebooting...
ets Jul 29 2019 12:21:46

rst:0xc (SW_CPU_RESET),boot:0x13 (SPI_FAST_FLASH_BOOT)
configsip: 0, SPIWP:0xee
clk_drv:0x00,q_drv:0x00,d_drv:0x00,cs0_drv:0x00,hd_drv:0x00,wp_drv:0x00
mode:DIO, clock div:2
load:0x3fff0030,len:7084
ho 0 tail 12 room 4
load:0x40078000,len:15576
ho 0 tail 12 room 4
load:0x40080400,len:4
load:0x40080404,len:3876
entry 0x4008064c
[0;32mI (32) boot: ESP-IDF v5.1-dirty 2nd stage bootloader[0m
[0;32mI (33) boot: compile time Jul 27 2023 04:27:02[0m
[0;32mI (33) boot: Multicore bootloader[0m
[0;32mI (37) boot: chip revision: v3.1[0m
[0;32mI (41) boot.esp32: SPI Speed      : 40MHz[0m
[0;32mI (46) boot.esp32: SPI Mode       : DIO[0m
[0;32mI (50) boot.esp32: SPI Flash Size : 2MB[0m
[0;32mI (55) boot: Enabling RNG early entropy source...[0m
[0;32mI (60) boot: Partition Table:[0m
[0;32mI (64) boot: ## Label            Usage          Type ST Offset   Length[0m
[0;32mI (71) boot:  0 nvs              WiFi data        01 02 00009000 00006000[0m
[0;32mI (79) boot:  1 phy_init         RF data          01 01 0000f000 00001000[0m
[0;32mI (86) boot:  2 factory          factory app      00 00 00010000 00100000[0m
[0;32mI (94) boot: End of partition table[0m
[0;32mI (98) esp_image: segment 0: paddr=00010020 vaddr=3f400020 size=0e6f0h ( 59120) map[0m
[0;32mI (128) esp_image: segment 1: paddr=0001e718 vaddr=3ffb0000 size=01900h (  6400) load[0m
[0;32mI (131) esp_image: segment 2: paddr=00020020 vaddr=400d0020 size=2d838h (186424) map[0m
[0;32mI (201) esp_image: segment 3: paddr=0004d860 vaddr=3ffb1900 size=00800h (  2048) load[0m
[0;32mI (202) esp_image: segment 4: paddr=0004e068 vaddr=40080000 size=0c118h ( 49432) load[0m
[0;32mI (233) boot: Loaded app from partition at offset 0x10000[0m
[0;32mI (233) boot: Disabling RNG early entropy source...[0m
[0;32mI (245) cpu_start: Multicore app[0m
[0;32mI (245) cpu_start: Pro cpu up.[0m
[0;32mI (245) cpu_start: Starting app cpu, entry point is 0x40081180[0m
[0;32mI (232) cpu_start: App cpu up.[0m
[0;32mI (263) cpu_start: Pro cpu start user code[0m
[0;32mI (263) cpu_start: cpu freq: 160000000 Hz[0m
[0;32mI (263) cpu_start: Application information:[0m
[0;32mI (268) cpu_start: Project name:     server-test[0m
[0;32mI (273) cpu_start: App version:      2ec6feb-dirty[0m
[0;32mI (279) cpu_start: Compile time:     Jul 27 2023 04:26:39[0m
[0;32mI (285) cpu_start: ELF file SHA256:  02f8543ae28f1535...[0m
[0;32mI (291) cpu_start: ESP-IDF:          v5.1-dirty[0m
[0;32mI (296) cpu_start: Min chip rev:     v0.0[0m
[0;32mI (301) cpu_start: Max chip rev:     v3.99 [0m
[0;32mI (306) cpu_start: Chip rev:         v3.1[0m
[0;32mI (311) heap_init: Initializing. RAM available for dynamic allocation:[0m
[0;32mI (318) heap_init: At 3FFAE6E0 len 00001920 (6 KiB): DRAM[0m
[0;32mI (324) heap_init: At 3FFB3088 len 0002CF78 (179 KiB): DRAM[0m
[0;32mI (330) heap_init: At 3FFE0440 len 00003AE0 (14 KiB): D/IRAM[0m
[0;32mI (336) heap_init: At 3FFE4350 len 0001BCB0 (111 KiB): D/IRAM[0m
[0;32mI (343) heap_init: At 4008C118 len 00013EE8 (79 KiB): IRAM[0m
[0;32mI (350) spi_flash: detected chip: generic[0m
[0;32mI (354) spi_flash: flash io: dio[0m
[0;33mW (357) spi_flash: Detected size(4096k) larger than the size in the binary image header(2048k). Using the size in the binary image header.[0m
[0;32mI (371) app_start: Starting scheduler on CPU0[0m
[0;32mI (376) app_start: Starting scheduler on CPU1[0m
[0;32mI (376) main_task: Started on CPU0[0m
[0;32mI (386) main_task: Calling app_main()[0m

assert failed: tcpip_send_msg_wait_sem /IDF/components/lwip/lwip/src/api/tcpip.c:449 (Invalid mbox)


Backtrace: 0x400817d6:0x3ffb5010 0x400858b5:0x3ffb5030 0x4008ad9d:0x3ffb5050 0x400dc4d3:0x3ffb5170 0x400e8311:0x3ffb51a0 0x400e8399:0x3ffb51c0 0x400dc335:0x3ffb5210 0x400d8b53:0x3ffb5230 0x400d9185:0x3ffb5290 0x400d651e:0x3ffb52c0 0x400d64e0:0x3ffb5350 0x400fd05f:0x3ffb5380 0x40087ed1:0x3ffb53b0




ELF file SHA256: 02f8543ae28f1535

Rebooting...
ets Jul 29 2019 12:21:46

rst:0xc (SW_CPU_RESET),boot:0x13 (SPI_FAST_FLASH_BOOT)
configsip: 0, SPIWP:0xee
clk_drv:0x00,q_drv:0x00,d_drv:0x00,cs0_drv:0x00,hd_drv:0x00,wp_drv:0x00
mode:DIO, clock div:2
load:0x3fff0030,len:7084
ho 0 tail 12 room 4
load:0x40078000,len:15576
ho 0 tail 12 room 4
load:0x40080400,len:4
load:0x40080404,len:3876
entry 0x4008064c
[0;32mI (32) boot: ESP-IDF v5.1-dirty 2nd stage bootloader[0m
[0;32mI (33) boot: compile time Jul 27 2023 04:27:02[0m
[0;32mI (33) boot: Multicore bootloader[0m
[0;32mI (37) boot: chip revision: v3.1[0m
[0;32mI (41) boot.esp32: SPI Speed      : 40MHz[0m
[0;32mI (46) boot.esp32: SPI Mode       : DIO[0m
[0;32mI (50) boot.esp32: SPI Flash Size : 2MB[0m
[0;32mI (55) boot: Enabling RNG early entropy source...[0m
[0;32mI (60) boot: Partition Table:[0m
[0;32mI (64) boot: ## Label            Usage          Type ST Offset   Length[0m
[0;32mI (71) boot:  0 nvs              WiFi data        01 02 00009000 00006000[0m
[0;32mI (79) boot:  1 phy_init         RF data          01 01 0000f000 00001000[0m
[0;32mI (86) boot:  2 factory          factory app      00 00 00010000 00100000[0m
[0;32mI (94) boot: End of partition table[0m
[0;32mI (98) esp_image: segment 0: paddr=00010020 vaddr=3f400020 size=0e6f0h ( 59120) map[0m
[0;32mI (128) esp_image: segment 1: paddr=0001e718 vaddr=3ffb0000 size=01900h (  6400) load[0m
[0;32mI (131) esp_image: segment 2: paddr=00020020 vaddr=400d0020 size=2d838h (186424) map[0m
[0;32mI (201) esp_image: segment 3: paddr=0004d860 vaddr=3ffb1900 size=00800h (  2048) load[0m
[0;32mI (202) esp_image: segment 4: paddr=0004e068 vaddr=40080000 size=0c118h ( 49432) load[0m
[0;32mI (233) boot: Loaded app from partition at offset 0x10000[0m
[0;32mI (233) boot: Disabling RNG early entropy source...[0m
[0;32mI (245) cpu_start: Multicore app[0m
[0;32mI (245) cpu_start: Pro cpu up.[0m
[0;32mI (245) cpu_start: Starting app cpu, entry point is 0x40081180[0m
[0;32mI (232) cpu_start: App cpu up.[0m
[0;32mI (263) cpu_start: Pro cpu start user code[0m
[0;32mI (263) cpu_start: cpu freq: 160000000 Hz[0m
[0;32mI (263) cpu_start: Application information:[0m
[0;32mI (268) cpu_start: Project name:     server-test[0m
[0;32mI (273) cpu_start: App version:      2ec6feb-dirty[0m
[0;32mI (279) cpu_start: Compile time:     Jul 27 2023 04:26:39[0m
[0;32mI (285) cpu_start: ELF file SHA256:  02f8543ae28f1535...[0m
[0;32mI (291) cpu_start: ESP-IDF:          v5.1-dirty[0m
[0;32mI (296) cpu_start: Min chip rev:     v0.0[0m
[0;32mI (301) cpu_start: Max chip rev:     v3.99 [0m
[0;32mI (306) cpu_start: Chip rev:         v3.1[0m
[0;32mI (311) heap_init: Initializing. RAM available for dynamic allocation:[0m
[0;32mI (318) heap_init: At 3FFAE6E0 len 00001920 (6 KiB): DRAM[0m
[0;32mI (324) heap_init: At 3FFB3088 len 0002CF78 (179 KiB): DRAM[0m
[0;32mI (330) heap_init: At 3FFE0440 len 00003AE0 (14 KiB): D/IRAM[0m
[0;32mI (336) heap_init: At 3FFE4350 len 0001BCB0 (111 KiB): D/IRAM[0m
[0;32mI (343) heap_init: At 4008C118 len 00013EE8 (79 KiB): IRAM[0m
[0;32mI (350) spi_flash: detected chip: generic[0m
[0;32mI (354) spi_flash: flash io: dio[0m
[0;33mW (357) spi_flash: Detected size(4096k) larger than the size in the binary image header(2048k). Using the size in the binary image header.[0m
[0;32mI (371) app_start: Starting scheduler on CPU0[0m
[0;32mI (376) app_start: Starting scheduler on CPU1[0m
[0;32mI (376) main_task: Started on CPU0[0m
[0;32mI (386) main_task: Calling app_main()[0m

assert failed: tcpip_send_msg_wait_sem /IDF/components/lwip/lwip/src/api/tcpip.c:449 (Invalid mbox)


Backtrace: 0x400817d6:0x3ffb5010 0x400858b5:0x3ffb5030 0x4008ad9d:0x3ffb5050 0x400dc4d3:0x3ffb5170 0x400e8311:0x3ffb51a0 0x400e8399:0x3ffb51c0 0x400dc335:0x3ffb5210 0x400d8b53:0x3ffb5230 0x400d9185:0x3ffb5290 0x400d651e:0x3ffb52c0 0x400d64e0:0x3ffb5350 0x400fd05f:0x3ffb5380 0x40087ed1:0x3ffb53b0




ELF file SHA256: 02f8543ae28f1535

Rebooting...
ets Jul 29 2019 12:21:46

rst:0xc (SW_CPU_RESET),boot:0x13 (SPI_FAST_FLASH_BOOT)
configsip: 0, SPIWP:0xee
clk_drv:0x00,q_drv:0x00,d_drv:0x00,cs0_drv:0x00,hd_drv:0x00,wp_drv:0x00
mode:DIO, clock div:2
load:0x3fff0030,len:7084
ho 0 tail 12 room 4
load:0x40078000,len:15576
ho 0 tail 12 room 4
load:0x40080400,len:4
load:0x40080404,len:3876
entry 0x4008064c
[0;32mI (32) boot: ESP-IDF v5.1-dirty 2nd stage bootloader[0m
[0;32mI (33) boot: compile time Jul 27 2023 04:27:02[0m
[0;32mI (33) boot: Multicore bootloader[0m
[0;32mI (37) boot: chip revision: v3.1[0m
[0;32mI (41) boot.esp32: SPI Speed      : 40MHz[0m
[0;32mI (46) boot.esp32: SPI Mode       : DIO[0m
[0;32mI (50) boot.esp32: SPI Flash Size : 2MB[0m
[0;32mI (55) boot: Enabling RNG early entropy source...[0m
[0;32mI (60) boot: Partition Table:[0m
[0;32mI (64) boot: ## Label            Usage          Type ST Offset   Length[0m
[0;32mI (71) boot:  0 nvs              WiFi data        01 02 00009000 00006000[0m
[0;32mI (79) boot:  1 phy_init         RF data          01 01 0000f000 00001000[0m
[0;32mI (86) boot:  2 factory          factory app      00 00 00010000 00100000[0m
[0;32mI (94) boot: End of partition table[0m
[0;32mI (98) esp_image: segment 0: paddr=00010020 vaddr=3f400020 size=0e6f0h ( 59120) map[0m
[0;32mI (128) esp_image: segment 1: paddr=0001e718 vaddr=3ffb0000 size=01900h (  6400) load[0m
[0;32mI (131) esp_image: segment 2: paddr=00020020 vaddr=400d0020 size=2d838h (186424) map[0m
[0;32mI (201) esp_image: segment 3: paddr=0004d860 vaddr=3ffb1900 size=00800h (  2048) load[0m
[0;32mI (202) esp_image: segment 4: paddr=0004e068 vaddr=40080000 size=0c118h ( 49432) load[0m
[0;32mI (233) boot: Loaded app from partition at offset 0x10000[0m
[0;32mI (233) boot: Disabling RNG early entropy source...[0m
[0;32mI (245) cpu_start: Multicore app[0m
[0;32mI (245) cpu_start: Pro cpu up.[0m
[0;32mI (245) cpu_start: Starting app cpu, entry point is 0x40081180[0m
[0;32mI (232) cpu_start: App cpu up.[0m
[0;32mI (263) cpu_start: Pro cpu start user code[0m
[0;32mI (263) cpu_start: cpu freq: 160000000 Hz[0m
[0;32mI (263) cpu_start: Application information:[0m
[0;32mI (268) cpu_start: Project name:     server-test[0m
[0;32mI (273) cpu_start: App version:      2ec6feb-dirty[0m
[0;32mI (279) cpu_start: Compile time:     Jul 27 2023 04:26:39[0m
[0;32mI (285) cpu_start: ELF file SHA256:  02f8543ae28f1535...[0m
[0;32mI (291) cpu_start: ESP-IDF:          v5.1-dirty[0m
[0;32mI (296) cpu_start: Min chip rev:     v0.0[0m
[0;32mI (301) cpu_start: Max chip rev:     v3.99 [0m
[0;32mI (306) cpu_start: Chip rev:         v3.1[0m
[0;32mI (311) heap_init: Initializing. RAM available for dynamic allocation:[0m
[0;32mI (318) heap_init: At 3FFAE6E0 len 00001920 (6 KiB): DRAM[0m
[0;32mI (324) heap_init: At 3FFB3088 len 0002CF78 (179 KiB): DRAM[0m
[0;32mI (330) heap_init: At 3FFE0440 len 00003AE0 (14 KiB): D/IRAM[0m
[0;32mI (336) heap_init: At 3FFE4350 len 0001BCB0 (111 KiB): D/IRAM[0m
[0;32mI (343) heap_init: At 4008C118 len 00013EE8 (79 KiB): IRAM[0m
[0;32mI (350) spi_flash: detected chip: generic[0m
[0;32mI (354) spi_flash: flash io: dio[0m
[0;33mW (357) spi_flash: Detected size(4096k) larger than the size in the binary image header(2048k). Using the size in the binary image header.[0m
[0;32mI (371) app_start: Starting scheduler on CPU0[0m
[0;32mI (376) app_start: Starting scheduler on CPU1[0m
[0;32mI (376) main_task: Started on CPU0[0m
[0;32mI (386) main_task: Calling app_main()[0m

assert failed: tcpip_send_msg_wait_sem /IDF/components/lwip/lwip/src/api/tcpip.c:449 (Invalid mbox)


Backtrace: 0x400817d6:0x3ffb5010 0x400858b5:0x3ffb5030 0x4008ad9d:0x3ffb5050 0x400dc4d3:0x3ffb5170 0x400e8311:0x3ffb51a0 0x400e8399:0x3ffb51c0 0x400dc335:0x3ffb5210 0x400d8b53:0x3ffb5230 0x400d9185:0x3ffb5290 0x400d651e:0x3ffb52c0 0x400d64e0:0x3ffb5350 0x400fd05f:0x3ffb5380 0x40087ed1:0x3ffb53b0




ELF file SHA256: 02f8543ae28f1535

Rebooting...
ets Jul 29 2019 12:21:46

rst:0xc (SW_CPU_RESET),boot:0x13 (SPI_FAST_FLASH_BOOT)
configsip: 0, SPIWP:0xee
clk_drv:0x00,q_drv:0x00,d_drv:0x00,cs0_drv:0x00,hd_drv:0x00,wp_drv:0x00
mode:DIO, clock div:2
load:0x3fff0030,len:7084
ho 0 tail 12 room 4
load:0x40078000,len:15576
ho 0 tail 12 room 4
load:0x40080400,len:4
load:0x40080404,len:3876
entry 0x4008064c
[0;32mI (32) boot: ESP-IDF v5.1-dirty 2nd stage bootloader[0m
[0;32mI (33) boot: compile time Jul 27 2023 04:27:02[0m
[0;32mI (33) boot: Multicore bootloader[0m
[0;32mI (37) boot: chip revision: v3.1[0m
[0;32mI (41) boot.esp32: SPI Speed      : 40MHz[0m
[0;32mI (46) boot.esp32: SPI Mode       : DIO[0m
[0;32mI (50) boot.esp32: SPI Flash Size : 2MB[0m
[0;32mI (55) boot: Enabling RNG early entropy source...[0m
[0;32mI (60) boot: Partition Table:[0m
[0;32mI (64) boot: ## Label            Usage          Type ST Offset   Length[0m
[0;32mI (71) boot:  0 nvs              WiFi data        01 02 00009000 00006000[0m
[0;32mI (79) boot:  1 phy_init         RF data          01 01 0000f000 00001000[0m
[0;32mI (86) boot:  2 factory          factory app      00 00 00010000 00100000[0m
[0;32mI (94) boot: End of partition table[0m
[0;32mI (98) esp_image: segment 0: paddr=00010020 vaddr=3f400020 size=0e6f0h ( 59120) map[0m
[0;32mI (128) esp_image: segment 1: paddr=0001e718 vaddr=3ffb0000 size=01900h (  6400) load[0m
[0;32mI (131) esp_image: segment 2: paddr=00020020 vaddr=400d0020 size=2d838h (186424) map[0m
[0;32mI (201) esp_image: segment 3: paddr=0004d860 vaddr=3ffb1900 size=00800h (  2048) load[0m
[0;32mI (202) esp_image: segment 4: paddr=0004e068 vaddr=40080000 size=0c118h ( 49432) load[0m
[0;32mI (233) boot: Loaded app from partition at offset 0x10000[0m
[0;32mI (233) boot: Disabling RNG early entropy source...[0m
[0;32mI (245) cpu_start: Multicore app[0m
[0;32mI (245) cpu_start: Pro cpu up.[0m
[0;32mI (245) cpu_start: Starting app cpu, entry point is 0x40081180[0m
[0;32mI (232) cpu_start: App cpu up.[0m
[0;32mI (263) cpu_start: Pro cpu start user code[0m
[0;32mI (263) cpu_start: cpu freq: 160000000 Hz[0m
[0;32mI (263) cpu_start: Application information:[0m
[0;32mI (268) cpu_start: Project name:     server-test[0m
[0;32mI (273) cpu_start: App version:      2ec6feb-dirty[0m
[0;32mI (279) cpu_start: Compile time:     Jul 27 2023 04:26:39[0m
[0;32mI (285) cpu_start: ELF file SHA256:  02f8543ae28f1535...[0m
[0;32mI (291) cpu_start: ESP-IDF:          v5.1-dirty[0m
[0;32mI (296) cpu_start: Min chip rev:     v0.0[0m
[0;32mI (301) cpu_start: Max chip rev:     v3.99 [0m
[0;32mI (306) cpu_start: Chip rev:         v3.1[0m
[0;32mI (311) heap_init: Initializing. RAM available for dynamic allocation:[0m
[0;32mI (318) heap_init: At 3FFAE6E0 len 00001920 (6 KiB): DRAM[0m
[0;32mI (324) heap_init: At 3FFB3088 len 0002CF78 (179 KiB): DRAM[0m
[0;32mI (330) heap_init: At 3FFE0440 len 00003AE0 (14 KiB): D/IRAM[0m
[0;32mI (336) heap_init: At 3FFE4350 len 0001BCB0 (111 KiB): D/IRAM[0m
[0;32mI (343) heap_init: At 4008C118 len 00013EE8 (79 KiB): IRAM[0m
[0;32mI (350) spi_flash: detected chip: generic[0m
[0;32mI (354) spi_flash: flash io: dio[0m
[0;33mW (357) spi_flash: Detected size(4096k) larger than the size in the binary image header(2048k). Using the size in the binary image header.[0m
[0;32mI (371) app_start: Starting scheduler on CPU0[0m
[0;32mI (376) app_start: Starting scheduler on CPU1[0m
[0;32mI (376) main_task: Started on CPU0[0m
[0;32mI (386) main_task: Calling app_main()[0m

assert failed: tcpip_send_msg_wait_sem /IDF/components/lwip/lwip/src/api/tcpip.c:449 (Invalid mbox)


Backtrace: 0x400817d6:0x3ffb5010 0x400858b5:0x3ffb5030 0x4008ad9d:0x3ffb5050 0x400dc4d3:0x3ffb5170 0x400e8311:0x3ffb51a0 0x400e8399:0x3ffb51c0 0x400dc335:0x3ffb5210 0x400d8b53:0x3ffb5230 0x400d9185:0x3ffb5290 0x400d651e:0x3ffb52c0 0x400d64e0:0x3ffb5350 0x400fd05f:0x3ffb5380 0x40087ed1:0x3ffb53b0




ELF file SHA256: 02f8543ae28f1535

Rebooting...
ets Jul 29 2019 12:21:46

rst:0xc (SW_CPU_RESET),boot:0x13 (SPI_FAST_FLASH_BOOT)
configsip: 0, SPIWP:0xee
clk_drv:0x00,q_drv:0x00,d_drv:0x00,cs0_drv:0x00,hd_drv:0x00,wp_drv:0x00
mode:DIO, clock div:2
load:0x3fff0030,len:7084
ho 0 tail 12 room 4
load:0x40078000,len:15576
ho 0 tail 12 room 4
load:0x40080400,len:4
load:0x40080404,len:3876
entry 0x4008064c
[0;32mI (32) boot: ESP-IDF v5.1-dirty 2nd stage bootloader[0m
[0;32mI (33) boot: compile time Jul 27 2023 04:27:02[0m
[0;32mI (33) boot: Multicore bootloader[0m
[0;32mI (37) boot: chip revision: v3.1[0m
[0;32mI (41) boot.esp32: SPI Speed      : 40MHz[0m
[0;32mI (46) boot.esp32: SPI Mode       : DIO[0m
[0;32mI (50) boot.esp32: SPI Flash Size : 2MB[0m
[0;32mI (55) boot: Enabling RNG early entropy source...[0m
[0;32mI (60) boot: Partition Table:[0m
[0;32mI (64) boot: ## Label            Usage          Type ST Offset   Length[0m
[0;32mI (71) boot:  0 nvs              WiFi data        01 02 00009000 00006000[0m
[0;32mI (79) boot:  1 phy_init         RF data          01 01 0000f000 00001000[0m
[0;32mI (86) boot:  2 factory          factory app      00 00 00010000 00100000[0m
[0;32mI (94) boot: End of partition table[0m
[0;32mI (98) esp_image: segment 0: paddr=00010020 vaddr=3f400020 size=0e6f0h ( 59120) map[0m
[0;32mI (128) esp_image: segment 1: paddr=0001e718 vaddr=3ffb0000 size=01900h (  6400) load[0m
[0;32mI (131) esp_image: segment 2: paddr=00020020 vaddr=400d0020 size=2d838h (186424) map[0m
[0;32mI (201) esp_image: segment 3: paddr=0004d860 vaddr=3ffb1900 size=00800h (  2048) load[0m
[0;32mI (202) esp_image: segment 4: paddr=0004e068 vaddr=40080000 size=0c118h ( 49432) load[0m
[0;32mI (233) boot: Loaded app from partition at offset 0x10000[0m
[0;32mI (233) boot: Disabling RNG early entropy source...[0m
[0;32mI (245) cpu_start: Multicore app[0m
[0;32mI (245) cpu_start: Pro cpu up.[0m
[0;32mI (245) cpu_start: Starting app cpu, entry point is 0x40081180[0m
[0;32mI (232) cpu_start: App cpu up.[0m
[0;32mI (263) cpu_start: Pro cpu start user code[0m
[0;32mI (263) cpu_start: cpu freq: 160000000 Hz[0m
[0;32mI (263) cpu_start: Application information:[0m
[0;32mI (268) cpu_start: Project name:     server-test[0m
[0;32mI (273) cpu_start: App version:      2ec6feb-dirty[0m
[0;32mI (279) cpu_start: Compile time:     Jul 27 2023 04:26:39[0m
[0;32mI (285) cpu_start: ELF file SHA256:  02f8543ae28f1535...[0m
[0;32mI (291) cpu_start: ESP-IDF:          v5.1-dirty[0m
[0;32mI (296) cpu_start: Min chip rev:     v0.0[0m
[0;32mI (301) cpu_start: Max chip rev:     v3.99 [0m
[0;32mI (306) cpu_start: Chip rev:         v3.1[0m
[0;32mI (311) heap_init: Initializing. RAM available for dynamic allocation:[0m
[0;32mI (318) heap_init: At 3FFAE6E0 len 00001920 (6 KiB): DRAM[0m
[0;32mI (324) heap_init: At 3FFB3088 len 0002CF78 (179 KiB): DRAM[0m
[0;32mI (330) heap_init: At 3FFE0440 len 00003AE0 (14 KiB): D/IRAM[0m
[0;32mI (336) heap_init: At 3FFE4350 len 0001BCB0 (111 KiB): D/IRAM[0m
[0;32mI (343) heap_init: At 4008C118 len 00013EE8 (79 KiB): IRAM[0m
[0;32mI (350) spi_flash: detected chip: generic[0m
[0;32mI (354) spi_flash: flash io: dio[0m
[0;33mW (357) spi_flash: Detected size(4096k) larger than the size in the binary image header(2048k). Using the size in the binary image header.[0m
[0;32mI (371) app_start: Starting scheduler on CPU0[0m
[0;32mI (376) app_start: Starting scheduler on CPU1[0m
[0;32mI (376) main_task: Started on CPU0[0m
[0;32mI (386) main_task: Calling app_main()[0m

assert failed: tcpip_send_msg_wait_sem /IDF/components/lwip/lwip/src/api/tcpip.c:449 (Invalid mbox)


Backtrace: 0x400817d6:0x3ffb5010 0x400858b5:0x3ffb5030 0x4008ad9d:0x3ffb5050 0x400dc4d3:0x3ffb5170 0x400e8311:0x3ffb51a0 0x400e8399:0x3ffb51c0 0x400dc335:0x3ffb5210 0x400d8b53:0x3ffb5230 0x400d9185:0x3ffb5290 0x400d651e:0x3ffb52c0 0x400d64e0:0x3ffb5350 0x400fd05f:0x3ffb5380 0x40087ed1:0x3ffb53b0




ELF file SHA256: 02f8543ae28f1535

Rebooting...
ets Jul 29 2019 12:21:46

rst:0xc (SW_CPU_RESET),boot:0x13 (SPI_FAST_FLASH_BOOT)
configsip: 0, SPIWP:0xee
clk_drv:0x00,q_drv:0x00,d_drv:0x00,cs0_drv:0x00,hd_drv:0x00,wp_drv:0x00
mode:DIO, clock div:2
load:0x3fff0030,len:7084
ho 0 tail 12 room 4
load:0x40078000,len:15576
ho 0 tail 12 room 4
load:0x40080400,len:4
load:0x40080404,len:3876
entry 0x4008064c
[0;32mI (32) boot: ESP-IDF v5.1-dirty 2nd stage bootloader[0m
[0;32mI (33) boot: compile time Jul 27 2023 04:27:02[0m
[0;32mI (33) boot: Multicore bootloader[0m
[0;32mI (37) boot: chip revision: v3.1[0m
[0;32mI (41) boot.esp32: SPI Speed      : 40MHz[0m
[0;32mI (46) boot.esp32: SPI Mode       : DIO[0m
[0;32mI (50) boot.esp32: SPI Flash Size : 2MB[0m
[0;32mI (55) boot: Enabling RNG early entropy source...[0m
[0;32mI (60) boot: Partition Table:[0m
[0;32mI (64) boot: ## Label            Usage          Type ST Offset   Length[0m
[0;32mI (71) boot:  0 nvs              WiFi data        01 02 00009000 00006000[0m
[0;32mI (79) boot:  1 phy_init         RF data          01 01 0000f000 00001000[0m
[0;32mI (86) boot:  2 factory          factory app      00 00 00010000 00100000[0m
[0;32mI (94) boot: End of partition table[0m
[0;32mI (98) esp_image: segment 0: paddr=00010020 vaddr=3f400020 size=0e6f0h ( 59120) map[0m
[0;32mI (128) esp_image: segment 1: paddr=0001e718 vaddr=3ffb0000 size=01900h (  6400) load[0m
[0;32mI (131) esp_image: segment 2: paddr=00020020 vaddr=400d0020 size=2d838h (186424) map[0m
[0;32mI (201) esp_image: segment 3: paddr=0004d860 vaddr=3ffb1900 size=00800h (  2048) load[0m
[0;32mI (202) esp_image: segment 4: paddr=0004e068 vaddr=40080000 size=0c118h ( 49432) load[0m
[0;32mI (233) boot: Loaded app from partition at offset 0x10000[0m
[0;32mI (233) boot: Disabling RNG early entropy source...[0m
[0;32mI (245) cpu_start: Multicore app[0m
[0;32mI (245) cpu_start: Pro cpu up.[0m
[0;32mI (245) cpu_start: Starting app cpu, entry point is 0x40081180[0m
[0;32mI (232) cpu_start: App cpu up.[0m
[0;32mI (263) cpu_start: Pro cpu start user code[0m
[0;32mI (263) cpu_start: cpu freq: 160000000 Hz[0m
[0;32mI (263) cpu_start: Application information:[0m
[0;32mI (268) cpu_start: Project name:     server-test[0m
[0;32mI (273) cpu_start: App version:      2ec6feb-dirty[0m
[0;32mI (279) cpu_start: Compile time:     Jul 27 2023 04:26:39[0m
[0;32mI (285) cpu_start: ELF file SHA256:  02f8543ae28f1535...[0m
[0;32mI (291) cpu_start: ESP-IDF:          v5.1-dirty[0m
[0;32mI (296) cpu_start: Min chip rev:     v0.0[0m
[0;32mI (301) cpu_start: Max chip rev:     v3.99 [0m
[0;32mI (306) cpu_start: Chip rev:         v3.1[0m
[0;32mI (311) heap_init: Initializing. RAM available for dynamic allocation:[0m
[0;32mI (318) heap_init: At 3FFAE6E0 len 00001920 (6 KiB): DRAM[0m
[0;32mI (324) heap_init: At 3FFB3088 len 0002CF78 (179 KiB): DRAM[0m
[0;32mI (330) heap_init: At 3FFE0440 len 00003AE0 (14 KiB): D/IRAM[0m
[0;32mI (336) heap_init: At 3FFE4350 len 0001BCB0 (111 KiB): D/IRAM[0m
[0;32mI (343) heap_init: At 4008C118 len 00013EE8 (79 KiB): IRAM[0m
[0;32mI (350) spi_flash: detected chip: generic[0m
[0;32mI (354) spi_flash: flash io: dio[0m
[0;33mW (357) spi_flash: Detected size(4096k) larger than the size in the binary image header(2048k). Using the size in the binary image header.[0m
[0;32mI (371) app_start: Starting scheduler on CPU0[0m
[0;32mI (376) app_start: Starting scheduler on CPU1[0m
[0;32mI (376) main_task: Started on CPU0[0m
[0;32mI (386) main_task: Calling app_main()[0m

assert failed: tcpip_send_msg_wait_sem /IDF/components/lwip/lwip/src/api/tcpip.c:449 (Invalid mbox)


Backtrace: 0x400817d6:0x3ffb5010 0x400858b5:0x3ffb5030 0x4008ad9d:0x3ffb5050 0x400dc4d3:0x3ffb5170 0x400e8311:0x3ffb51a0 0x400e8399:0x3ffb51c0 0x400dc335:0x3ffb5210 0x400d8b53:0x3ffb5230 0x400d9185:0x3ffb5290 0x400d651e:0x3ffb52c0 0x400d64e0:0x3ffb5350 0x400fd05f:0x3ffb5380 0x40087ed1:0x3ffb53b0




ELF file SHA256: 02f8543ae28f1535

Rebooting...
ets Jul 29 2019 12:21:46

rst:0xc (SW_CPU_RESET),boot:0x13 (SPI_FAST_FLASH_BOOT)
configsip: 0, SPIWP:0xee
clk_drv:0x00,q_drv:0x00,d_drv:0x00,cs0_drv:0x00,hd_drv:0x00,wp_drv:0x00
mode:DIO, clock div:2
load:0x3fff0030,len:7084
ho 0 tail 12 room 4
load:0x40078000,len:15576
ho 0 tail 12 room 4
load:0x40080400,len:4
load:0x40080404,len:3876
entry 0x4008064c
[0;32mI (32) boot: ESP-IDF v5.1-dirty 2nd stage bootloader[0m
[0;32mI (33) boot: compile time Jul 27 2023 04:27:02[0m
[0;32mI (33) boot: Multicore bootloader[0m
[0;32mI (37) boot: chip revision: v3.1[0m
[0;32mI (41) boot.esp32: SPI Speed      : 40MHz[0m
[0;32mI (46) boot.esp32: SPI Mode       : DIO[0m
[0;32mI (50) boot.esp32: SPI Flash Size : 2MB[0m
[0;32mI (55) boot: Enabling RNG early entropy source...[0m
[0;32mI (60) boot: Partition Table:[0m
[0;32mI (64) boot: ## Label            Usage          Type ST Offset   Length[0m
[0;32mI (71) boot:  0 nvs              WiFi data        01 02 00009000 00006000[0m
[0;32mI (79) boot:  1 phy_init         RF data          01 01 0000f000 00001000[0m
[0;32mI (86) boot:  2 factory          factory app      00 00 00010000 00100000[0m
[0;32mI (94) boot: End of partition table[0m
[0;32mI (98) esp_image: segment 0: paddr=00010020 vaddr=3f400020 size=0e6f0h ( 59120) map[0m
[0;32mI (128) esp_image: segment 1: paddr=0001e718 vaddr=3ffb0000 size=01900h (  6400) load[0m
[0;32mI (131) esp_image: segment 2: paddr=00020020 vaddr=400d0020 size=2d838h (186424) map[0m
[0;32mI (201) esp_image: segment 3: paddr=0004d860 vaddr=3ffb1900 size=00800h (  2048) load[0m
[0;32mI (202) esp_image: segment 4: paddr=0004e068 vaddr=40080000 size=0c118h ( 49432) load[0m
[0;32mI (233) boot: Loaded app from partition at offset 0x10000[0m
[0;32mI (233) boot: Disabling RNG early entropy source...[0m
[0;32mI (245) cpu_start: Multicore app[0m
[0;32mI (245) cpu_start: Pro cpu up.[0m
[0;32mI (245) cpu_start: Starting app cpu, entry point is 0x40081180[0m
[0;32mI (232) cpu_start: App cpu up.[0m
[0;32mI (263) cpu_start: Pro cpu start user code[0m
[0;32mI (263) cpu_start: cpu freq: 160000000 Hz[0m
[0;32mI (263) cpu_start: Application information:[0m
[0;32mI (268) cpu_start: Project name:     server-test[0m
[0;32mI (273) cpu_start: App version:      2ec6feb-dirty[0m
[0;32mI (279) cpu_start: Compile time:     Jul 27 2023 04:26:39[0m
[0;32mI (285) cpu_start: ELF file SHA256:  02f8543ae28f1535...[0m
[0;32mI (291) cpu_start: ESP-IDF:          v5.1-dirty[0m
[0;32mI (296) cpu_start: Min chip rev:     v0.0[0m
[0;32mI (301) cpu_start: Max chip rev:     v3.99 [0m
[0;32mI (306) cpu_start: Chip rev:         v3.1[0m
[0;32mI (311) heap_init: Initializing. RAM available for dynamic allocation:[0m
[0;32mI (318) heap_init: At 3FFAE6E0 len 00001920 (6 KiB): DRAM[0m
[0;32mI (324) heap_init: At 3FFB3088 len 0002CF78 (179 KiB): DRAM[0m
[0;32mI (330) heap_init: At 3FFE0440 len 00003AE0 (14 KiB): D/IRAM[0m
[0;32mI (336) heap_init: At 3FFE4350 len 0001BCB0 (111 KiB): D/IRAM[0m
[0;32mI (343) heap_init: At 4008C118 len 00013EE8 (79 KiB): IRAM[0m
[0;32mI (350) spi_flash: detected chip: generic[0m
[0;32mI (354) spi_flash: flash io: dio[0m
[0;33mW (357) spi_flash: Detected size(4096k) larger than the size in the binary image header(2048k). Using the size in the binary image header.[0m
[0;32mI (371) app_start: Starting scheduler on CPU0[0m
[0;32mI (376) app_start: Starting scheduler on CPU1[0m
[0;32mI (376) main_task: Started on CPU0[0m
[0;32mI (386) main_task: Calling app_main()[0m

assert failed: tcpip_send_msg_wait_sem /IDF/components/lwip/lwip/src/api/tcpip.c:449 (Invalid mbox)


Backtrace: 0x400817d6:0x3ffb5010 0x400858b5:0x3ffb5030 0x4008ad9d:0x3ffb5050 0x400dc4d3:0x3ffb5170 0x400e8311:0x3ffb51a0 0x400e8399:0x3ffb51c0 0x400dc335:0x3ffb5210 0x400d8b53:0x3ffb5230 0x400d9185:0x3ffb5290 0x400d651e:0x3ffb52c0 0x400d64e0:0x3ffb5350 0x400fd05f:0x3ffb5380 0x40087ed1:0x3ffb53b0




ELF file SHA256: 02f8543ae28f1535

Rebooting...
ets Jul 29 2019 12:21:46

rst:0xc (SW_CPU_RESET),boot:0x13 (SPI_FAST_FLASH_BOOT)
configsip: 0, SPIWP:0xee
clk_drv:0x00,q_drv:0x00,d_drv:0x00,cs0_drv:0x00,hd_drv:0x00,wp_drv:0x00
mode:DIO, clock div:2
load:0x3fff0030,len:7084
ho 0 tail 12 room 4
load:0x40078000,len:15576
ho 0 tail 12 room 4
load:0x40080400,len:4
load:0x40080404,len:3876
entry 0x4008064c
[0;32mI (32) boot: ESP-IDF v5.1-dirty 2nd stage bootloader[0m
[0;32mI (33) boot: compile time Jul 27 2023 04:27:02[0m
[0;32mI (33) boot: Multicore bootloader[0m
[0;32mI (37) boot: chip revision: v3.1[0m
[0;32mI (41) boot.esp32: SPI Speed      : 40MHz[0m
[0;32mI (46) boot.esp32: SPI Mode       : DIO[0m
[0;32mI (50) boot.esp32: SPI Flash Size : 2MB[0m
[0;32mI (55) boot: Enabling RNG early entropy source...[0m
[0;32mI (60) boot: Partition Table:[0m
[0;32mI (64) boot: ## Label            Usage          Type ST Offset   Length[0m
[0;32mI (71) boot:  0 nvs              WiFi data        01 02 00009000 00006000[0m
[0;32mI (79) boot:  1 phy_init         RF data          01 01 0000f000 00001000[0m
[0;32mI (86) boot:  2 factory          factory app      00 00 00010000 00100000[0m
[0;32mI (94) boot: End of partition table[0m
[0;32mI (98) esp_image: segment 0: paddr=00010020 vaddr=3f400020 size=0e6f0h ( 59120) map[0m
[0;32mI (128) esp_image: segment 1: paddr=0001e718 vaddr=3ffb0000 size=01900h (  6400) load[0m
[0;32mI (131) esp_image: segment 2: paddr=00020020 vaddr=400d0020 size=2d838h (186424) map[0m
[0;32mI (201) esp_image: segment 3: paddr=0004d860 vaddr=3ffb1900 size=00800h (  2048) load[0m
[0;32mI (202) esp_image: segment 4: paddr=0004e068 vaddr=40080000 size=0c118h ( 49432) load[0m
[0;32mI (233) boot: Loaded app from partition at offset 0x10000[0m
[0;32mI (233) boot: Disabling RNG early entropy source...[0m
[0;32mI (245) cpu_start: Multicore app[0m
[0;32mI (245) cpu_start: Pro cpu up.[0m
[0;32mI (245) cpu_start: Starting app cpu, entry point is 0x40081180[0m
[0;32mI (232) cpu_start: App cpu up.[0m
[0;32mI (263) cpu_start: Pro cpu start user code[0m
[0;32mI (263) cpu_start: cpu freq: 160000000 Hz[0m
[0;32mI (263) cpu_start: Application information:[0m
[0;32mI (268) cpu_start: Project name:     server-test[0m
[0;32mI (273) cpu_start: App version:      2ec6feb-dirty[0m
[0;32mI (279) cpu_start: Compile time:     Jul 27 2023 04:26:39[0m
[0;32mI (285) cpu_start: ELF file SHA256:  02f8543ae28f1535...[0m
[0;32mI (291) cpu_start: ESP-IDF:          v5.1-dirty[0m
[0;32mI (296) cpu_start: Min chip rev:     v0.0[0m
[0;32mI (301) cpu_start: Max chip rev:     v3.99 [0m
[0;32mI (306) cpu_start: Chip rev:         v3.1[0m
[0;32mI (311) heap_init: Initializing. RAM available for dynamic allocation:[0m
[0;32mI (318) heap_init: At 3FFAE6E0 len 00001920 (6 KiB): DRAM[0m
[0;32mI (324) heap_init: At 3FFB3088 len 0002CF78 (179 KiB): DRAM[0m
[0;32mI (330) heap_init: At 3FFE0440 len 00003AE0 (14 KiB): D/IRAM[0m
[0;32mI (336) heap_init: At 3FFE4350 len 0001BCB0 (111 KiB): D/IRAM[0m
[0;32mI (343) heap_init: At 4008C118 len 00013EE8 (79 KiB): IRAM[0m
[0;32mI (350) spi_flash: detected chip: generic[0m
[0;32mI (354) spi_flash: flash io: dio[0m
[0;33mW (357) spi_flash: Detected size(4096k) larger than the size in the binary image header(2048k). Using the size in the binary image header.[0m
[0;32mI (371) app_start: Starting scheduler on CPU0[0m
[0;32mI (376) app_start: Starting scheduler on CPU1[0m
[0;32mI (376) main_task: Started on CPU0[0m
[0;32mI (386) main_task: Calling app_main()[0m

assert failed: tcpip_send_msg_wait_sem /IDF/components/lwip/lwip/src/api/tcpip.c:449 (Invalid mbox)


Backtrace: 0x400817d6:0x3ffb5010 0x400858b5:0x3ffb5030 0x4008ad9d:0x3ffb5050 0x400dc4d3:0x3ffb5170 0x400e8311:0x3ffb51a0 0x400e8399:0x3ffb51c0 0x400dc335:0x3ffb5210 0x400d8b53:0x3ffb5230 0x400d9185:0x3ffb5290 0x400d651e:0x3ffb52c0 0x400d64e0:0x3ffb5350 0x400fd05f:0x3ffb5380 0x40087ed1:0x3ffb53b0




ELF file SHA256: 02f8543ae28f1535

Rebooting...
ets Jul 29 2019 12:21:46

rst:0xc (SW_CPU_RESET),boot:0x13 (SPI_FAST_FLASH_BOOT)
configsip: 0, SPIWP:0xee
clk_drv:0x00,q_drv:0x00,d_drv:0x00,cs0_drv:0x00,hd_drv:0x00,wp_drv:0x00
mode:DIO, clock div:2
load:0x3fff0030,len:7084
ho 0 tail 12 room 4
load:0x40078000,len:15576
ho 0 tail 12 room 4
load:0x40080400,len:4
load:0x40080404,len:3876
entry 0x4008064c
[0;32mI (32) boot: ESP-IDF v5.1-dirty 2nd stage bootloader[0m
[0;32mI (33) boot: compile time Jul 27 2023 04:27:02[0m
[0;32mI (33) boot: Multicore bootloader[0m
[0;32mI (37) boot: chip revision: v3.1[0m
[0;32mI (41) boot.esp32: SPI Speed      : 40MHz[0m
[0;32mI (46) boot.esp32: SPI Mode       : DIO[0m
[0;32mI (50) boot.esp32: SPI Flash Size : 2MB[0m
[0;32mI (55) boot: Enabling RNG early entropy source...[0m
[0;32mI (60) boot: Partition Table:[0m
[0;32mI (64) boot: ## Label            Usage          Type ST Offset   Length[0m
[0;32mI (71) boot:  0 nvs              WiFi data        01 02 00009000 00006000[0m
[0;32mI (79) boot:  1 phy_init         RF data          01 01 0000f000 00001000[0m
[0;32mI (86) boot:  2 factory          factory app      00 00 00010000 00100000[0m
[0;32mI (94) boot: End of partition table[0m
[0;32mI (98) esp_image: segment 0: paddr=00010020 vaddr=3f400020 size=0e6f0h ( 59120) map[0m
[0;32mI (128) esp_image: segment 1: paddr=0001e718 vaddr=3ffb0000 size=01900h (  6400) load[0m
[0;32mI (131) esp_image: segment 2: paddr=00020020 vaddr=400d0020 size=2d838h (186424) map[0m
[0;32mI (201) esp_image: segment 3: paddr=0004d860 vaddr=3ffb1900 size=00800h (  2048) load[0m
[0;32mI (202) esp_image: segment 4: paddr=0004e068 vaddr=40080000 size=0c118h ( 49432) load[0m
[0;32mI (233) boot: Loaded app from partition at offset 0x10000[0m
[0;32mI (233) boot: Disabling RNG early entropy source...[0m
[0;32mI (245) cpu_start: Multicore app[0m
[0;32mI (245) cpu_start: Pro cpu up.[0m
