ets Jul 29 2019 12:21:46

rst:0x1 (POWERON_RESET),boot:0x13 (SPI_FAST_FLASH_BOOT)
configsip: 0, SPIWP:0xee
clk_drv:0x00,q_drv:0x00,d_drv:0x00,cs0_drv:0x00,hd_drv:0x00,wp_drv:0x00
mode:DIO, clock div:2
load:0x3fff0030,len:7084
ho 0 tail 12 room 4
load:0x40078000,len:15576
ho 0 tail 12 room 4
load:0x40080400,len:4
load:0x40080404,len:3876
entry 0x4008064c
[0;32mI (33) boot: ESP-IDF v5.1-dirty 2nd stage bootloader[0m
[0;32mI (33) boot: compile time Jul 27 2023 04:27:02[0m
[0;32mI (33) boot: Multicore bootloader[0m
[0;32mI (38) boot: chip revision: v3.0[0m
[0;32mI (41) boot.esp32: SPI Speed      : 40MHz[0m
[0;32mI (46) boot.esp32: SPI Mode       : DIO[0m
[0;32mI (51) boot.esp32: SPI Flash Size : 2MB[0m
[0;32mI (55) boot: Enabling RNG early entropy source...[0m
[0;32mI (61) boot: Partition Table:[0m
[0;32mI (64) boot: ## Label            Usage          Type ST Offset   Length[0m
[0;32mI (71) boot:  0 nvs              WiFi data        01 02 00009000 00006000[0m
[0;32mI (79) boot:  1 phy_init         RF data          01 01 0000f000 00001000[0m
[0;32mI (86) boot:  2 factory          factory app      00 00 00010000 00100000[0m
[0;32mI (94) boot: End of partition table[0m
[0;32mI (98) esp_image: segment 0: paddr=00010020 vaddr=3f400020 size=1f928h (129320) map[0m
[0;32mI (153) esp_image: segment 1: paddr=0002f950 vaddr=3ffb0000 size=006c8h (  1736) load[0m
[0;32mI (154) esp_image: segment 2: paddr=00030020 vaddr=400d0020 size=7e7d8h (518104) map[0m
[0;32mI (346) esp_image: segment 3: paddr=000ae800 vaddr=3ffb06c8 size=02ff0h ( 12272) load[0m
[0;32mI (351) esp_image: segment 4: paddr=000b17f8 vaddr=40080000 size=153c4h ( 86980) load[0m
[0;32mI (399) boot: Loaded app from partition at offset 0x10000[0m
[0;32mI (399) boot: Disabling RNG early entropy source...[0m
[0;32mI (410) cpu_start: Multicore app[0m
[0;32mI (410) cpu_start: Pro cpu up.[0m
[0;32mI (411) cpu_start: Starting app cpu, entry point is 0x40081364[0m
[0;32mI (0) cpu_start: App cpu up.[0m
[0;32mI (428) cpu_start: Pro cpu start user code[0m
[0;32mI (428) cpu_start: cpu freq: 160000000 Hz[0m
[0;32mI (428) cpu_start: Application information:[0m
[0;32mI (433) cpu_start: Project name:     server-test[0m
[0;32mI (438) cpu_start: App version:      2ec6feb-dirty[0m
[0;32mI (444) cpu_start: Compile time:     Jul 27 2023 04:26:39[0m
[0;32mI (450) cpu_start: ELF file SHA256:  d136fca807107b4b...[0m
[0;32mI (456) cpu_start: ESP-IDF:          v5.1-dirty[0m
[0;32mI (461) cpu_start: Min chip rev:     v0.0[0m
[0;32mI (466) cpu_start: Max chip rev:     v3.99 [0m
[0;32mI (471) cpu_start: Chip rev:         v3.0[0m
[0;32mI (476) heap_init: Initializing. RAM available for dynamic allocation:[0m
[0;32mI (483) heap_init: At 3FFAE6E0 len 00001920 (6 KiB): DRAM[0m
[0;32mI (489) heap_init: At 3FFB7768 len 00028898 (162 KiB): DRAM[0m
[0;32mI (495) heap_init: At 3FFE0440 len 00003AE0 (14 KiB): D/IRAM[0m
[0;32mI (501) heap_init: At 3FFE4350 len 0001BCB0 (111 KiB): D/IRAM[0m
[0;32mI (508) heap_init: At 400953C4 len 0000AC3C (43 KiB): IRAM[0m
[0;32mI (515) spi_flash: detected chip: generic[0m
[0;32mI (519) spi_flash: flash io: dio[0m
[0;33mW (523) spi_flash: Detected size(4096k) larger than the size in the binary image header(2048k). Using the size in the binary image header.[0m
[0;32mI (537) app_start: Starting scheduler on CPU0[0m
[0;32mI (541) app_start: Starting scheduler on CPU1[0m
[0;32mI (541) main_task: Started on CPU0[0m
[0;32mI (551) main_task: Calling app_main()[0m
I (2761) wifi:wifi driver task: 3ffbe588, prio:23, stack:6656, core=0
I (2761) wifi:wifi firmware version: b2f1f86
I (2761) wifi:wifi certification version: v7.0
I (2761) wifi:config NVS flash: enabled
I (2761) wifi:config nano formating: disabled
I (2771) wifi:Init data frame dynamic rx buffer num: 32
I (2771) wifi:Init management frame dynamic rx buffer num: 32
I (2781) wifi:Init management short buffer num: 32
I (2781) wifi:Init dynamic tx buffer num: 32
I (2791) wifi:Init static rx buffer size: 1600
I (2791) wifi:Init static rx buffer num: 10
I (2791) wifi:Init dynamic rx buffer num: 32
[0;32mI (2801) wifi_init: rx ba win: 6[0m
[0;32mI (2801) wifi_init: tcpip mbox: 32[0m
[0;32mI (2811) wifi_init: udp mbox: 6[0m
[0;32mI (2811) wifi_init: tcp mbox: 6[0m
[0;32mI (2811) wifi_init: tcp tx win: 5744[0m
[0;32mI (2821) wifi_init: tcp rx win: 5744[0m
[0;32mI (2821) wifi_init: tcp mss: 1440[0m
[0;32mI (2831) wifi_init: WiFi IRAM OP enabled[0m
[0;32mI (2831) wifi_init: WiFi RX IRAM OP enabled[0m
[0;32mI (2841) phy_init: phy_version 4670,719f9f6,Feb 18 2021,17:07:07[0m
[0;33mW (2841) phy_init: failed to load RF calibration data (0x1102), falling back to full calibration[0m
I (3001) wifi:mode : null
I (3011) wifi:mode : softAP (ec:62:60:76:2c:8d)
I (3011) wifi:Total power save buffer number: 16
I (3011) wifi:Init max length of beacon: 752/752
I (3011) wifi:Init max length of beacon: 752/752
E (3011) wifi:failed to post WiFi event=12 ret=259
E (3021) wifi:failed to post WiFi event=13 ret=259
I (3021) wifi:Total power save buffer number: 16
E (3031) wifi:failed to post WiFi event=12 ret=259
[0;32mI (3031) main_task: Returned from app_main()[0m
I (7211) wifi:new:<1,0>, old:<1,1>, ap:<1,1>, sta:<255,255>, prof:1
I (7211) wifi:station: c6:81:73:28:c4:5e join, AID=1, bgn, 20
E (7211) wifi:failed to post WiFi event=14 ret=259
I (7501) wifi:<ba-add>idx:2 (ifx:1, c6:81:73:28:c4:5e), tid:0, ssn:0, winSize:64
W (2243201) wifi:inactive timer: now=8586be52 last_rx_time=7397a6d6 diff=49751, aid[1]c6:81:73:28:c4:5e leave
I (2243221) wifi:station: c6:81:73:28:c4:5e leave, AID = 1, bss_flags is 134243, bss:0x3ffb91c0
E (2243221) wifi:failed to post WiFi event=15 ret=259
I (2243221) wifi:new:<1,0>, old:<1,0>, ap:<1,1>, sta:<255,255>, prof:1
I (2243231) wifi:<ba-del>idx:2, tid:0
ets Jul 29 2019 12:21:46

rst:0x1 (POWERON_RESET),boot:0x13 (SPI_FAST_FLASH_BOOT)
configsip: 0, SPIWP:0xee
clk_drv:0x00,q_drv:0x00,d_drv:0x00,cs0_drv:0x00,hd_drv:0x00,wp_drv:0x00
mode:DIO, clock div:2
load:0x3fff0030,len:7084
ho 0 tail 12 room 4
load:0x40078000,len:15576
ho 0 tail 12 room 4
load:0x40080400,len:4
load:0x40080404,len:3876
entry 0x4008064c
[0;32mI (33) boot: ESP-IDF v5.1-dirty 2nd stage bootloader[0m
[0;32mI (33) boot: compile time Jul 27 2023 04:27:02[0m
[0;32mI (33) boot: Multicore bootloader[0m
[0;32mI (38) boot: chip revision: v3.0[0m
[0;32mI (41) boot.esp32: SPI Speed      : 40MHz[0m
[0;32mI (46) boot.esp32: SPI Mode       : DIO[0m
[0;32mI (51) boot.esp32: SPI Flash Size : 2MB[0m
[0;32mI (55) boot: Enabling RNG early entropy source...[0m
[0;32mI (61) boot: Partition Table:[0m
[0;32mI (64) boot: ## Label            Usage          Type ST Offset   Length[0m
[0;32mI (71) boot:  0 nvs              WiFi data        01 02 00009000 00006000[0m
[0;32mI (79) boot:  1 phy_init         RF data          01 01 0000f000 00001000[0m
[0;32mI (86) boot:  2 factory          factory app      00 00 00010000 00100ets Jul 29 2019 12:21:46

rst:0x1 (POWERON_RESET),boot:0x13 (SPI_FAST_FLASH_BOOT)
configsip: 0, SPIWP:0xee
clk_drv:0x00,q_drv:0x00,d_drv:0x00,cs0_drv:0x00,hd_drv:0x00,wp_drv:0x00
mode:DIO, clock div:2
load:0x3fff0030,len:7084
ho 0 tail 12 room 4
load:0x40078000,len:15576
ho 0 tail 12 room 4
load:0x40080400,len:4
load:0x40080404,len:3876
entry 0x4008064c
[0;32mI (33) boot: ESP-IDF v5.1-dirty 2nd stage bootloader[0m
[0;32mI (33) boot: compile time Jul 27 2023 04:27:02[0m
[0;32mI (33) boot: Multicore bootloader[0m
[0;32mI (38) boot: chip revision: v3.0[0m
[0;32mI (41) boot.esp32: SPI Speed        : DIO[0m
[0;32mI (51) boot.esp32: SPI Flash Size : 2MB[0m
[0;32mI (55) boot: Enabling RNG early entropy source...[0m
[0;32mI (61) boot: Partition Table:[0m
[0;32mI (64) boot: ## Label            Usage          Type ST Offset   Length[0m
[0;32mI (71) boot:  0 nvs              WiFi data        01 02 00009000 00006000[0m
[0;32mI (79) boot:  1 phy_init         RF data          01 01 0000f000 