ets Jul 29 2019 12:21:46

rst:0x1 (POWERON_RESET),boot:0x13 (SPI_FAST_FLASH_BOOT)
configsip: 0, SPIWP:0xee
clk_drv:0x00,q_drv:0x00,d_drv:0x00,cs0_drv:0x00,hd_drv:0x00,wp_drv:0x00
mode:DIO, clock div:2
load:0x3fff0030,len:7084
ho 0 tail 12 room 4
load:0x40078000,len:15576
ho 0 tail 12 room 4
load:0x40080400,len:4
load:0x40080404,len:3876
entry 0x4008064c
[0;32mI (33) boot: ESP-IDF v5.1-dirty 2nd stage bootloader[0m
[0;32mI (33) boot: compile time Jul 31 2023 23:59:43[0m
[0;32mI (33) boot: Multicore bootloader[0m
[0;32mI (38) boot: chip revision: v3.0[0m
[0;32mI (41) boot.esp32: SPI Speed      : 40MHz[0m
[0;32mI (46) boot.esp32: SPI Mode       : DIO[0m
[0;32mI (51) boot.esp32: SPI Flash Size : 2MB[0m
[0;32mI (55) boot: Enabling RNG early entropy source...[0m
[0;32mI (61) boot: Partition Table:[0m
[0;32mI (64) boot: ## Label            Usage          Type ST Offset   Length[0m
[0;32mI (71) boot:  0 nvs              WiFi data        01 02 00009000 00006000[0m
[0;32mI (79) boot:  1 phy_init         RF data          01 01 0000f000 00001000[0m
[0;32mI (86) boot:  2 factory          factory app      00 00 00010000 00177000[0m
[0;32mI (94) boot: End of partition table[0m
[0;32mI (98) esp_image: segment 0: paddr=00010020 vaddr=3f400020 size=4cac8h (314056) map[0m
[0;32mI (220) esp_image: segment 1: paddr=0005caf0 vaddr=3ffb0000 size=03528h ( 13608) load[0m
[0;32mI (225) esp_image: segment 2: paddr=00060020 vaddr=400d0020 size=ba24ch (762444) map[0m
[0;32mI (501) esp_image: segment 3: paddr=0011a274 vaddr=3ffb3528 size=00318h (   792) load[0m
[0;32mI (502) esp_image: segment 4: paddr=0011a594 vaddr=40080000 size=16930h ( 92464) load[0m
[0;32mI (556) boot: Loaded app from partition at offset 0x10000[0m
[0;32mI (557) boot: Disabling RNG early entropy source...[0m
[0;32mI (568) cpu_start: Multicore app[0m
[0;32mI (568) cpu_start: Pro cpu up.[0m
[0;32mI (569) cpu_start: Starting app cpu, entry point is 0x40081480[0m
[0;32mI (0) cpu_start: App cpu up.[0m
[0;32mI (586) cpu_start: Pro cpu start user code[0m
[0;32mI (586) cpu_start: cpu freq: 160000000 Hz[0m
[0;32mI (586) cpu_start: Application information:[0m
[0;32mI (591) cpu_start: Project name:     server-test[0m
[0;32mI (596) cpu_start: App version:      d8de86a-dirty[0m
[0;32mI (602) cpu_start: Compile time:     Aug 13 2023 22:11:02[0m
[0;32mI (608) cpu_start: ELF file SHA256:  4817513d2e1182a9...[0m
[0;32mI (614) cpu_start: ESP-IDF:          v5.1-dirty[0m
[0;32mI (619) cpu_start: Min chip rev:     v0.0[0m
[0;32mI (624) cpu_start: Max chip rev:     v3.99 [0m
[0;32mI (629) cpu_start: Chip rev:         v3.0[0m
[0;32mI (634) heap_init: Initializing. RAM available for dynamic allocation:[0m
[0;32mI (641) heap_init: At 3FFAE6E0 len 00001920 (6 KiB): DRAM[0m
[0;32mI (647) heap_init: At 3FFB8EA0 len 00027160 (156 KiB): DRAM[0m
[0;32mI (653) heap_init: At 3FFE0440 len 00003AE0 (14 KiB): D/IRAM[0m
[0;32mI (659) heap_init: At 3FFE4350 len 0001BCB0 (111 KiB): D/IRAM[0m
[0;32mI (666) heap_init: At 40096930 len 000096D0 (37 KiB): IRAM[0m
[0;32mI (673) spi_flash: detected chip: generic[0m
[0;32mI (677) spi_flash: flash io: dio[0m
[0;33mW (680) spi_flash: Detected size(4096k) larger than the size in the binary image header(2048k). Using the size in the binary image header.[0m
[0;32mI (695) app_start: Starting scheduler on CPU0[0m
[0;32mI (699) app_start: Starting scheduler on CPU1[0m
[0;32mI (699) main_task: Started on CPU0[0m
[0;32mI (709) main_task: Calling app_main()[0m
