C!+0x40078000,len:15576ets Jul 29 2019 12:21:46

rst:0x1 (POWERON_RESET),boot:0x13 (SPI_FAST_FLASH_BOOT)
configsip: 0, SPIWP:0xee
clk_drv:0x00,q_drv:0x00,d_drv:0x00,cs0_drv:0x00,hd_drv:0x00,wp_drv:0x00
mode:DIO, clock div:2
load:0x3fff0030,len:7084
ho 0 tail 12 room 4
load:0x40078000,len:15576
ho 0 tail 12 room 4
load:0x40080400,len:4
load:0x40080404,len:3876
entry 0x4008064c
[0;32mI (33) boot: ESP-IDF v5.1-dirty 2nd stage bootloader[0m
[0;32mI (33) boot: compile time Jul 27 2023 04:27:02[0m
[0;32mI (33) boot: Multicore bootloader[0m
[0;32mI (38) boot: chip revision: v3.1[0m
[0;32mI (41) boot.esp32: SPI Speed      : 40MHz[0m
[0;32mI (46) boot.esp32: SPI Mode       : DIO[0m
[0;32mI (51) boot.esp32: SPI Flash Size : 2MB[0m
[0;32mI (55) boot: Enabling RNG early entropy source...[0m
[0;32mI (61) boot: Partition Table:[0m
[0;32mI (64) boot: ## Label            Usage          Type ST Offset   Length[0m
[0;32mI (71) boot:  0 nvs              WiFi data        01 02 00009000 00006000[0m
[0;32mI (79) boot:  1 phy_init         RF data          01 01 0000f000 00001000[0m
[0;32mI (86) boot:  2 factory          factory app      00 00 00010000 00100000[0m
[0;32mI (94) boot: End of partition table[0m
[0;32mI (98) esp_image: segment 0: paddr=00010020 vaddr=3f400020 size=21888h (137352) map[0m
[0;32mI (156) esp_image: segment 1: paddr=000318b0 vaddr=3ffb0000 size=03670h ( 13936) load[0m
[0;32mI (162) esp_image: segment 2: paddr=00034f28 vaddr=40080000 size=0b0f0h ( 45296) load[0m
[0;32mI (181) esp_image: segment 3: paddr=00040020 vaddr=400d0020 size=858e0h (547040) map[0m
[0;32mI (379) esp_image: segment 4: paddr=000c5908 vaddr=4008b0f0 size=09b0ch ( 39692) load[0m
[0;32mI (406) boot: Loaded app from partition at offset 0x10000[0m
[0;32mI (406) boot: Disabling RNG early entropy source...[0m
[0;32mI (417) cpu_start: Multicore app[0m
[0;32mI (418) cpu_start: Pro cpu up.[0m
[0;32mI (418) cpu_start: Starting app cpu, entry point is 0x40081294[0m
[0;32mI (0) cpu_start: App cpu up.[0m
[0;32mI (436) cpu_start: Pro cpu start user code[0m
[0;32mI (436) cpu_start: cpu freq: 160000000 Hz[0m
[0;32mI (436) cpu_start: Application information:[0m
[0;32mI (440) cpu_start: Project name:     server-test[0m
[0;32mI (446) cpu_start: App version:      2ec6feb-dirty[0m
[0;32mI (451) cpu_start: Compile time:     Jul 27 2023 04:26:39[0m
[0;32mI (457) cpu_start: ELF file SHA256:  a5f1013b544403f8...[0m
[0;32mI (463) cpu_start: ESP-IDF:          v5.1-dirty[0m
[0;32mI (468) cpu_start: Min chip rev:     v0.0[0m
[0;32mI (473) cpu_start: Max chip rev:     v3.99 [0m
[0;32mI (478) cpu_start: Chip rev:         v3.1[0m
[0;32mI (483) heap_init: Initializing. RAM available for dynamic allocation:[0m
[0;32mI (490) heap_init: At 3FFAE6E0 len 00001920 (6 KiB): DRAM[0m
[0;32mI (496) heap_init: At 3FFB7710 len 000288F0 (162 KiB): DRAM[0m
[0;32mI (502) heap_init: At 3FFE0440 len 00003AE0 (14 KiB): D/IRAM[0m
[0;32mI (509) heap_init: At 3FFE4350 len 0001BCB0 (111 KiB): D/IRAM[0m
[0;32mI (515) heap_init: At 40094BFC len 0000B404 (45 KiB): IRAM[0m
[0;32mI (523) spi_flash: detected chip: generic[0m
[0;32mI (526) spi_flash: flash io: dio[0m
[0;33mW (530) spi_flash: Detected size(4096k) larger than the size in the binary image header(2048k). Using the size in the binary image header.[0m
[0;32mI (544) app_start: Starting scheduler on CPU0[0m
[0;32mI (548) app_start: Starting scheduler on CPU1[0m
[0;32mI (548) main_task: Started on CPU0[0m
[0;32mI (558) main_task: Calling app_main()[0m
W (558) wifi:wifi osi_nvs_open fail ret=4353

[0;32mI (558) wifi_init: rx ba win: 6[0m
[0;32mI (568) wifi_init: tcpip mbox: 32[0m
[0;32mI (568) wifi_init: udp mbox: 6[0m
[0;32mI (568) wifi_init: tcp mbox: 6[0m
[0;32mI (578) wifi_init: tcp tx win: 5744[0m
[0;32mI (578) wifi_init: tcp rx win: 5744[0m
[0;32mI (588) wifi_init: tcp mss: 1440[0m
[0;32mI (588) wifi_init: WiFi IRAM OP enabled[0m
[0;32mI (588) wifi_init: WiFi RX IRAM OP enabled[0m
ESP_ERROR_CHECK failed: esp_err_t 0x1101 (ESP_ERR_NVS_NOT_INITIALIZED) at 0x400d6087
file: "../components/_broadcast.cpp" line 36
func: void BroadcastedServer::begin()
expression: esp_wifi_init(&wifi_cfg)

abort() was called at PC 0x40088473 on core 0


Backtrace: 0x400818ea:0x3ffb96f0 0x4008847d:0x3ffb9710 0x4008f25a:0x3ffb9730 0x40088473:0x3ffb97a0 0x400d6087:0x3ffb97d0 0x400d5fe1:0x3ffb99e0 0x40153aa7:0x3ffb9a10 0x4008ad15:0x3ffb9a40




ELF file SHA256: a5f1013b544403f8

Rebooting...
ets Jul 29 2019 12:21:46

rst:0xc (SW_CPU_RESET),boot:0x13 (SPI_FAST_FLASH_BOOT)
configsip: 0, SPIWP:0xee
clk_drv:0x00,q_drv:0x00,d_drv:0x00,cs0_drv:0x00,hd_drv:0x00,wp_drv:0x00
mode:DIO, clock div:2
load:0x3fff0030,len:7084
ho 0 tail 12 room 4
load:0x40078000,len:15576
ho 0 tail 12 room 4
load:0x40080400,len:4
load:0x40080404,len:3876
entry 0x4008064c
[0;32mI (32) boot: ESP-IDF v5.1-dirty 2nd stage bootloader[0m
[0;32mI (33) boot: compile time Jul 27 2023 04:27:02[0m
[0;32mI (33) boot: Multicore bootloader[0m
[0;32mI (37) boot: chip revision: v3.1[0m
[0;32mI (41) boot.esp32: SPI Speed      : 40MHz[0m
[0;32mI (46) boot.esp32: SPI Mode       : DIO[0m
[0;32mI (50) boot.esp32: SPI Flash Size : 2MB[0m
[0;32mI (55) boot: Enabling RNG early entropy source...[0m
[0;32mI (60) boot: Partition Table:[0m
[0;32mI (64) boot: ## Label            Usage          Type ST Offset   Length[0m
[0;32mI (71) boot:  0 nvs              WiFi data        01 02 00009000 00006000[0m
[0;32mI (79) boot:  1 phy_init         RF data          01 01 0000f000 00001000[0m
[0;32mI (86) boot:  2 factory          factory app      00 00 00010000 00100000[0m
[0;32mI (94) boot: End of partition table[0m
[0;32mI (98) esp_image: segment 0: paddr=00010020 vaddr=3f400020 size=21888h (137352) map[0m
[0;32mI (156) esp_image: segment 1: paddr=000318b0 vaddr=3ffb0000 size=03670h ( 13936) load[0m
[0;32mI (162) esp_image: segment 2: paddr=00034f28 vaddr=40080000 size=0b0f0h ( 45296) load[0m
[0;32mI (181) esp_image: segment 3: paddr=00040020 vaddr=400d0020 size=858e0h (547040) map[0m
[0;32mI (379) esp_image: segment 4: paddr=000c5908 vaddr=4008b0f0 size=09b0ch ( 39692) load[0m
[0;32mI (406) boot: Loaded app from partition at offset 0x10000[0m
[0;32mI (406) boot: Disabling RNG early entropy source...[0m
[0;32mI (417) cpu_start: Multicore app[0m
[0;32mI (418) cpu_start: Pro cpu up.[0m
[0;32mI (418) cpu_start: Starting app cpu, entry point is 0x40081294[0m
[0;32mI (404) cpu_start: App cpu up.[0m
[0;32mI (436) cpu_start: Pro cpu start user code[0m
[0;32mI (436) cpu_start: cpu freq: 160000000 Hz[0m
[0;32mI (436) cpu_start: Application information:[0m
[0;32mI (441) cpu_start: Project name:     server-test[0m
[0;32mI (446) cpu_start: App version:      2ec6feb-dirty[0m
[0;32mI (451) cpu_start: Compile time:     Jul 27 2023 04:26:39[0m
[0;32mI (457) cpu_start: ELF file SHA256:  a5f1013b544403f8...[0m
[0;32mI (463) cpu_start: ESP-IDF:          v5.1-dirty[0m
[0;32mI (469) cpu_start: Min chip rev:     v0.0[0m
[0;32mI (473) cpu_start: Max chip rev:     v3.99 [0m
[0;32mI (478) cpu_start: Chip rev:         v3.1[0m
[0;32mI (483) heap_init: Initializing. RAM available for dynamic allocation:[0m
[0;32mI (490) heap_init: At 3FFAE6E0 len 00001920 (6 KiB): DRAM[0m
[0;32mI (496) heap_init: At 3FFB7710 len 000288F0 (162 KiB): DRAM[0m
[0;32mI (502) heap_init: At 3FFE0440 len 00003AE0 (14 KiB): D/IRAM[0m
[0;32mI (509) heap_init: At 3FFE4350 len 0001BCB0 (111 KiB): D/IRAM[0m
[0;32mI (515) heap_init: At 40094BFC len 0000B404 (45 KiB): IRAM[0m
[0;32mI (523) spi_flash: detected chip: generic[0m
[0;32mI (526) spi_flash: flash io: dio[0m
[0;33mW (530) spi_flash: Detected size(4096k) larger than the size in the binary image header(2048k). Using the size in the binary image header.[0m
[0;32mI (544) app_start: Starting scheduler on CPU0[0m
[0;32mI (548) app_start: Starting scheduler on CPU1[0m
[0;32mI (548) main_task: Started on CPU0[0m
[0;32mI (558) main_task: Calling app_main()[0m
W (558) wifi:wifi osi_nvs_open fail ret=4353

[0;32mI (558) wifi_init: rx ba win: 6[0m
[0;32mI (568) wifi_init: tcpip mbox: 32[0m
[0;32mI (568) wifi_init: udp mbox: 6[0m
[0;32mI (568) wifi_init: tcp mbox: 6[0m
[0;32mI (578) wifi_init: tcp tx win: 5744[0m
[0;32mI (578) wifi_init: tcp rx win: 5744[0m
[0;32mI (588) wifi_init: tcp mss: 1440[0m
[0;32mI (588) wifi_init: WiFi IRAM OP enabled[0m
[0;32mI (588) wifi_init: WiFi RX IRAM OP enabled[0m
ESP_ERROR_CHECK failed: esp_err_t 0x1101 (ESP_ERR_NVS_NOT_INITIALIZED) at 0x400d6087
file: "../components/_broadcast.cpp" line 36
func: void BroadcastedServer::begin()
expression: esp_wifi_init(&wifi_cfg)

abort() was called at PC 0x40088473 on core 0


Backtrace: 0x400818ea:0x3ffb96f0 0x4008847d:0x3ffb9710 0x4008f25a:0x3ffb9730 0x40088473:0x3ffb97a0 0x400d6087:0x3ffb97d0 0x400d5fe1:0x3ffb99e0 0x40153aa7:0x3ffb9a10 0x4008ad15:0x3ffb9a40




ELF file SHA256: a5f1013b544403f8

Rebooting...
ets Jul 29 2019 12:21:46

rst:0xc (SW_CPU_RESET),boot:0x13 (SPI_FAST_FLASH_BOOT)
configsip: 0, SPIWP:0xee
clk_drv:0x00,q_drv:0x00,d_drv:0x00,cs0_drv:0x00,hd_drv:0x00,wp_drv:0x00
mode:DIO, clock div:2
load:0x3fff0030,len:7084
ho 0 tail 12 room 4
load:0x40078000,len:15576
ho 0 tail 12 room 4
load:0x40080400,len:4
load:0x40080404,len:3876
entry 0x4008064c
[0;32mI (32) boot: ESP-IDF v5.1-dirty 2nd stage bootloader[0m
[0;32mI (33) boot: compile time Jul 27 2023 04:27:02[0m
[0;32mI (33) boot: Multicore bootloader[0m
[0;32mI (37) boot: chip revision: v3.1[0m
[0;32mI (41) boot.esp32: SPI Speed      : 40MHz[0m
[0;32mI (46) boot.esp32: SPI Mode       : DIO[0m
[0;32mI (50) boot.esp32: SPI Flash Size : 2MB[0m
[0;32mI (55) boot: Enabling RNG early entropy source...[0m
[0;32mI (60) boot: Partition Table:[0m
[0;32mI (64) boot: ## Label            Usage          Type ST Offset   Length[0m
[0;32mI (71) boot:  0 nvs              WiFi data        01 02 00009000 00006000[0m
[0;32mI (79) boot:  1 phy_init         RF data          01 01 0000f000 00001000[0m
[0;32mI (86) boot:  2 factory          factory app      00 00 00010000 00100000[0m
[0;32mI (94) boot: End of partition table[0m
[0;32mI (98) esp_image: segment 0: paddr=00010020 vaddr=3f400020 size=21888h (137352) map[0m
[0;32mI (156) esp_image: segment 1: paddr=000318b0 vaddr=3ffb0000 size=03670h ( 13936) load[0m
[0;32mI (162) esp_image: segment 2: paddr=00034f28 vaddr=40080000 size=0b0f0h ( 45296) load[0m
[0;32mI (181) esp_image: segment 3: paddr=00040020 vaddr=400d0020 size=858e0h (547040) map[0m
[0;32mI (379) esp_image: segment 4: paddr=000c5908 vaddr=4008b0f0 size=09b0ch ( 39692) load[0m
[0;32mI (406) boot: Loaded app from partition at offset 0x10000[0m
[0;32mI (406) boot: Disabling RNG early entropy source...[0m
[0;32mI (417) cpu_start: Multicore app[0m
[0;32mI (418) cpu_start: Pro cpu up.[0m
[0;32mI (418) cpu_start: Starting app cpu, entry point is 0x40081294[0m
[0;32mI (404) cpu_start: App cpu up.[0m
[0;32mI (436) cpu_start: Pro cpu start user code[0m
[0;32mI (436) cpu_start: cpu freq: 160000000 Hz[0m
[0;32mI (436) cpu_start: Application information:[0m
[0;32mI (441) cpu_start: Project name:     server-test[0m
[0;32mI (446) cpu_start: App version:      2ec6feb-dirty[0m
[0;32mI (451) cpu_start: Compile time:     Jul 27 2023 04:26:39[0m
[0;32mI (457) cpu_start: ELF file SHA256:  a5f1013b544403f8...[0m
[0;32mI (463) cpu_start: ESP-IDF:          v5.1-dirty[0m
[0;32mI (469) cpu_start: Min chip rev:     v0.0[0m
[0;32mI (473) cpu_start: Max chip rev:     v3.99 [0m
[0;32mI (478) cpu_start: Chip rev:         v3.1[0m
[0;32mI (483) heap_init: Initializing. RAM available for dynamic allocation:[0m
[0;32mI (490) heap_init: At 3FFAE6E0 len 00001920 (6 KiB): DRAM[0m
[0;32mI (496) heap_init: At 3FFB7710 len 000288F0 (162 KiB): DRAM[0m
[0;32mI (502) heap_init: At 3FFE0440 len 00003AE0 (14 KiB): D/IRAM[0m
[0;32mI (509) heap_init: At 3FFE4350 len 0001BCB0 (111 KiB): D/IRAM[0m
[0;32mI (515) heap_init: At 40094BFC len 0000B404 (45 KiB): IRAM[0m
[0;32mI (523) spi_flash: detected chip: generic[0m
[0;32mI (526) spi_flash: flash io: dio[0m
[0;33mW (530) spi_flash: Detected size(4096k) larger than the size in the binary image header(2048k). Using the size in the binary image header.[0m
[0;32mI (544) app_start: Starting scheduler on CPU0[0m
[0;32mI (548) app_start: Starting scheduler on CPU1[0m
[0;32mI (548) main_task: Started on CPU0[0m
[0;32mI (558) main_task: Calling app_main()[0m
W (558) wifi:wifi osi_nvs_open fail ret=4353

[0;32mI (558) wifi_init: rx ba win: 6[0m
[0;32mI (568) wifi_init: tcpip mbox: 32[0m
[0;32mI (568) wifi_init: udp mbox: 6[0m
[0;32mI (568) wifi_init: tcp mbox: 6[0m
[0;32mI (578) wifi_init: tcp tx win: 5744[0m
[0;32mI (578) wifi_init: tcp rx win: 5744[0m
[0;32mI (588) wifi_init: tcp mss: 1440[0m
[0;32mI (588) wifi_init: WiFi IRAM OP enabled[0m
[0;32mI (588) wifi_init: WiFi RX IRAM OP enabled[0m
ESP_ERROR_CHECK failed: esp_err_t 0x1101 (ESP_ERR_NVS_NOT_INITIALIZED) at 0x400d6087
file: "../components/_broadcast.cpp" line 36
func: void BroadcastedServer::begin()
expression: esp_wifi_init(&wifi_cfg)

abort() was called at PC 0x40088473 on core 0


Backtrace: 0x400818ea:0x3ffb96f0 0x4008847d:0x3ffb9710 0x4008f25a:0x3ffb9730 0x40088473:0x3ffb97a0 0x400d6087:0x3ffb97d0 0x400d5fe1:0x3ffb99e0 0x40153aa7:0x3ffb9a10 0x4008ad15:0x3ffb9a40




ELF file SHA256: a5f1013b544403f8

Rebooting...
ets Jul 29 2019 12:21:46

rst:0xc (SW_CPU_RESET),boot:0x13 (SPI_FAST_FLASH_BOOT)
configsip: 0, SPIWP:0xee
clk_drv:0x00,q_drv:0x00,d_drv:0x00,cs0_drv:0x00,hd_drv:0x00,wp_drv:0x00
mode:DIO, clock div:2
load:0x3fff0030,len:7084
ho 0 tail 12 room 4
load:0x40078000,len:15576
ho 0 tail 12 room 4
load:0x40080400,len:4
load:0x40080404,len:3876
entry 0x4008064c
[0;32mI (32) boot: ESP-IDF v5.1-dirty 2nd stage bootloader[0m
[0;32mI (33) boot: compile time Jul 27 2023 04:27:02[0m
[0;32mI (33) boot: Multicore bootloader[0m
[0;32mI (37) boot: chip revision: v3.1[0m
[0;32mI (41) boot.esp32: SPI Speed      : 40MHz[0m
[0;32mI (46) boot.esp32: SPI Mode       : DIO[0m
[0;32mI (50) boot.esp32: SPI Flash Size : 2MB[0m
[0;32mI (55) boot: Enabling RNG early entropy source...[0m
[0;32mI (60) boot: Partition Table:[0m
[0;32mI (64) boot: ## Label            Usage          Type ST Offset   Length[0m
[0;32mI (71) boot:  0 nvs              WiFi data        01 02 00009000 00006000[0m
[0;32mI (79) boot:  1 phy_init         RF data          01 01 0000f000 00001000[0m
[0;32mI (86) boot:  2 factory          factory app      00 00 00010000 00100000[0m
[0;32mI (94) boot: End of partition table[0m
[0;32mI (98) esp_image: segment 0: paddr=00010020 vaddr=3f400020 size=21888h (137352) map[0m
[0;32mI (156) esp_image: segment 1: paddr=000318b0 vaddr=3ffb0000 size=03670h ( 13936) load[0m
[0;32mI (162) esp_image: segment 2: paddr=00034f28 vaddr=40080000 size=0b0f0h ( 45296) load[0m
[0;32mI (181) esp_image: segment 3: paddr=00040020 vaddr=400d0020 size=858e0h (547040) map[0m
[0;32mI (379) esp_image: segment 4: paddr=000c5908 vaddr=4008b0f0 size=09b0ch ( 39692) load[0m
[0;32mI (406) boot: Loaded app from partition at offset 0x10000[0m
[0;32mI (406) boot: Disabling RNG early entropy source...[0m
[0;32mI (417) cpu_start: Multicore app[0m
[0;32mI (418) cpu_start: Pro cpu up.[0m
[0;32mI (418) cpu_start: Starting app cpu, entry point is 0x40081294[0m
[0;32mI (404) cpu_start: App cpu up.[0m
[0;32mI (436) cpu_start: Pro cpu start user code[0m
[0;32mI (436) cpu_start: cpu freq: 160000000 Hz[0m
[0;32mI (436) cpu_start: Application information:[0m
[0;32mI (441) cpu_start: Project name:     server-test[0m
[0;32mI (446) cpu_start: App version:      2ec6feb-dirty[0m
[0;32mI (451) cpu_start: Compile time:     Jul 27 2023 04:26:39[0m
[0;32mI (457) cpu_start: ELF file SHA256:  a5f1013b544403f8...[0m
[0;32mI (463) cpu_start: ESP-IDF:          v5.1-dirty[0m
[0;32mI (469) cpu_start: Min chip rev:     v0.0[0m
[0;32mI (473) cpu_start: Max chip rev:     v3.99 [0m
[0;32mI (478) cpu_start: Chip rev:         v3.1[0m
[0;32mI (483) heap_init: Initializing. RAM available for dynamic allocation:[0m
[0;32mI (490) heap_init: At 3FFAE6E0 len 00001920 (6 KiB): DRAM[0m
[0;32mI (496) heap_init: At 3FFB7710 len 000288F0 (162 KiB): DRAM[0m
[0;32mI (502) heap_init: At 3FFE0440 len 00003AE0 (14 KiB): D/IRAM[0m
[0;32mI (509) heap_init: At 3FFE4350 len 0001BCB0 (111 KiB): D/IRAM[0m
[0;32mI (515) heap_init: At 40094BFC len 0000B404 (45 KiB): IRAM[0m
[0;32mI (523) spi_flash: detected chip: generic[0m
[0;32mI (526) spi_flash: flash io: dio[0m
[0;33mW (530) spi_flash: Detected size(4096k) larger than the size in the binary image header(2048k). Using the size in the binary image header.[0m
[0;32mI (544) app_start: Starting scheduler on CPU0[0m
[0;32mI (548) app_start: Starting scheduler on CPU1[0m
[0;32mI (548) main_task: Started on CPU0[0m
[0;32mI (558) main_task: Calling app_main()[0m
W (558) wifi:wifi osi_nvs_open fail ret=4353

[0;32mI (558) wifi_init: rx ba win: 6[0m
[0;32mI (568) wifi_init: tcpip mbox: 32[0m
[0;32mI (568) wifi_init: udp mbox: 6[0m
[0;32mI (568) wifi_init: tcp mbox: 6[0m
[0;32mI (578) wifi_init: tcp tx win: 5744[0m
[0;32mI (578) wifi_init: tcp rx win: 5744[0m
[0;32mI (588) wifi_init: tcp mss: 1440[0m
[0;32mI (588) wifi_init: WiFi IRAM OP enabled[0m
[0;32mI (588) wifi_init: WiFi RX IRAM OP enabled[0m
ESP_ERROR_CHECK failed: esp_err_t 0x1101 (ESP_ERR_NVS_NOT_INITIALIZED) at 0x400d6087
file: "../components/_broadcast.cpp" line 36
func: void BroadcastedServer::begin()
expression: esp_wifi_init(&wifi_cfg)

abort() was called at PC 0x40088473 on core 0


Backtrace: 0x400818ea:0x3ffb96f0 0x4008847d:0x3ffb9710 0x4008f25a:0x3ffb9730 0x40088473:0x3ffb97a0 0x400d6087:0x3ffb97d0 0x400d5fe1:0x3ffb99e0 0x40153aa7:0x3ffb9a10 0x4008ad15:0x3ffb9a40




ELF file SHA256: a5f1013b544403f8

Rebooting...
ets Jul 29 2019 12:21:46

rst:0xc (SW_CPU_RESET),boot:0x13 (SPI_FAST_FLASH_BOOT)
configsip: 0, SPIWP:0xee
clk_drv:0x00,q_drv:0x00,d_drv:0x00,cs0_drv:0x00,hd_drv:0x00,wp_drv:0x00
mode:DIO, clock div:2
load:0x3fff0030,len:7084
ho 0 tail 12 room 4
load:0x40078000,len:15576
ho 0 tail 12 room 4
load:0x40080400,len:4
load:0x40080404,len:3876
entry 0x4008064c
[0;32mI (32) boot: ESP-IDF v5.1-dirty 2nd stage bootloader[0m
[0;32mI (33) boot: compile time Jul 27 2023 04:27:02[0m
[0;32mI (33) boot: Multicore bootloader[0m
[0;32mI (37) boot: chip revision: v3.1[0m
[0;32mI (41) boot.esp32: SPI Speed      : 40MHz[0m
[0;32mI (46) boot.esp32: SPI Mode       : DIO[0m
[0;32mI (50) boot.esp32: SPI Flash Size : 2MB[0m
[0;32mI (55) boot: Enabling RNG early entropy source...[0m
[0;32mI (60) boot: Partition Table:[0m
[0;32mI (64) boot: ## Label            Usage          Type ST Offset   Length[0m
[0;32mI (71) boot:  0 nvs              WiFi data        01 02 00009000 00006000[0m
[0;32mI (79) boot:  1 phy_init         RF data          01 01 0000f000 00001000[0m
[0;32mI (86) boot:  2 factory          factory app      00 00 00010000 00100000[0m
[0;32mI (94) boot: End of partition table[0m
[0;32mI (98) esp_image: segment 0: paddr=00010020 vaddr=3f400020 size=21888h (137352) map[0m
[0;32mI (156) esp_image: segment 1: paddr=000318b0 vaddr=3ffb0000 size=03670h ( 13936) load[0m
[0;32mI (162) esp_image: segment 2: paddr=00034f28 vaddr=40080000 size=0b0f0h ( 45296) load[0m
[0;32mI (181) esp_image: segment 3: paddr=00040020 vaddr=400d0020 size=858e0h (547040) map[0m
[0;32mI (379) esp_image: segment 4: paddr=000c5908 vaddr=4008b0f0 size=09b0ch ( 39692) load[0m
[0;32mI (406) boot: Loaded app from partition at offset 0x10000[0m
[0;32mI (406) boot: Disabling RNG early entropy source...[0m
[0;32mI (417) cpu_start: Multicore app[0m
[0;32mI (418) cpu_start: Pro cpu up.[0m
[0;32mI (418) cpu_start: Starting app cpu, entry point is 0x40081294[0m
[0;32mI (404) cpu_start: App cpu up.[0m
[0;32mI (436) cpu_start: Pro cpu start user code[0m
[0;32mI (436) cpu_start: cpu freq: 160000000 Hz[0m
[0;32mI (436) cpu_start: Application information:[0m
[0;32mI (441) cpu_start: Project name:     server-test[0m
[0;32mI (446) cpu_start: App version:      2ec6feb-dirty[0m
[0;32mI (451) cpu_start: Compile time:     Jul 27 2023 04:26:39[0m
[0;32mI (457) cpu_start: ELF file SHA256:  a5f1013b544403f8...[0m
[0;32mI (463) cpu_start: ESP-IDF:          v5.1-dirty[0m
[0;32mI (469) cpu_start: Min chip rev:     v0.0[0m
[0;32mI (473) cpu_start: Max chip rev:     v3.99 [0m
[0;32mI (478) cpu_start: Chip rev:         v3.1[0m
[0;32mI (483) heap_init: Initializing. RAM available for dynamic allocation:[0m
[0;32mI (490) heap_init: At 3FFAE6E0 len 00001920 (6 KiB): DRAM[0m
[0;32mI (496) heap_init: At 3FFB7710 len 000288F0 (162 KiB): DRAM[0m
[0;32mI (502) heap_init: At 3FFE0440 len 00003AE0 (14 KiB): D/IRAM[0m
[0;32mI (509) heap_init: At 3FFE4350 len 0001BCB0 (111 KiB): D/IRAM[0m
[0;32mI (515) heap_init: At 40094BFC len 0000B404 (45 KiB): IRAM[0m
[0;32mI (523) spi_flash: detected chip: generic[0m
[0;32mI (526) spi_flash: flash io: dio[0m
[0;33mW (530) spi_flash: Detected size(4096k) larger than the size in the binary image header(2048k). Using the size in the binary image header.[0m
[0;32mI (544) app_start: Starting scheduler on CPU0[0m
[0;32mI (548) app_start: Starting scheduler on CPU1[0m
[0;32mI (548) main_task: Started on CPU0[0m
[0;32mI (558) main_task: Calling app_main()[0m
W (558) wifi:wifi osi_nvs_open fail ret=4353

[0;32mI (558) wifi_init: rx ba win: 6[0m
[0;32mI (568) wifi_init: tcpip mbox: 32[0m
[0;32mI (568) wifi_init: udp mbox: 6[0m
[0;32mI (568) wifi_init: tcp mbox: 6[0m
[0;32mI (578) wifi_init: tcp tx win: 5744[0m
[0;32mI (578) wifi_init: tcp rx win: 5744[0m
[0;32mI (588) wifi_init: tcp mss: 1440[0m
[0;32mI (588) wifi_init: WiFi IRAM OP enabled[0m
[0;32mI (588) wifi_init: WiFi RX IRAM OP enabled[0m
ESP_ERROR_CHECK failed: esp_err_t 0x1101 (ESP_ERR_NVS_NOT_INITIALIZED) at 0x400d6087
file: "../components/_broadcast.cpp" line 36
func: void BroadcastedServer::begin()
expression: esp_wifi_init(&wifi_cfg)

abort() was called at PC 0x40088473 on core 0


Backtrace: 0x400818ea:0x3ffb96f0 0x4008847d:0x3ffb9710 0x4008f25a:0x3ffb9730 0x40088473:0x3ffb97a0 0x400d6087:0x3ffb97d0 0x400d5fe1:0x3ffb99e0 0x40153aa7:0x3ffb9a10 0x4008ad15:0x3ffb9a40




ELF file SHA256: a5f1013b544403f8

Rebooting...
ets Jul 29 2019 12:21:46

rst:0xc (SW_CPU_RESET),boot:0x13 (SPI_FAST_FLASH_BOOT)
configsip: 0, SPIWP:0xee
clk_drv:0x00,q_drv:0x00,d_drv:0x00,cs0_drv:0x00,hd_drv:0x00,wp_drv:0x00
mode:DIO, clock div:2
load:0x3fff0030,len:7084
ho 0 tail 12 room 4
load:0x40078000,len:15576
ho 0 tail 12 room 4
load:0x40080400,len:4
load:0x40080404,len:3876
entry 0x4008064c
[0;32mI (32) boot: ESP-IDF v5.1-dirty 2nd stage bootloader[0m
[0;32mI (33) boot: compile time Jul 27 2023 04:27:02[0m
[0;32mI (33) boot: Multicore bootloader[0m
[0;32mI (37) boot: chip revision: v3.1[0m
[0;32mI (41) boot.esp32: SPI Speed      : 40MHz[0m
[0;32mI (46) boot.esp32: SPI Mode       : DIO[0m
[0;32mI (50) boot.esp32: SPI Flash Size : 2MB[0m
[0;32mI (55) boot: Enabling RNG early entropy source...[0m
[0;32mI (60) boot: Partition Table:[0m
[0;32mI (64) boot: ## Label            Usage          Type ST Offset   Length[0m
[0;32mI (71) boot:  0 nvs              WiFi data        01 02 00009000 00006000[0m
[0;32mI (79) boot:  1 phy_init         RF data          01 01 0000f000 00001000[0m
[0;32mI (86) boot:  2 factory          factory app      00 00 00010000 00100000[0m
[0;32mI (94) boot: End of partition table[0m
[0;32mI (98) esp_image: segment 0: paddr=00010020 vaddr=3f400020 size=21888h (137352) map[0m
[0;32mI (156) esp_image: segment 1: paddr=000318b0 vaddr=3ffb0000 size=03670h ( 13936) load[0m
[0;32mI (162) esp_image: segment 2: paddr=00034f28 vaddr=40080000 size=0b0f0h ( 45296) load[0m
[0;32mI (181) esp_image: segment 3: paddr=00040020 vaddr=400d0020 size=858e0h (547040) map[0m
[0;32mI (379) esp_image: segment 4: paddr=000c5908 vaddr=4008b0f0 size=09b0ch ( 39692) load[0m
[0;32mI (406) boot: Loaded app from partition at offset 0x10000[0m
[0;32mI (406) boot: Disabling RNG early entropy source...[0m
[0;32mI (417) cpu_start: Multicore app[0m
[0;32mI (418) cpu_start: Pro cpu up.[0m
[0;32mI (418) cpu_start: Starting app cpu, entry point is 0x40081294[0m
[0;32mI (404) cpu_start: App cpu up.[0m
[0;32mI (436) cpu_start: Pro cpu start user code[0m
[0;32mI (436) cpu_start: cpu freq: 160000000 Hz[0m
[0;32mI (436) cpu_start: Application information:[0m
[0;32mI (441) cpu_start: Project name:     server-test[0m
[0;32mI (446) cpu_start: App version:      2ec6feb-dirty[0m
[0;32mI (451) cpu_start: Compile time:     Jul 27 2023 04:26:39[0m
[0;32mI (457) cpu_start: ELF file SHA256:  a5f1013b544403f8...[0m
[0;32mI (463) cpu_start: ESP-IDF:          v5.1-dirty[0m
[0;32mI (469) cpu_start: Min chip rev:     v0.0[0m
[0;32mI (473) cpu_start: Max chip rev:     v3.99 [0m
[0;32mI (478) cpu_start: Chip rev:         v3.1[0m
[0;32mI (483) heap_init: Initializing. RAM available for dynamic allocation:[0m
[0;32mI (490) heap_init: At 3FFAE6E0 len 00001920 (6 KiB): DRAM[0m
[0;32mI (496) heap_init: At 3FFB7710 len 000288F0 (162 KiB): DRAM[0m
[0;32mI (502) heap_init: At 3FFE0440 len 00003AE0 (14 KiB): D/IRAM[0m
[0;32mI (509) heap_init: At 3FFE4350 len 0001BCB0 (111 KiB): D/IRAM[0m
[0;32mI (515) heap_init: At 40094BFC len 0000B404 (45 KiB): IRAM[0m
[0;32mI (523) spi_flash: detected chip: generic[0m
[0;32mI (526) spi_flash: flash io: dio[0m
[0;33mW (530) spi_flash: Detected size(4096k) larger than the size in the binary image header(2048k). Using the size in the binary image header.[0m
[0;32mI (544) app_start: Starting scheduler on CPU0[0m
[0;32mI (548) app_start: Starting scheduler on CPU1[0m
[0;32mI (548) main_task: Started on CPU0[0m
[0;32mI (558) main_task: Calling app_main()[0m
W (558) wifi:wifi osi_nvs_open fail ret=4353

[0;32mI (558) wifi_init: rx ba win: 6[0m
[0;32mI (568) wifi_init: tcpip mbox: 32[0m
[0;32mI (568) wifi_init: udp mbox: 6[0m
[0;32mI (568) wifi_init: tcp mbox: 6[0m
[0;32mI (578) wifi_init: tcp tx win: 5744[0m
[0;32mI (578) wifi_init: tcp rx win: 5744[0m
[0;32mI (588) wifi_init: tcp mss: 1440[0m
[0;32mI (588) wifi_init: WiFi IRAM OP enabled[0m
[0;32mI (588) wifi_init: WiFi RX IRAM OP enabled[0m
ESP_ERROR_CHECK failed: esp_err_t 0x1101 (ESP_ERR_NVS_NOT_INITIALIZED) at 0x400d6087
file: "../components/_broadcast.cpp" line 36
func: void BroadcastedServer::begin()
expression: esp_wifi_init(&wifi_cfg)

abort() was called at PC 0x40088473 on core 0


Backtrace: 0x400818ea:0x3ffb96f0 0x4008847d:0x3ffb9710 0x4008f25a:0x3ffb9730 0x40088473:0x3ffb97a0 0x400d6087:0x3ffb97d0 0x400d5fe1:0x3ffb99e0 0x40153aa7:0x3ffb9a10 0x4008ad15:0x3ffb9a40




ELF file SHA256: a5f1013b544403f8

Rebooting...
ets Jul 29 2019 12:21:46

rst:0xc (SW_CPU_RESET),boot:0x13 (SPI_FAST_FLASH_BOOT)
configsip: 0, SPIWP:0xee
clk_drv:0x00,q_drv:0x00,d_drv:0x00,cs0_drv:0x00,hd_drv:0x00,wp_drv:0x00
mode:DIO, clock div:2
load:0x3fff0030,len:7084
ho 0 tail 12 room 4
load:0x40078000,len:15576
ho 0 tail 12 room 4
load:0x40080400,len:4
load:0x40080404,len:3876
entry 0x4008064c
[0;32mI (32) boot: ESP-IDF v5.1-dirty 2nd stage bootloader[0m
[0;32mI (33) boot: compile time Jul 27 2023 04:27:02[0m
[0;32mI (33) boot: Multicore bootloader[0m
[0;32mI (37) boot: chip revision: v3.1[0m
[0;32mI (41) boot.esp32: SPI Speed      : 40MHz[0m
[0;32mI (46) boot.esp32: SPI Mode       : DIO[0m
[0;32mI (50) boot.esp32: SPI Flash Size : 2MB[0m
[0;32mI (55) boot: Enabling RNG early entropy source...[0m
[0;32mI (60) boot: Partition Table:[0m
[0;32mI (64) boot: ## Label            Usage          Type ST Offset   Length[0m
[0;32mI (71) boot:  0 nvs              WiFi data        01 02 00009000 00006000[0m
[0;32mI (79) boot:  1 phy_init         RF data          01 01 0000f000 00001000[0m
[0;32mI (86) boot:  2 factory          factory app      00 00 00010000 00100000[0m
[0;32mI (94) boot: End of partition table[0m
[0;32mI (98) esp_image: segment 0: paddr=00010020 vaddr=3f400020 size=21888h (137352) map[0m
[0;32mI (156) esp_image: segment 1: paddr=000318b0 vaddr=3ffb0000 size=03670h ( 13936) load[0m
[0;32mI (162) esp_image: segment 2: paddr=00034f28 vaddr=40080000 size=0b0f0h ( 45296) load[0m
[0;32mI (181) esp_image: segment 3: paddr=00040020 vaddr=400d0020 size=858e0h (547040) map[0m
[0;32mI (379) esp_image: segment 4: paddr=000c5908 vaddr=4008b0f0 size=09b0ch ( 39692) load[0m
[0;32mI (406) boot: Loaded app from partition at offset 0x10000[0m
[0;32mI (406) boot: Disabling RNG early entropy source...[0m
[0;32mI (417) cpu_start: Multicore app[0m
[0;32mI (418) cpu_start: Pro cpu up.[0m
[0;32mI (418) cpu_start: Starting app cpu, entry point is 0x40081294[0m
[0;32mI (404) cpu_start: App cpu up.[0m
[0;32mI (436) cpu_start: Pro cpu start user code[0m
[0;32mI (436) cpu_start: cpu freq: 160000000 Hz[0m
[0;32mI (436) cpu_start: Application information:[0m
[0;32mI (441) cpu_start: Project name:     server-test[0m
[0;32mI (446) cpu_start: App version:      2ec6feb-dirty[0m
[0;32mI (451) cpu_start: Compile time:     Jul 27 2023 04:26:39[0m
[0;32mI (457) cpu_start: ELF file SHA256:  a5f1013b544403f8...[0m
[0;32mI (463) cpu_start: ESP-IDF:          v5.1-dirty[0m
[0;32mI (469) cpu_start: Min chip rev:     v0.0[0m
[0;32mI (473) cpu_start: Max chip rev:     v3.99 [0m
[0;32mI (478) cpu_start: Chip rev:         v3.1[0m
[0;32mI (483) heap_init: Initializing. RAM available for dynamic allocation:[0m
[0;32mI (490) heap_init: At 3FFAE6E0 len 00001920 (6 KiB): DRAM[0m
[0;32mI (496) heap_init: At 3FFB7710 len 000288F0 (162 KiB): DRAM[0m
[0;32mI (502) heap_init: At 3FFE0440 len 00003AE0 (14 KiB): D/IRAM[0m
[0;32mI (509) heap_init: At 3FFE4350 len 0001BCB0 (111 KiB): D/IRAM[0m
[0;32mI (515) heap_init: At 40094BFC len 0000B404 (45 KiB): IRAM[0m
[0;32mI (523) spi_flash: detected chip: generic[0m
[0;32mI (526) spi_flash: flash io: dio[0m
[0;33mW (530) spi_flash: Detected size(4096k) larger than the size in the binary image header(2048k). Using the size in the binary image header.[0m
[0;32mI (544) app_start: Starting scheduler on CPU0[0m
[0;32mI (548) app_start: Starting scheduler on CPU1[0m
[0;32mI (548) main_task: Started on CPU0[0m
[0;32mI (558) main_task: Calling app_main()[0m
W (558) wifi:wifi osi_nvs_open fail ret=4353

[0;32mI (558) wifi_init: rx ba win: 6[0m
[0;32mI (568) wifi_init: tcpip mbox: 32[0m
[0;32mI (568) wifi_init: udp mbox: 6[0m
[0;32mI (568) wifi_init: tcp mbox: 6[0m
[0;32mI (578) wifi_init: tcp tx win: 5744[0m
[0;32mI (578) wifi_init: tcp rx win: 5744[0m
[0;32mI (588) wifi_init: tcp mss: 1440[0m
[0;32mI (588) wifi_init: WiFi IRAM OP enabled[0m
[0;32mI (588) wifi_init: WiFi RX IRAM OP enabled[0m
ESP_ERROR_CHECK failed: esp_err_t 0x1101 (ESP_ERR_NVS_NOT_INITIALIZED) at 0x400d6087
file: "../components/_broadcast.cpp" line 36
func: void BroadcastedServer::begin()
expression: esp_wifi_init(&wifi_cfg)

abort() was called at PC 0x40088473 on core 0


Backtrace: 0x400818ea:0x3ffb96f0 0x4008847d:0x3ffb9710 0x4008f25a:0x3ffb9730 0x40088473:0x3ffb97a0 0x400d6087:0x3ffb97d0 0x400d5fe1:0x3ffb99e0 0x40153aa7:0x3ffb9a10 0x4008ad15:0x3ffb9a40




ELF file SHA256: a5f1013b544403f8

Rebooting...
ets Jul 29 2019 12:21:46

rst:0xc (SW_CPU_RESET),boot:0x13 (SPI_FAST_FLASH_BOOT)
configsip: 0, SPIWP:0xee
clk_drv:0x00,q_drv:0x00,d_drv:0x00,cs0_drv:0x00,hd_drv:0x00,wp_drv:0x00
mode:DIO, clock div:2
load:0x3fff0030,len:7084
ho 0 tail 12 room 4
load:0x40078000,len:15576
ho 0 tail 12 room 4
load:0x40080400,len:4
load:0x40080404,len:3876
entry 0x4008064c
[0;32mI (32) boot: ESP-IDF v5.1-dirty 2nd stage bootloader[0m
[0;32mI (33) boot: compile time Jul 27 2023 04:27:02[0m
[0;32mI (33) boot: Multicore bootloader[0m
[0;32mI (37) boot: chip revision: v3.1[0m
[0;32mI (41) boot.esp32: SPI Speed      : 40MHz[0m
[0;32mI (46) boot.esp32: SPI Mode       : DIO[0m
[0;32mI (50) boot.esp32: SPI Flash Size : 2MB[0m
[0;32mI (55) boot: Enabling RNG early entropy source...[0m
[0;32mI (60) boot: Partition Table:[0m
[0;32mI (64) boot: ## Label            Usage          Type ST Offset   Length[0m
[0;32mI (71) boot:  0 nvs              WiFi data        01 02 00009000 00006000[0m
[0;32mI (79) boot:  1 phy_init         RF data          01 01 0000f000 00001000[0m
[0;32mI (86) boot:  2 factory          factory app      00 00 00010000 00100000[0m
[0;32mI (94) boot: End of partition table[0m
[0;32mI (98) esp_image: segment 0: paddr=00010020 vaddr=3f400020 size=21888h (137352) map[0m
[0;32mI (156) esp_image: segment 1: paddr=000318b0 vaddr=3ffb0000 size=03670h ( 13936) load[0m
[0;32mI (162) esp_image: segment 2: paddr=00034f28 vaddr=40080000 size=0b0f0h ( 45296) load[0m
[0;32mI (181) esp_image: segment 3: paddr=00040020 vaddr=400d0020 size=858e0h (547040) map[0m
[0;32mI (379) esp_image: segment 4: paddr=000c5908 vaddr=4008b0f0 size=09b0ch ( 39692) load[0m
[0;32mI (406) boot: Loaded app from partition at offset 0x10000[0m
[0;32mI (406) boot: Disabling RNG early entropy source...[0m
[0;32mI (417) cpu_start: Multicore app[0m
[0;32mI (418) cpu_start: Pro cpu up.[0m
[0;32mI (418) cpu_start: Starting app cpu, entry point is 0x40081294[0m
[0;32mI (404) cpu_start: App cpu up.[0m
[0;32mI (436) cpu_start: Pro cpu start user code[0m
[0;32mI (436) cpu_start: cpu freq: 160000000 Hz[0m
[0;32mI (436) cpu_start: Application information:[0m
[0;32mI (441) cpu_start: Project name:     server-test[0m
[0;32mI (446) cpu_start: App version:      2ec6feb-dirty[0m
[0;32mI (451) cpu_start: Compile time:     Jul 27 2023 04:26:39[0m
[0;32mI (457) cpu_start: ELF file SHA256:  a5f1013b544403f8...[0m
[0;32mI (463) cpu_start: ESP-IDF:          v5.1-dirty[0m
[0;32mI (469) cpu_start: Min chip rev:     v0.0[0m
[0;32mI (473) cpu_start: Max chip rev:     v3.99 [0m
[0;32mI (478) cpu_start: Chip rev:         v3.1[0m
[0;32mI (483) heap_init: Initializing. RAM available for dynamic allocation:[0m
[0;32mI (490) heap_init: At 3FFAE6E0 len 00001920 (6 KiB): DRAM[0m
[0;32mI (496) heap_init: At 3FFB7710 len 000288F0 (162 KiB): DRAM[0m
[0;32mI (502) heap_init: At 3FFE0440 len 00003AE0 (14 KiB): D/IRAM[0m
[0;32mI (509) heap_init: At 3FFE4350 len 0001BCB0 (111 KiB): D/IRAM[0m
[0;32mI (515) heap_init: At 40094BFC len 0000B404 (45 KiB): IRAM[0m
[0;32mI (523) spi_flash: detected chip: generic[0m
[0;32mI (526) spi_flash: flash io: dio[0m
[0;33mW (530) spi_flash: Detected size(4096k) larger than the size in the binary image header(2048k). Using the size in the binary image header.[0m
[0;32mI (544) app_start: Starting scheduler on CPU0[0m
[0;32mI (548) app_start: Starting scheduler on CPU1[0m
[0;32mI (548) main_task: Started on CPU0[0m
[0;32mI (558) main_task: Calling app_main()[0m
W (558) wifi:wifi osi_nvs_open fail ret=4353

[0;32mI (558) wifi_init: rx ba win: 6[0m
