de:DIO, clociv:2
load:0x3fff00ets Jul 29 2019 12:21:46

rst:0x1 (POWERON_RESET),boot:0x13 (SPI_FAST_FLASH_BOOT)
configsip: 0, SPIWP:0xee
clk_drv:0x00,q_drv:0x00,d_drv:0x00,cs0_drv:0x00,hd_drv:0x00,wp_drv:0x00
mode:DIO, clock div:2
load:0x3fff0030,len:7084
ho 0 tail 12 room 4
load:0x40078000,len:15576
ho 0 tail 12 room 4
load:0x40080400,len:4
load:0x40080404,len:3876
entry 0x4008064c
[0;32mI (33) boot: ESP-IDF v5.1-dirty 2nd stage bootloader[0m
[0;32mI (33) boot: compile time Jul 27 2023 04:27:02[0m
[0;32mI (33) boot: Multicore bootloader[0m
[0;32mI (38) boot: chip revision: v3.1[0m
[0;32mI (41) boot.esp32: SPI Speed      : 40MHz[0m
[0;32mI (46) boot.esp32: SPI Mode       : DIO[0m
[0;32mI (51) boot.esp32: SPI Flash Size : 2MB[0m
[0;32mI (55) boot: Enabling RNG early entropy source...[0m
[0;32mI (61) boot: Partition Table:[0m
[0;32mI (64) boot: ## Label            Usage          Type ST Offset   Length[0m
[0;32mI (71) boot:  0 nvs              WiFi data        01 02 00009000 00006000[0m
[0;32mI (79) boot:  1 phy_init         RF data          01 01 0000f000 00001000[0m
[0;32mI (86) boot:  2 factory          factory app      00 00 00010000 00100000[0m
[0;32mI (94) boot: End of partition table[0m
[0;32mI (98) esp_image: segment 0: paddr=00010020 vaddr=3f400020 size=12e28h ( 77352) map[0m
[0;32mI (134) esp_image: segment 1: paddr=00022e50 vaddr=3ffb0000 size=02e40h ( 11840) load[0m
[0;32mI (139) esp_image: segment 2: paddr=00025c98 vaddr=40080000 size=0a380h ( 41856) load[0m
[0;32mI (158) esp_image: segment 3: paddr=00030020 vaddr=400d0020 size=4d180h (315776) map[0m
[0;32mI (272) esp_image: segment 4: paddr=0007d1a8 vaddr=4008a380 size=061fch ( 25084) load[0m
[0;32mI (291) boot: Loaded app from partition at offset 0x10000[0m
[0;32mI (291) boot: Disabling RNG early entropy source...[0m
[0;32mI (302) cpu_start: Multicore app[0m
[0;32mI (303) cpu_start: Pro cpu up.[0m
[0;32mI (303) cpu_start: Starting app cpu, entry point is 0x400811d8[0m
[0;32mI (0) cpu_start: App cpu up.[0m
[0;32mI (321) cpu_start: Pro cpu start user code[0m
[0;32mI (321) cpu_start: cpu freq: 160000000 Hz[0m
[0;32mI (321) cpu_start: Application information:[0m
[0;32mI (326) cpu_start: Project name:     server-test[0m
[0;32mI (331) cpu_start: App version:      2ec6feb-dirty[0m
[0;32mI (336) cpu_start: Compile time:     Jul 27 2023 04:26:39[0m
[0;32mI (342) cpu_start: ELF file SHA256:  724c375605d11e7a...[0m
[0;32mI (348) cpu_start: ESP-IDF:          v5.1-dirty[0m
[0;32mI (354) cpu_start: Min chip rev:     v0.0[0m
[0;32mI (358) cpu_start: Max chip rev:     v3.99 [0m
[0;32mI (363) cpu_start: Chip rev:         v3.1[0m
[0;32mI (368) heap_init: Initializing. RAM available for dynamic allocation:[0m
[0;32mI (375) heap_init: At 3FFAE6E0 len 00001920 (6 KiB): DRAM[0m
[0;32mI (381) heap_init: At 3FFB6600 len 00029A00 (166 KiB): DRAM[0m
[0;32mI (387) heap_init: At 3FFE0440 len 00003AE0 (14 KiB): D/IRAM[0m
[0;32mI (394) heap_init: At 3FFE4350 len 0001BCB0 (111 KiB): D/IRAM[0m
[0;32mI (400) heap_init: At 4009057C len 0000FA84 (62 KiB): IRAM[0m
[0;32mI (408) spi_flash: detected chip: generic[0m
[0;32mI (411) spi_flash: flash io: dio[0m
[0;33mW (415) spi_flash: Detected size(4096k) larger than the size in the binary image header(2048k). Using the size in the binary image header.[0m
[0;32mI (429) app_start: Starting scheduler on CPU0[0m
[0;32mI (433) app_start: Starting scheduler on CPU1[0m
[0;32mI (433) main_task: Started on CPU0[0m
[0;32mI (443) main_task: Calling app_main()[0m
ESP_ERROR_CHECK failed: esp_err_t 0x3001 (ESP_ERR_WIFI_NOT_INIT) at 0x400d6994
file: "../components/_broadcast.cpp" line 41
func: void BroadcastedServer::begin()
expression: esp_wifi_set_mode(WIFI_MODE_AP)

abort() was called at PC 0x40087d2f on core 0


Backtrace: 0x4008182e:0x3ffb86b0 0x40087d39:0x3ffb86d0 0x4008dd92:0x3ffb86f0 0x40087d2f:0x3ffb8760 0x400d6994:0x3ffb8790 0x400d6920:0x3ffb88d0 0x4011c4ab:0x3ffb8900 0x4008a355:0x3ffb8930




ELF file SHA256: 724c375605d11e7a

Rebooting...
ets Jul 29 2019 12:21:46

rst:0xc (SW_CPU_RESET),boot:0x13 (SPI_FAST_FLASH_BOOT)
configsip: 0, SPIWP:0xee
clk_drv:0x00,q_drv:0x00,d_drv:0x00,cs0_drv:0x00,hd_drv:0x00,wp_drv:0x00
mode:DIO, clock div:2
load:0x3fff0030,len:7084
ho 0 tail 12 room 4
load:0x40078000,len:15576
ho 0 tail 12 room 4
load:0x40080400,len:4
load:0x40080404,len:3876
entry 0x4008064c
[0;32mI (32) boot: ESP-IDF v5.1-dirty 2nd stage bootloader[0m
[0;32mI (33) boot: compile time Jul 27 2023 04:27:02[0m
[0;32mI (33) boot: Multicore bootloader[0m
[0;32mI (37) boot: chip revision: v3.1[0m
[0;32mI (41) boot.esp32: SPI Speed      : 40MHz[0m
[0;32mI (46) boot.esp32: SPI Mode       : DIO[0m
[0;32mI (50) boot.esp32: SPI Flash Size : 2MB[0m
[0;32mI (55) boot: Enabling RNG early entropy source...[0m
[0;32mI (60) boot: Partition Table:[0m
[0;32mI (64) boot: ## Label            Usage          Type ST Offset   Length[0m
[0;32mI (71) boot:  0 nvs              WiFi data        01 02 00009000 00006000[0m
[0;32mI (79) boot:  1 phy_init         RF data          01 01 0000f000 00001000[0m
[0;32mI (86) boot:  2 factory          factory app      00 00 00010000 00100000[0m
[0;32mI (94) boot: End of partition table[0m
[0;32mI (98) esp_image: segment 0: paddr=00010020 vaddr=3f400020 size=12e28h ( 77352) map[0m
[0;32mI (134) esp_image: segment 1: paddr=00022e50 vaddr=3ffb0000 size=02e40h ( 11840) load[0m
[0;32mI (139) esp_image: segment 2: paddr=00025c98 vaddr=40080000 size=0a380h ( 41856) load[0m
[0;32mI (158) esp_image: segment 3: paddr=00030020 vaddr=400d0020 size=4d180h (315776) map[0m
[0;32mI (272) esp_image: segment 4: paddr=0007d1a8 vaddr=4008a380 size=061fch ( 25084) load[0m
[0;32mI (291) boot: Loaded app from partition at offset 0x10000[0m
[0;32mI (291) boot: Disabling RNG early entropy source...[0m
[0;32mI (302) cpu_start: Multicore app[0m
[0;32mI (303) cpu_start: Pro cpu up.[0m
[0;32mI (303) cpu_start: Starting app cpu, entry point is 0x400811d8[0m
[0;32mI (289) cpu_start: App cpu up.[0m
[0;32mI (321) cpu_start: Pro cpu start user code[0m
[0;32mI (321) cpu_start: cpu freq: 160000000 Hz[0m
[0;32mI (321) cpu_start: Application information:[0m
[0;32mI (326) cpu_start: Project name:     server-test[0m
[0;32mI (331) cpu_start: App version:      2ec6feb-dirty[0m
[0;32mI (336) cpu_start: Compile time:     Jul 27 2023 04:26:39[0m
[0;32mI (342) cpu_start: ELF file SHA256:  724c375605d11e7a...[0m
[0;32mI (348) cpu_start: ESP-IDF:          v5.1-dirty[0m
[0;32mI (354) cpu_start: Min chip rev:     v0.0[0m
[0;32mI (358) cpu_start: Max chip rev:     v3.99 [0m
[0;32mI (363) cpu_start: Chip rev:         v3.1[0m
[0;32mI (368) heap_init: Initializing. RAM available for dynamic allocation:[0m
[0;32mI (375) heap_init: At 3FFAE6E0 len 00001920 (6 KiB): DRAM[0m
[0;32mI (381) heap_init: At 3FFB6600 len 00029A00 (166 KiB): DRAM[0m
[0;32mI (387) heap_init: At 3FFE0440 len 00003AE0 (14 KiB): D/IRAM[0m
[0;32mI (394) heap_init: At 3FFE4350 len 0001BCB0 (111 KiB): D/IRAM[0m
[0;32mI (400) heap_init: At 4009057C len 0000FA84 (62 KiB): IRAM[0m
[0;32mI (408) spi_flash: detected chip: generic[0m
[0;32mI (411) spi_flash: flash io: dio[0m
[0;33mW (415) spi_flash: Detected size(4096k) larger than the size in the binary image header(2048k). Using the size in the binary image header.[0m
[0;32mI (429) app_start: Starting scheduler on CPU0[0m
[0;32mI (433) app_start: Starting scheduler on CPU1[0m
[0;32mI (433) main_task: Started on CPU0[0m
[0;32mI (443) main_task: Calling app_main()[0m
ESP_ERROR_CHECK failed: esp_err_t 0x3001 (ESP_ERR_WIFI_NOT_INIT) at 0x400d6994
file: "../components/_broadcast.cpp" line 41
func: void BroadcastedServer::begin()
expression: esp_wifi_set_mode(WIFI_MODE_AP)

abort() was called at PC 0x40087d2f on core 0


Backtrace: 0x4008182e:0x3ffb86b0 0x40087d39:0x3ffb86d0 0x4008dd92:0x3ffb86f0 0x40087d2f:0x3ffb8760 0x400d6994:0x3ffb8790 0x400d6920:0x3ffb88d0 0x4011c4ab:0x3ffb8900 0x4008a355:0x3ffb8930




ELF file SHA256: 724c375605d11e7a

Rebooting...
ets Jul 29 2019 12:21:46

rst:0xc (SW_CPU_RESET),boot:0x13 (SPI_FAST_FLASH_BOOT)
configsip: 0, SPIWP:0xee
clk_drv:0x00,q_drv:0x00,d_drv:0x00,cs0_drv:0x00,hd_drv:0x00,wp_drv:0x00
mode:DIO, clock div:2
load:0x3fff0030,len:7084
ho 0 tail 12 room 4
load:0x40078000,len:15576
ho 0 tail 12 room 4
load:0x40080400,len:4
load:0x40080404,len:3876
entry 0x4008064c
[0;32mI (32) boot: ESP-IDF v5.1-dirty 2nd stage bootloader[0m
[0;32mI (33) boot: compile time Jul 27 2023 04:27:02[0m
[0;32mI (33) boot: Multicore bootloader[0m
[0;32mI (37) boot: chip revision: v3.1[0m
[0;32mI (41) boot.esp32: SPI Speed      : 40MHz[0m
[0;32mI (46) boot.esp32: SPI Mode       : DIO[0m
[0;32mI (50) boot.esp32: SPI Flash Size : 2MB[0m
[0;32mI (55) boot: Enabling RNG early entropy source...[0m
[0;32mI (60) boot: Partition Table:[0m
[0;32mI (64) boot: ## Label            Usage          Type ST Offset   Length[0m
[0;32mI (71) boot:  0 nvs              WiFi data        01 02 00009000 00006000[0m
[0;32mI (79) boot:  1 phy_init         RF data          01 01 0000f000 00001000[0m
[0;32mI (86) boot:  2 factory          factory app      00 00 00010000 00100000[0m
[0;32mI (94) boot: End of partition table[0m
[0;32mI (98) esp_image: segment 0: paddr=00010020 vaddr=3f400020 size=12e28h ( 77352) map[0m
[0;32mI (134) esp_image: segment 1: paddr=00022e50 vaddr=3ffb0000 size=02e40h ( 11840) load[0m
[0;32mI (139) esp_image: segment 2: paddr=00025c98 vaddr=40080000 size=0a380h ( 41856) load[0m
[0;32mI (158) esp_image: segment 3: paddr=00030020 vaddr=400d0020 size=4d180h (315776) map[0m
[0;32mI (272) esp_image: segment 4: paddr=0007d1a8 vaddr=4008a380 size=061fch ( 25084) load[0m
[0;32mI (291) boot: Loaded app from partition at offset 0x10000[0m
[0;32mI (291) boot: Disabling RNG early entropy source...[0m
[0;32mI (302) cpu_start: Multicore app[0m
[0;32mI (303) cpu_start: Pro cpu up.[0m
[0;32mI (303) cpu_start: Starting app cpu, entry point is 0x400811d8[0m
[0;32mI (289) cpu_start: App cpu up.[0m
[0;32mI (321) cpu_start: Pro cpu start user code[0m
[0;32mI (321) cpu_start: cpu freq: 160000000 Hz[0m
[0;32mI (321) cpu_start: Application information:[0m
[0;32mI (326) cpu_start: Project name:     server-test[0m
[0;32mI (331) cpu_start: App version:      2ec6feb-dirty[0m
[0;32mI (336) cpu_start: Compile time:     Jul 27 2023 04:26:39[0m
[0;32mI (342) cpu_start: ELF file SHA256:  724c375605d11e7a...[0m
[0;32mI (348) cpu_start: ESP-IDF:          v5.1-dirty[0m
[0;32mI (354) cpu_start: Min chip rev:     v0.0[0m
[0;32mI (358) cpu_start: Max chip rev:     v3.99 [0m
[0;32mI (363) cpu_start: Chip rev:         v3.1[0m
[0;32mI (368) heap_init: Initializing. RAM available for dynamic allocation:[0m
[0;32mI (375) heap_init: At 3FFAE6E0 len 00001920 (6 KiB): DRAM[0m
[0;32mI (381) heap_init: At 3FFB6600 len 00029A00 (166 KiB): DRAM[0m
[0;32mI (387) heap_init: At 3FFE0440 len 00003AE0 (14 KiB): D/IRAM[0m
[0;32mI (394) heap_init: At 3FFE4350 len 0001BCB0 (111 KiB): D/IRAM[0m
[0;32mI (400) heap_init: At 4009057C len 0000FA84 (62 KiB): IRAM[0m
[0;32mI (408) spi_flash: detected chip: generic[0m
[0;32mI (411) spi_flash: flash io: dio[0m
[0;33mW (415) spi_flash: Detected size(4096k) larger than the size in the binary image header(2048k). Using the size in the binary image header.[0m
[0;32mI (429) app_start: Starting scheduler on CPU0[0m
[0;32mI (433) app_start: Starting scheduler on CPU1[0m
[0;32mI (433) main_task: Started on CPU0[0m
[0;32mI (443) main_task: Calling app_main()[0m
ESP_ERROR_CHECK failed: esp_err_t 0x3001 (ESP_ERR_WIFI_NOT_INIT) at 0x400d6994
file: "../components/_broadcast.cpp" line 41
func: void BroadcastedServer::begin()
expression: esp_wifi_set_mode(WIFI_MODE_AP)

abort() was called at PC 0x40087d2f on core 0


Backtrace: 0x4008182e:0x3ffb86b0 0x40087d39:0x3ffb86d0 0x4008dd92:0x3ffb86f0 0x40087d2f:0x3ffb8760 0x400d6994:0x3ffb8790 0x400d6920:0x3ffb88d0 0x4011c4ab:0x3ffb8900 0x4008a355:0x3ffb8930




ELF file SHA256: 724c375605d11e7a

Rebooting...
ets Jul 29 2019 12:21:46

rst:0xc (SW_CPU_RESET),boot:0x13 (SPI_FAST_FLASH_BOOT)
configsip: 0, SPIWP:0xee
clk_drv:0x00,q_drv:0x00,d_drv:0x00,cs0_drv:0x00,hd_drv:0x00,wp_drv:0x00
mode:DIO, clock div:2
load:0x3fff0030,len:7084
ho 0 tail 12 room 4
load:0x40078000,len:15576
ho 0 tail 12 room 4
load:0x40080400,len:4
load:0x40080404,len:3876
entry 0x4008064c
[0;32mI (32) boot: ESP-IDF v5.1-dirty 2nd stage bootloader[0m
[0;32mI (33) boot: compile time Jul 27 2023 04:27:02[0m
[0;32mI (33) boot: Multicore bootloader[0m
[0;32mI (37) boot: chip revision: v3.1[0m
[0;32mI (41) boot.esp32: SPI Speed      : 40MHz[0m
[0;32mI (46) boot.esp32: SPI Mode       : DIO[0m
[0;32mI (50) boot.esp32: SPI Flash Size : 2MB[0m
[0;32mI (55) boot: Enabling RNG early entropy source...[0m
[0;32mI (60) boot: Partition Table:[0m
[0;32mI (64) boot: ## Label            Usage          Type ST Offset   Length[0m
[0;32mI (71) boot:  0 nvs              WiFi data        01 02 00009000 00006000[0m
[0;32mI (79) boot:  1 phy_init         RF data          01 01 0000f000 00001000[0m
[0;32mI (86) boot:  2 factory          factory app      00 00 00010000 00100000[0m
[0;32mI (94) boot: End of partition table[0m
[0;32mI (98) esp_image: segment 0: paddr=00010020 vaddr=3f400020 size=12e28h ( 77352) map[0m
[0;32mI (134) esp_image: segment 1: paddr=00022e50 vaddr=3ffb0000 size=02e40h ( 11840) load[0m
[0;32mI (139) esp_image: segment 2: paddr=00025c98 vaddr=40080000 size=0a380h ( 41856) load[0m
[0;32mI (158) esp_image: segment 3: paddr=00030020 vaddr=400d0020 size=4d180h (315776) map[0m
[0;32mI (272) esp_image: segment 4: paddr=0007d1a8 vaddr=4008a380 size=061fch ( 25084) load[0m
[0;32mI (291) boot: Loaded app from partition at offset 0x10000[0m
[0;32mI (291) boot: Disabling RNG early entropy source...[0m
[0;32mI (302) cpu_start: Multicore app[0m
[0;32mI (303) cpu_start: Pro cpu up.[0m
[0;32mI (303) cpu_start: Starting app cpu, entry point is 0x400811d8[0m
[0;32mI (289) cpu_start: App cpu up.[0m
[0;32mI (321) cpu_start: Pro cpu start user code[0m
[0;32mI (321) cpu_start: cpu freq: 160000000 Hz[0m
[0;32mI (321) cpu_start: Application information:[0m
[0;32mI (326) cpu_start: Project name:     server-test[0m
[0;32mI (331) cpu_start: App version:      2ec6feb-dirty[0m
[0;32mI (336) cpu_start: Compile time:     Jul 27 2023 04:26:39[0m
[0;32mI (342) cpu_start: ELF file SHA256:  724c375605d11e7a...[0m
[0;32mI (348) cpu_start: ESP-IDF:          v5.1-dirty[0m
[0;32mI (354) cpu_start: Min chip rev:     v0.0[0m
[0;32mI (358) cpu_start: Max chip rev:     v3.99 [0m
[0;32mI (363) cpu_start: Chip rev:         v3.1[0m
[0;32mI (368) heap_init: Initializing. RAM available for dynamic allocation:[0m
[0;32mI (375) heap_init: At 3FFAE6E0 len 00001920 (6 KiB): DRAM[0m
[0;32mI (381) heap_init: At 3FFB6600 len 00029A00 (166 KiB): DRAM[0m
[0;32mI (387) heap_init: At 3FFE0440 len 00003AE0 (14 KiB): D/IRAM[0m
[0;32mI (394) heap_init: At 3FFE4350 len 0001BCB0 (111 KiB): D/IRAM[0m
[0;32mI (400) heap_init: At 4009057C len 0000FA84 (62 KiB): IRAM[0m
[0;32mI (408) spi_flash: detected chip: generic[0m
[0;32mI (411) spi_flash: flash io: dio[0m
[0;33mW (415) spi_flash: Detected size(4096k) larger than the size in the binary image header(2048k). Using the size in the binary image header.[0m
[0;32mI (429) app_start: Starting scheduler on CPU0[0m
[0;32mI (433) app_start: Starting scheduler on CPU1[0m
[0;32mI (433) main_task: Started on CPU0[0m
[0;32mI (443) main_task: Calling app_main()[0m
ESP_ERROR_CHECK failed: esp_err_t 0x3001 (ESP_ERR_WIFI_NOT_INIT) at 0x400d6994
file: "../components/_broadcast.cpp" line 41
func: void BroadcastedServer::begin()
expression: esp_wifi_set_mode(WIFI_MODE_AP)

abort() was called at PC 0x40087d2f on core 0


Backtrace: 0x4008182e:0x3ffb86b0 0x40087d39:0x3ffb86d0 0x4008dd92:0x3ffb86f0 0x40087d2f:0x3ffb8760 0x400d6994:0x3ffb8790 0x400d6920:0x3ffb88d0 0x4011c4ab:0x3ffb8900 0x4008a355:0x3ffb8930




ELF file SHA256: 724c375605d11e7a

Rebooting...
ets Jul 29 2019 12:21:46

rst:0xc (SW_CPU_RESET),boot:0x13 (SPI_FAST_FLASH_BOOT)
configsip: 0, SPIWP:0xee
clk_drv:0x00,q_drv:0x00,d_drv:0x00,cs0_drv:0x00,hd_drv:0x00,wp_drv:0x00
mode:DIO, clock div:2
load:0x3fff0030,len:7084
ho 0 tail 12 room 4
load:0x40078000,len:15576
ho 0 tail 12 room 4
load:0x40080400,len:4
load:0x40080404,len:3876
entry 0x4008064c
[0;32mI (32) boot: ESP-IDF v5.1-dirty 2nd stage bootloader[0m
[0;32mI (33) boot: compile time Jul 27 2023 04:27:02[0m
[0;32mI (33) boot: Multicore bootloader[0m
[0;32mI (37) boot: chip revision: v3.1[0m
[0;32mI (41) boot.esp32: SPI Speed      : 40MHz[0m
[0;32mI (46) boot.esp32: SPI Mode       : DIO[0m
[0;32mI (50) boot.esp32: SPI Flash Size : 2MB[0m
[0;32mI (55) boot: Enabling RNG early entropy source...[0m
[0;32mI (60) boot: Partition Table:[0m
[0;32mI (64) boot: ## Label            Usage          Type ST Offset   Length[0m
[0;32mI (71) boot:  0 nvs              WiFi data        01 02 00009000 00006000[0m
[0;32mI (79) boot:  1 phy_init         RF data          01 01 0000f000 00001000[0m
[0;32mI (86) boot:  2 factory          factory app      00 00 00010000 00100000[0m
[0;32mI (94) boot: End of partition table[0m
[0;32mI (98) esp_image: segment 0: paddr=00010020 vaddr=3f400020 size=12e28h ( 77352) map[0m
[0;32mI (134) esp_image: segment 1: paddr=00022e50 vaddr=3ffb0000 size=02e40h ( 11840) load[0m
[0;32mI (139) esp_image: segment 2: paddr=00025c98 vaddr=40080000 size=0a380h ( 41856) load[0m
[0;32mI (158) esp_image: segment 3: paddr=00030020 vaddr=400d0020 size=4d180h (315776) map[0m
[0;32mI (272) esp_image: segment 4: paddr=0007d1a8 vaddr=4008a380 size=061fch ( 25084) load[0m
[0;32mI (291) boot: Loaded app from partition at offset 0x10000[0m
[0;32mI (291) boot: Disabling RNG early entropy source...[0m
[0;32mI (302) cpu_start: Multicore app[0m
[0;32mI (303) cpu_start: Pro cpu up.[0m
[0;32mI (303) cpu_start: Starting app cpu, entry point is 0x400811d8[0m
[0;32mI (289) cpu_start: App cpu up.[0m
[0;32mI (321) cpu_start: Pro cpu start user code[0m
[0;32mI (321) cpu_start: cpu freq: 160000000 Hz[0m
[0;32mI (321) cpu_start: Application information:[0m
[0;32mI (326) cpu_start: Project name:     server-test[0m
[0;32mI (331) cpu_start: App version:      2ec6feb-dirty[0m
[0;32mI (336) cpu_start: Compile time:     Jul 27 2023 04:26:39[0m
[0;32mI (342) cpu_start: ELF file SHA256:  724c375605d11e7a...[0m
[0;32mI (348) cpu_start: ESP-IDF:          v5.1-dirty[0m
[0;32mI (354) cpu_start: Min chip rev:     v0.0[0m
[0;32mI (358) cpu_start: Max chip rev:     v3.99 [0m
[0;32mI (363) cpu_start: Chip rev:         v3.1[0m
[0;32mI (368) heap_init: Initializing. RAM available for dynamic allocation:[0m
[0;32mI (375) heap_init: At 3FFAE6E0 len 00001920 (6 KiB): DRAM[0m
[0;32mI (381) heap_init: At 3FFB6600 len 00029A00 (166 KiB): DRAM[0m
[0;32mI (387) heap_init: At 3FFE0440 len 00003AE0 (14 KiB): D/IRAM[0m
[0;32mI (394) heap_init: At 3FFE4350 len 0001BCB0 (111 KiB): D/IRAM[0m
[0;32mI (400) heap_init: At 4009057C len 0000FA84 (62 KiB): IRAM[0m
[0;32mI (408) spi_flash: detected chip: generic[0m
[0;32mI (411) spi_flash: flash io: dio[0m
[0;33mW (415) spi_flash: Detected size(4096k) larger than the size in the binary image header(2048k). Using the size in the binary image header.[0m
[0;32mI (429) app_start: Starting scheduler on CPU0[0m
[0;32mI (433) app_start: Starting scheduler on CPU1[0m
[0;32mI (433) main_task: Started on CPU0[0m
[0;32mI (443) main_task: Calling app_main()[0m
ESP_ERROR_CHECK failed: esp_err_t 0x3001 (ESP_ERR_WIFI_NOT_INIT) at 0x400d6994
file: "../components/_broadcast.cpp" line 41
func: void BroadcastedServer::begin()
expression: esp_wifi_set_mode(WIFI_MODE_AP)

abort() was called at PC 0x40087d2f on core 0


Backtrace: 0x4008182e:0x3ffb86b0 0x40087d39:0x3ffb86d0 0x4008dd92:0x3ffb86f0 0x40087d2f:0x3ffb8760 0x400d6994:0x3ffb8790 0x400d6920:0x3ffb88d0 0x4011c4ab:0x3ffb8900 0x4008a355:0x3ffb8930




ELF file SHA256: 724c375605d11e7a

Rebooting...
ets Jul 29 2019 12:21:46

rst:0xc (SW_CPU_RESET),boot:0x13 (SPI_FAST_FLASH_BOOT)
configsip: 0, SPIWP:0xee
clk_drv:0x00,q_drv:0x00,d_drv:0x00,cs0_drv:0x00,hd_drv:0x00,wp_drv:0x00
mode:DIO, clock div:2
load:0x3fff0030,len:7084
ho 0 tail 12 room 4
load:0x40078000,len:15576
ho 0 tail 12 room 4
load:0x40080400,len:4
load:0x40080404,len:3876
entry 0x4008064c
[0;32mI (32) boot: ESP-IDF v5.1-dirty 2nd stage bootloader[0m
[0;32mI (33) boot: compile time Jul 27 2023 04:27:02[0m
[0;32mI (33) boot: Multicore bootloader[0m
[0;32mI (37) boot: chip revision: v3.1[0m
[0;32mI (41) boot.esp32: SPI Speed      : 40MHz[0m
[0;32mI (46) boot.esp32: SPI Mode       : DIO[0m
[0;32mI (50) boot.esp32: SPI Flash Size : 2MB[0m
[0;32mI (55) boot: Enabling RNG early entropy source...[0m
[0;32mI (60) boot: Partition Table:[0m
[0;32mI (64) boot: ## Label            Usage          Type ST Offset   Length[0m
[0;32mI (71) boot:  0 nvs              WiFi data        01 02 00009000 00006000[0m
[0;32mI (79) boot:  1 phy_init         RF data          01 01 0000f000 00001000[0m
[0;32mI (86) boot:  2 factory          factory app      00 00 00010000 00100000[0m
[0;32mI (94) boot: End of partition table[0m
[0;32mI (98) esp_image: segment 0: paddr=00010020 vaddr=3f400020 size=12e28h ( 77352) map[0m
[0;32mI (134) esp_image: segment 1: paddr=00022e50 vaddr=3ffb0000 size=02e40h ( 11840) load[0m
[0;32mI (139) esp_image: segment 2: paddr=00025c98 vaddr=40080000 size=0a380h ( 41856) load[0m
[0;32mI (158) esp_image: segment 3: paddr=00030020 vaddr=400d0020 size=4d180h (315776) map[0m
[0;32mI (272) esp_image: segment 4: paddr=0007d1a8 vaddr=4008a380 size=061fch ( 25084) load[0m
[0;32mI (291) boot: Loaded app from partition at offset 0x10000[0m
[0;32mI (291) boot: Disabling RNG early entropy source...[0m
[0;32mI (302) cpu_start: Multicore app[0m
[0;32mI (303) cpu_start: Pro cpu up.[0m
[0;32mI (303) cpu_start: Starting app cpu, entry point is 0x400811d8[0m
[0;32mI (289) cpu_start: App cpu up.[0m
[0;32mI (321) cpu_start: Pro cpu start user code[0m
[0;32mI (321) cpu_start: cpu freq: 160000000 Hz[0m
[0;32mI (321) cpu_start: Application information:[0m
[0;32mI (326) cpu_start: Project name:     server-test[0m
[0;32mI (331) cpu_start: App version:      2ec6feb-dirty[0m
[0;32mI (336) cpu_start: Compile time:     Jul 27 2023 04:26:39[0m
[0;32mI (342) cpu_start: ELF file SHA256:  724c375605d11e7a...[0m
[0;32mI (348) cpu_start: ESP-IDF:          v5.1-dirty[0m
[0;32mI (354) cpu_start: Min chip rev:     v0.0[0m
[0;32mI (358) cpu_start: Max chip rev:     v3.99 [0m
[0;32mI (363) cpu_start: Chip rev:         v3.1[0m
[0;32mI (368) heap_init: Initializing. RAM available for dynamic allocation:[0m
[0;32mI (375) heap_init: At 3FFAE6E0 len 00001920 (6 KiB): DRAM[0m
[0;32mI (381) heap_init: At 3FFB6600 len 00029A00 (166 KiB): DRAM[0m
[0;32mI (387) heap_init: At 3FFE0440 len 00003AE0 (14 KiB): D/IRAM[0m
[0;32mI (394) heap_init: At 3FFE4350 len 0001BCB0 (111 KiB): D/IRAM[0m
[0;32mI (400) heap_init: At 4009057C len 0000FA84 (62 KiB): IRAM[0m
[0;32mI (408) spi_flash: detected chip: generic[0m
[0;32mI (411) spi_flash: flash io: dio[0m
[0;33mW (415) spi_flash: Detected size(4096k) larger than the size in the binary image header(2048k). Using the size in the binary image header.[0m
[0;32mI (429) app_start: Starting scheduler on CPU0[0m
[0;32mI (433) app_start: Starting scheduler on CPU1[0m
[0;32mI (433) main_task: Started on CPU0[0m
[0;32mI (443) main_task: Calling app_main()[0m
ESP_ERROR_CHECK failed: esp_err_t 0x3001 (ESP_ERR_WIFI_NOT_INIT) at 0x400d6994
file: "../components/_broadcast.cpp" line 41
func: void BroadcastedServer::begin()
expression: esp_wifi_set_mode(WIFI_MODE_AP)

abort() was called at PC 0x40087d2f on core 0


Backtrace: 0x4008182e:0x3ffb86b0 0x40087d39:0x3ffb86d0 0x4008dd92:0x3ffb86f0 0x40087d2f:0x3ffb8760 0x400d6994:0x3ffb8790 0x400d6920:0x3ffb88d0 0x4011c4ab:0x3ffb8900 0x4008a355:0x3ffb8930




ELF file SHA256: 724c375605d11e7a

Rebooting...
ets Jul 29 2019 12:21:46

rst:0xc (SW_CPU_RESET),boot:0x13 (SPI_FAST_FLASH_BOOT)
configsip: 0, SPIWP:0xee
clk_drv:0x00,q_drv:0x00,d_drv:0x00,cs0_drv:0x00,hd_drv:0x00,wp_drv:0x00
mode:DIO, clock div:2
load:0x3fff0030,len:7084
ho 0 tail 12 room 4
load:0x40078000,len:15576
ho 0 tail 12 room 4
load:0x40080400,len:4
load:0x40080404,len:3876
entry 0x4008064c
[0;32mI (32) boot: ESP-IDF v5.1-dirty 2nd stage bootloader[0m
[0;32mI (33) boot: compile time Jul 27 2023 04:27:02[0m
[0;32mI (33) boot: Multicore bootloader[0m
[0;32mI (37) boot: chip revision: v3.1[0m
[0;32mI (41) boot.esp32: SPI Speed      : 40MHz[0m
[0;32mI (46) boot.esp32: SPI Mode       : DIO[0m
[0;32mI (50) boot.esp32: SPI Flash Size : 2MB[0m
[0;32mI (55) boot: Enabling RNG early entropy source...[0m
[0;32mI (60) boot: Partition Table:[0m
[0;32mI (64) boot: ## Label            Usage          Type ST Offset   Length[0m
[0;32mI (71) boot:  0 nvs              WiFi data        01 02 00009000 00006000[0m
[0;32mI (79) boot:  1 phy_init         RF data          01 01 0000f000 00001000[0m
[0;32mI (86) boot:  2 factory          factory app      00 00 00010000 00100000[0m
[0;32mI (94) boot: End of partition table[0m
[0;32mI (98) esp_image: segment 0: paddr=00010020 vaddr=3f400020 size=12e28h ( 77352) map[0m
[0;32mI (134) esp_image: segment 1: paddr=00022e50 vaddr=3ffb0000 size=02e40h ( 11840) load[0m
[0;32mI (139) esp_image: segment 2: paddr=00025c98 vaddr=40080000 size=0a380h ( 41856) load[0m
[0;32mI (158) esp_image: segment 3: paddr=00030020 vaddr=400d0020 size=4d180h (315776) map[0m
[0;32mI (272) esp_image: segment 4: paddr=0007d1a8 vaddr=4008a380 size=061fch ( 25084) load[0m
[0;32mI (291) boot: Loaded app from partition at offset 0x10000[0m
[0;32mI (291) boot: Disabling RNG early entropy source...[0m
[0;32mI (302) cpu_start: Multicore app[0m
[0;32mI (303) cpu_start: Pro cpu up.[0m
[0;32mI (303) cpu_start: Starting app cpu, entry point is 0x400811d8[0m
[0;32mI (289) cpu_start: App cpu up.[0m
[0;32mI (321) cpu_start: Pro cpu start user code[0m
[0;32mI (321) cpu_start: cpu freq: 160000000 Hz[0m
[0;32mI (321) cpu_start: Application information:[0m
[0;32mI (326) cpu_start: Project name:     server-test[0m
[0;32mI (331) cpu_start: App version:      2ec6feb-dirty[0m
[0;32mI (336) cpu_start: Compile time:     Jul 27 2023 04:26:39[0m
[0;32mI (342) cpu_start: ELF file SHA256:  724c375605d11e7a...[0m
[0;32mI (348) cpu_start: ESP-IDF:          v5.1-dirty[0m
[0;32mI (354) cpu_start: Min chip rev:     v0.0[0m
[0;32mI (358) cpu_start: Max chip rev:     v3.99 [0m
[0;32mI (363) cpu_start: Chip rev:         v3.1[0m
[0;32mI (368) heap_init: Initializing. RAM available for dynamic allocation:[0m
[0;32mI (375) heap_init: At 3FFAE6E0 len 00001920 (6 KiB): DRAM[0m
[0;32mI (381) heap_init: At 3FFB6600 len 00029A00 (166 KiB): DRAM[0m
[0;32mI (387) heap_init: At 3FFE0440 len 00003AE0 (14 KiB): D/IRAM[0m
[0;32mI (394) heap_init: At 3FFE4350 len 0001BCB0 (111 KiB): D/IRAM[0m
[0;32mI (400) heap_init: At 4009057C len 0000FA84 (62 KiB): IRAM[0m
[0;32mI (408) spi_flash: detected chip: generic[0m
[0;32mI (411) spi_flash: flash io: dio[0m
[0;33mW (415) spi_flash: Detected size(4096k) larger than the size in the binary image header(2048k). Using the size in the binary image header.[0m
[0;32mI (429) app_start: Starting scheduler on CPU0[0m
[0;32mI (433) app_start: Starting scheduler on CPU1[0m
[0;32mI (433) main_task: Started on CPU0[0m
[0;32mI (443) main_task: Calling app_main()[0m
ESP_ERROR_CHECK failed: esp_err_t 0x3001 (ESP_ERR_WIFI_NOT_INIT) at 0x400d6994
file: "../components/_broadcast.cpp" line 41
func: void BroadcastedServer::begin()
expression: esp_wifi_set_mode(WIFI_MODE_AP)

abort() was called at PC 0x40087d2f on core 0


Backtrace: 0x4008182e:0x3ffb86b0 0x40087d39:0x3ffb86d0 0x4008dd92:0x3ffb86f0 0x40087d2f:0x3ffb8760 0x400d6994:0x3ffb8790 0x400d6920:0x3ffb88d0 0x4011c4ab:0x3ffb8900 0x4008a355:0x3ffb8930




ELF file SHA256: 724c375605d11e7a

Rebooting...
ets Jul 29 2019 12:21:46

rst:0xc (SW_CPU_RESET),boot:0x13 (SPI_FAST_FLASH_BOOT)
configsip: 0, SPIWP:0xee
clk_drv:0x00,q_drv:0x00,d_drv:0x00,cs0_drv:0x00,hd_drv:0x00,wp_drv:0x00
mode:DIO, clock div:2
load:0x3fff0030,len:7084
ho 0 tail 12 room 4
load:0x40078000,len:15576
ho 0 tail 12 room 4
load:0x40080400,len:4
load:0x40080404,len:3876
entry 0x4008064c
[0;32mI (32) boot: ESP-IDF v5.1-dirty 2nd stage bootloader[0m
[0;32mI (33) boot: compile time Jul 27 2023 04:27:02[0m
[0;32mI (33) boot: Multicore bootloader[0m
[0;32mI (37) boot: chip revision: v3.1[0m
[0;32mI (41) boot.esp32: SPI Speed      : 40MHz[0m
[0;32mI (46) boot.esp32: SPI Mode       : DIO[0m
[0;32mI (50) boot.esp32: SPI Flash Size : 2MB[0m
[0;32mI (55) boot: Enabling RNG early entropy source...[0m
[0;32mI (60) boot: Partition Table:[0m
[0;32mI (64) boot: ## Label            Usage          Type ST Offset   Length[0m
[0;32mI (71) boot:  0 nvs              WiFi data        01 02 00009000 00006000[0m
[0;32mI (79) boot:  1 phy_init         RF data          01 01 0000f000 00001000[0m
[0;32mI (86) boot:  2 factory          factory app      00 00 00010000 00100000[0m
[0;32mI (94) boot: End of partition table[0m
[0;32mI (98) esp_image: segment 0: paddr=00010020 vaddr=3f400020 size=12e28h ( 77352) map[0m
[0;32mI (134) esp_image: segment 1: paddr=00022e50 vaddr=3ffb0000 size=02e40h ( 11840) load[0m
[0;32mI (139) esp_image: segment 2: paddr=00025c98 vaddr=40080000 size=0a380h ( 41856) load[0m
[0;32mI (158) esp_image: segment 3: paddr=00030020 vaddr=400d0020 size=4d180h (315776) map[0m
[0;32mI (272) esp_image: segment 4: paddr=0007d1a8 vaddr=4008a380 size=061fch ( 25084) load[0m
[0;32mI (291) boot: Loaded app from partition at offset 0x10000[0m
[0;32mI (291) boot: Disabling RNG early entropy source...[0m
[0;32mI (302) cpu_start: Multicore app[0m
[0;32mI (303) cpu_start: Pro cpu up.[0m
[0;32mI (303) cpu_start: Starting app cpu, entry point is 0x400811d8[0m
[0;32mI (289) cpu_start: App cpu up.[0m
[0;32mI (321) cpu_start: Pro cpu start user code[0m
[0;32mI (321) cpu_start: cpu freq: 160000000 Hz[0m
[0;32mI (321) cpu_start: Application information:[0m
[0;32mI (326) cpu_start: Project name:     server-test[0m
[0;32mI (331) cpu_start: App version:      2ec6feb-dirty[0m
[0;32mI (336) cpu_start: Compile time:     Jul 27 2023 04:26:39[0m
[0;32mI (342) cpu_start: ELF file SHA256:  724c375605d11e7a...[0m
[0;32mI (348) cpu_start: ESP-IDF:          v5.1-dirty[0m
[0;32mI (354) cpu_start: Min chip rev:     v0.0[0m
[0;32mI (358) cpu_start: Max chip rev:     v3.99 [0m
[0;32mI (363) cpu_start: Chip rev:         v3.1[0m
[0;32mI (368) heap_init: Initializing. RAM available for dynamic allocation:[0m
[0;32mI (375) heap_init: At 3FFAE6E0 len 00001920 (6 KiB): DRAM[0m
[0;32mI (381) heap_init: At 3FFB6600 len 00029A00 (166 KiB): DRAM[0m
[0;32mI (387) heap_init: At 3FFE0440 len 00003AE0 (14 KiB): D/IRAM[0m
[0;32mI (394) heap_init: At 3FFE4350 len 0001BCB0 (111 KiB): D/IRAM[0m
[0;32mI (400) heap_init: At 4009057C len 0000FA84 (62 KiB): IRAM[0m
[0;32mI (408) spi_flash: detected chip: generic[0m
[0;32mI (411) spi_flash: flash io: dio[0m
[0;33mW (415) spi_flash: Detected size(4096k) larger than the size in the binary image header(2048k). Using the size in the binary image header.[0m
[0;32mI (429) app_start: Starting scheduler on CPU0[0m
[0;32mI (433) app_start: Starting scheduler on CPU1[0m
[0;32mI (433) main_task: Started on CPU0[0m
[0;32mI (443) main_task: Calling app_main()[0m
ESP_ERROR_CHECK failed: esp_err_t 0x3001 (ESP_ERR_WIFI_NOT_INIT) at 0x400d6994
file: "../components/_broadcast.cpp" line 41
func: void BroadcastedServer::begin()
expression: esp_wifi_set_mode(WIFI_MODE_AP)

abort() was called at PC 0x40087d2f on core 0


Backtrace: 0x4008182e:0x3ffb86b0 0x40087d39:0x3ffb86d0 0x4008dd92:0x3ffb86f0 0x40087d2f:0x3ffb8760 0x400d6994:0x3ffb8790 0x400d6920:0x3ffb88d0 0x4011c4ab:0x3ffb8900 0x4008a355:0x3ffb8930




ELF file SHA256: 724c375605d11e7a

Rebooting...
ets Jul 29 2019 12:21:46

rst:0xc (SW_CPU_RESET),boot:0x13 (SPI_FAST_FLASH_BOOT)
configsip: 0, SPIWP:0xee
clk_drv:0x00,q_drv:0x00,d_drv:0x00,cs0_drv:0x00,hd_drv:0x00,wp_drv:0x00
mode:DIO, clock div:2
load:0x3fff0030,len:7084
ho 0 tail 12 room 4
load:0x40078000,len:15576
ho 0 tail 12 room 4
load:0x40080400,len:4
load:0x40080404,len:3876
entry 0x4008064c
[0;32mI (32) boot: ESP-IDF v5.1-dirty 2nd stage bootloader[0m
[0;32mI (33) boot: compile time Jul 27 2023 04:27:02[0m
[0;32mI (33) boot: Multicore bootloader[0m
[0;32mI (37) boot: chip revision: v3.1[0m
[0;32mI (41) boot.esp32: SPI Speed      : 40MHz[0m
[0;32mI (46) boot.esp32: SPI Mode       : DIO[0m
[0;32mI (50) boot.esp32: SPI Flash Size : 2MB[0m
[0;32mI (55) boot: Enabling RNG early entropy source...[0m
[0;32mI (60) boot: Partition Table:[0m
[0;32mI (64) boot: ## Label            Usage          Type ST Offset   Length[0m
[0;32mI (71) boot:  0 nvs              WiFi data        01 02 00009000 00006000[0m
[0;32mI (79) boot:  1 phy_init         RF data          01 01 0000f000 00001000[0m
[0;32mI (86) boot:  2 factory          factory app      00 00 00010000 00100000[0m
[0;32mI (94) boot: End of partition table[0m
[0;32mI (98) esp_image: segment 0: paddr=00010020 vaddr=3f400020 size=12e28h ( 77352) map[0m
[0;32mI (134) esp_image: segment 1: paddr=00022e50 vaddr=3ffb0000 size=02e40h ( 11840) load[0m
[0;32mI (139) esp_image: segment 2: paddr=00025c98 vaddr=40080000 size=0a380h ( 41856) load[0m
[0;32mI (158) esp_image: segment 3: paddr=00030020 vaddr=400d0020 size=4d180h (315776) map[0m
[0;32mI (272) esp_image: segment 4: paddr=0007d1a8 vaddr=4008a380 size=061fch ( 25084) load[0m
[0;32mI (291) boot: Loaded app from partition at offset 0x10000[0m
[0;32mI (291) boot: Disabling RNG early entropy source...[0m
[0;32mI (302) cpu_start: Multicore app[0m
[0;32mI (303) cpu_start: Pro cpu up.[0m
[0;32mI (303) cpu_start: Starting app cpu, entry point is 0x400811d8[0m
[0;32mI (289) cpu_start: App cpu up.[0m
[0;32mI (321) cpu_start: Pro cpu start user code[0m
[0;32mI (321) cpu_start: cpu freq: 160000000 Hz[0m
[0;32mI (321) cpu_start: Application information:[0m
[0;32mI (326) cpu_start: Project name:     server-test[0m
[0;32mI (331) cpu_start: App version:      2ec6feb-dirty[0m
[0;32mI (336) cpu_start: Compile time:     Jul 27 2023 04:26:39[0m
[0;32mI (342) cpu_start: ELF file SHA256:  724c375605d11e7a...[0m
[0;32mI (348) cpu_start: ESP-IDF:          v5.1-dirty[0m
[0;32mI (354) cpu_start: Min chip rev:     v0.0[0m
[0;32mI (358) cpu_start: Max chip rev:     v3.99 [0m
[0;32mI (363) cpu_start: Chip rev:         v3.1[0m
[0;32mI (368) heap_init: Initializing. RAM available for dynamic allocation:[0m
[0;32mI (375) heap_init: At 3FFAE6E0 len 00001920 (6 KiB): DRAM[0m
[0;32mI (381) heap_init: At 3FFB6600 len 00029A00 (166 KiB): DRAM[0m
[0;32mI (387) heap_init: At 3FFE0440 len 00003AE0 (14 KiB): D/IRAM[0m
[0;32mI (394) heap_init: At 3FFE4350 len 0001BCB0 (111 KiB): D/IRAM[0m
[0;32mI (400) heap_init: At 4009057C len 0000FA84 (62 KiB): IRAM[0m
[0;32mI (408) spi_flash: detected chip: generic[0m
[0;32mI (411) spi_flash: flash io: dio[0m
[0;33mW (415) spi_flash: Detected size(4096k) larger than the size in the binary image header(2048k). Using the size in the binary image header.[0m
[0;32mI (429) app_start: Starting scheduler on CPU0[0m
[0;32mI (433) app_start: Starting scheduler on CPU1[0m
[0;32mI (433) main_task: Started on CPU0[0m
[0;32mI (443) main_task: Calling app_main()[0m
ESP_ERROR_CHECK failed: esp_err_t 0x3001 (ESP_ERR_WIFI_NOT_INIT) at 0x400d6994
file: "../components/_broadcast.cpp" line 41
func: void BroadcastedServer::begin()
expression: esp_wifi_set_mode(WIFI_MODE_AP)

abort() was called at PC 0x40087d2f on core 0


Backtrace: 0x4008182e:0x3ffb86b0 0x40087d39:0x3ffb86d0 0x4008dd92:0x3ffb86f0 0x40087d2f:0x3ffb8760 0x400d6994:0x3ffb8790 0x400d6920:0x3ffb88d0 0x4011c4ab:0x3ffb8900 0x4008a355:0x3ffb8930




ELF file SHA256: 724c375605d11e7a

Rebooting...
ets Jul 29 2019 12:21:46

rst:0xc (SW_CPU_RESET),boot:0x13 (SPI_FAST_FLASH_BOOT)
configsip: 0, SPIWP:0xee
clk_drv:0x00,q_drv:0x00,d_drv:0x00,cs0_drv:0x00,hd_drv:0x00,wp_drv:0x00
mode:DIO, clock div:2
load:0x3fff0030,len:7084
ho 0 tail 12 room 4
load:0x40078000,len:15576
ho 0 tail 12 room 4
load:0x40080400,len:4
load:0x40080404,len:3876
entry 0x4008064c
[0;32mI (32) boot: ESP-IDF v5.1-dirty 2nd stage bootloader[0m
[0;32mI (33) boot: compile time Jul 27 2023 04:27:02[0m
[0;32mI (33) boot: Multicore bootloader[0m
[0;32mI (37) boot: chip revision: v3.1[0m
[0;32mI (41) boot.esp32: SPI Speed      : 40MHz[0m
[0;32mI (46) boot.esp32: SPI Mode       : DIO[0m
[0;32mI (50) boot.esp32: SPI Flash Size : 2MB[0m
[0;32mI (55) boot: Enabling RNG early entropy source...[0m
[0;32mI (60) boot: Partition Table:[0m
[0;32mI (64) boot: ## Label            Usage          Type ST Offset   Length[0m
[0;32mI (71) boot:  0 nvs              WiFi data        01 02 00009000 00006000[0m
[0;32mI (79) boot:  1 phy_init         RF data          01 01 0000f000 00001000[0m
[0;32mI (86) boot:  2 factory          factory app      00 00 00010000 00100000[0m
[0;32mI (94) boot: End of partition table[0m
[0;32mI (98) esp_image: segment 0: paddr=00010020 vaddr=3f400020 size=12e28h ( 77352) map[0m
[0;32mI (134) esp_image: segment 1: paddr=00022e50 vaddr=3ffb0000 size=02e40h ( 11840) load[0m
[0;32mI (139) esp_image: segment 2: paddr=00025c98 vaddr=40080000 size=0a380h ( 41856) load[0m
[0;32mI (158) esp_image: segment 3: paddr=00030020 vaddr=400d0020 size=4d180h (315776) map[0m
[0;32mI (272) esp_image: segment 4: paddr=0007d1a8 vaddr=4008a380 size=061fch ( 25084) load[0m
[0;32mI (291) boot: Loaded app from partition at offset 0x10000[0m
[0;32mI (291) boot: Disabling RNG early entropy source...[0m
[0;32mI (302) cpu_start: Multicore app[0m
[0;32mI (303) cpu_start: Pro cpu up.[0m
[0;32mI (303) cpu_start: Starting app cpu, entry point is 0x400811d8[0m
[0;32mI (289) cpu_start: App cpu up.[0m
[0;32mI (321) cpu_start: Pro cpu start user code[0m
[0;32mI (321) cpu_start: cpu freq: 160000000 Hz[0m
[0;32mI (321) cpu_start: Application information:[0m
[0;32mI (326) cpu_start: Project name:     server-test[0m
[0;32mI (331) cpu_start: App version:      2ec6feb-dirty[0m
[0;32mI (336) cpu_start: Compile time:     Jul 27 2023 04:26:39[0m
[0;32mI (342) cpu_start: ELF file SHA256:  724c375605d11e7a...[0m
[0;32mI (348) cpu_start: ESP-IDF:          v5.1-dirty[0m
[0;32mI (354) cpu_start: Min chip rev:     v0.0[0m
[0;32mI (358) cpu_start: Max chip rev:     v3.99 [0m
[0;32mI (363) cpu_start: Chip rev:         v3.1[0m
[0;32mI (368) heap_init: Initializing. RAM available for dynamic allocation:[0m
[0;32mI (375) heap_init: At 3FFAE6E0 len 00001920 (6 KiB): DRAM[0m
[0;32mI (381) heap_init: At 3FFB6600 len 00029A00 (166 KiB): DRAM[0m
[0;32mI (387) heap_init: At 3FFE0440 len 00003AE0 (14 KiB): D/IRAM[0m
[0;32mI (394) heap_init: At 3FFE4350 len 0001BCB0 (111 KiB): D/IRAM[0m
[0;32mI (400) heap_init: At 4009057C len 0000FA84 (62 KiB): IRAM[0m
[0;32mI (408) spi_flash: detected chip: generic[0m
[0;32mI (411) spi_flash: flash io: dio[0m
[0;33mW (415) spi_flash: Detected size(4096k) larger than the size in the binary image header(2048k). Using the size in the binary image header.[0m
[0;32mI (429) app_start: Starting scheduler on CPU0[0m
[0;32mI (433) app_start: Starting scheduler on CPU1[0m
[0;32mI (433) main_task: Started on CPU0[0m
[0;32mI (443) main_task: Calling app_main()[0m
ESP_ERROR_CHECK failed: esp_err_t 0x3001 (ESP_ERR_WIFI_NOT_INIT) at 0x400d6994
file: "../components/_broadcast.cpp" line 41
func: void BroadcastedServer::begin()
expression: esp_wifi_set_mode(WIFI_MODE_AP)

abort() was called at PC 0x40087d2f on core 0


Backtrace: 0x4008182e:0x3ffb86b0 0x40087d39:0x3ffb86d0 0x4008dd92:0x3ffb86f0 0x40087d2f:0x3ffb8760 0x400d6994:0x3ffb8790 0x400d6920:0x3ffb88d0 0x4011c4ab:0x3ffb8900 0x4008a355:0x3ffb8930




ELF file SHA256: 724c375605d11e7a

Rebooting...
ets Jul 29 2019 12:21:46

rst:0xc (SW_CPU_RESET),boot:0x13 (SPI_FAST_FLASH_BOOT)
configsip: 0, SPIWP:0xee
clk_drv:0x00,q_drv:0x00,d_drv:0x00,cs0_drv:0x00,hd_drv:0x00,wp_drv:0x00
mode:DIO, clock div:2
load:0x3fff0030,len:7084
ho 0 tail 12 room 4
load:0x40078000,len:15576
ho 0 tail 12 room 4
load:0x40080400,len:4
load:0x40080404,len:3876
entry 0x4008064c
[0;32mI (32) boot: ESP-IDF v5.1-dirty 2nd stage bootloader[0m
[0;32mI (33) boot: compile time Jul 27 2023 04:27:02[0m
[0;32mI (33) boot: Multicore bootloader[0m
[0;32mI (37) boot: chip revision: v3.1[0m
[0;32mI (41) boot.esp32: SPI Speed      : 40MHz[0m
[0;32mI (46) boot.esp32: SPI Mode       : DIO[0m
[0;32mI (50) boot.esp32: SPI Flash Size : 2MB[0m
[0;32mI (55) boot: Enabling RNG early entropy source...[0m
[0;32mI (60) boot: Partition Table:[0m
[0;32mI (64) boot: ## Label            Usage          Type ST Offset   Length[0m
[0;32mI (71) boot:  0 nvs              WiFi data        01 02 00009000 00006000[0m
[0;32mI (79) boot:  1 phy_init         RF data          01 01 0000f000 00001000[0m
[0;32mI (86) boot:  2 factory          factory app      00 00 00010000 00100000[0m
[0;32mI (94) boot: End of partition table[0m
[0;32mI (98) esp_image: segment 0: paddr=00010020 vaddr=3f400020 size=12e28h ( 77352) map[0m
[0;32mI (134) esp_image: segment 1: paddr=00022e50 vaddr=3ffb0000 size=02e40h ( 11840) load[0m
[0;32mI (139) esp_image: segment 2: paddr=00025c98 vaddr=40080000 size=0a380h ( 41856) load[0m
[0;32mI (158) esp_image: segment 3: paddr=00030020 vaddr=400d0020 size=4d180h (315776) map[0m
[0;32mI (272) esp_image: segment 4: paddr=0007d1a8 vaddr=4008a380 size=061fch ( 25084) load[0m
[0;32mI (291) boot: Loaded app from partition at offset 0x10000[0m
[0;32mI (291) boot: Disabling RNG early entropy source...[0m
[0;32mI (302) cpu_start: Multicore app[0m
[0;32mI (303) cpu_start: Pro cpu up.[0m
[0;32mI (303) cpu_start: Starting app cpu, entry point is 0x400811d8[0m
[0;32mI (289) cpu_start: App cpu up.[0m
[0;32mI (321) cpu_start: Pro cpu start user code[0m
[0;32mI (321) cpu_start: cpu freq: 160000000 Hz[0m
[0;32mI (321) cpu_start: Application information:[0m
[0;32mI (326) cpu_start: Project name:     server-test[0m
[0;32mI (331) cpu_start: App version:      2ec6feb-dirty[0m
[0;32mI (336) cpu_start: Compile time:     Jul 27 2023 04:26:39[0m
[0;32mI (342) cpu_start: ELF file SHA256:  724c375605d11e7a...[0m
[0;32mI (348) cpu_start: ESP-IDF:          v5.1-dirty[0m
[0;32mI (354) cpu_start: Min chip rev:     v0.0[0m
[0;32mI (358) cpu_start: Max chip rev:     v3.99 [0m
[0;32mI (363) cpu_start: Chip rev:         v3.1[0m
[0;32mI (368) heap_init: Initializing. RAM available for dynamic allocation:[0m
[0;32mI (375) heap_init: At 3FFAE6E0 len 00001920 (6 KiB): DRAM[0m
[0;32mI (381) heap_init: At 3FFB6600 len 00029A00 (166 KiB): DRAM[0m
[0;32mI (387) heap_init: At 3FFE0440 len 00003AE0 (14 KiB): D/IRAM[0m
[0;32mI (394) heap_init: At 3FFE4350 len 0001BCB0 (111 KiB): D/IRAM[0m
[0;32mI (400) heap_init: At 4009057C len 0000FA84 (62 KiB): IRAM[0m
[0;32mI (408) spi_flash: detected chip: generic[0m
[0;32mI (411) spi_flash: flash io: dio[0m
[0;33mW (415) spi_flash: Detected size(4096k) larger than the size in the binary image header(2048k). Using the size in the binary image header.[0m
[0;32mI (429) app_start: Starting scheduler on CPU0[0m
[0;32mI (433) app_start: Starting scheduler on CPU1[0m
[0;32mI (433) main_task: Started on CPU0[0m
[0;32mI (443) main_task: Calling app_main()[0m
ESP_ERROR_CHECK failed: esp_err_t 0x3001 (ESP_ERR_WIFI_NOT_INIT) at 0x400d6994
file: "../components/_broadcast.cpp" line 41
func: void BroadcastedServer::begin()
expression: esp_wifi_set_mode(WIFI_MODE_AP)

abort() was called at PC 0x40087d2f on core 0


Backtrace: 0x4008182e:0x3ffb86b0 0x40087d39:0x3ffb86d0 0x4008dd92:0x3ffb86f0 0x40087d2f:0x3ffb8760 0x400d6994:0x3ffb8790 0x400d6920:0x3ffb88d0 0x4011c4ab:0x3ffb8900 0x4008a355:0x3ffb8930




ELF file SHA256: 724c375605d11e7a

Rebooting...
ets Jul 29 2019 12:21:46

rst:0xc (SW_CPU_RESET),boot:0x13 (SPI_FAST_FLASH_BOOT)
configsip: 0, SPIWP:0xee
clk_drv:0x00,q_drv:0x00,d_drv:0x00,cs0_drv:0x00,hd_drv:0x00,wp_drv:0x00
mode:DIO, clock div:2
load:0x3fff0030,len:7084
ho 0 tail 12 room 4
load:0x40078000,len:15576
ho 0 tail 12 room 4
load:0x40080400,len:4
load:0x40080404,len:3876
entry 0x4008064c
[0;32mI (32) boot: ESP-IDF v5.1-dirty 2nd stage bootloader[0m
[0;32mI (33) boot: compile time Jul 27 2023 04:27:02[0m
[0;32mI (33) boot: Multicore bootloader[0m
[0;32mI (37) boot: chip revision: v3.1[0m
[0;32mI (41) boot.esp32: SPI Speed      : 40MHz[0m
[0;32mI (46) boot.esp32: SPI Mode       : DIO[0m
[0;32mI (50) boot.esp32: SPI Flash Size : 2MB[0m
[0;32mI (55) boot: Enabling RNG early entropy source...[0m
[0;32mI (60) boot: Partition Table:[0m
[0;32mI (64) boot: ## Label            Usage          Type ST Offset   Length[0m
[0;32mI (71) boot:  0 nvs              WiFi data        01 02 00009000 00006000[0m
[0;32mI (79) boot:  1 phy_init         RF data          01 01 0000f000 00001000[0m
[0;32mI (86) boot:  2 factory          factory app      00 00 00010000 00100000[0m
[0;32mI (94) boot: End of partition table[0m
[0;32mI (98) esp_image: segment 0: paddr=00010020 vaddr=3f400020 size=12e28h ( 77352) map[0m
[0;32mI (134) esp_image: segment 1: paddr=00022e50 vaddr=3ffb0000 size=02e40h ( 11840) load[0m
[0;32mI (139) esp_image: segment 2: paddr=00025c98 vaddr=40080000 size=0a380h ( 41856) load[0m
[0;32mI (158) esp_image: segment 3: paddr=00030020 vaddr=400d0020 size=4d180h (315776) map[0m
[0;32mI (272) esp_image: segment 4: paddr=0007d1a8 vaddr=4008a380 size=061fch ( 25084) load[0m
[0;32mI (291) boot: Loaded app from partition at offset 0x10000[0m
[0;32mI (291) boot: Disabling RNG early entropy source...[0m
[0;32mI (302) cpu_start: Multicore app[0m
[0;32mI (303) cpu_start: Pro cpu up.[0m
[0;32mI (303) cpu_start: Starting app cpu, entry point is 0x400811d8[0m
[0;32mI (289) cpu_start: App cpu up.[0m
[0;32mI (321) cpu_start: Pro cpu start user code[0m
[0;32mI (321) cpu_start: cpu freq: 160000000 Hz[0m
[0;32mI (321) cpu_start: Application information:[0m
[0;32mI (326) cpu_start: Project name:     server-test[0m
[0;32mI (331) cpu_start: App version:      2ec6feb-dirty[0m
[0;32mI (336) cpu_start: Compile time:     Jul 27 2023 04:26:39[0m
[0;32mI (342) cpu_start: ELF file SHA256:  724c375605d11e7a...[0m
[0;32mI (348) cpu_start: ESP-IDF:          v5.1-dirty[0m
[0;32mI (354) cpu_start: Min chip rev:     v0.0[0m
[0;32mI (358) cpu_start: Max chip rev:     v3.99 [0m
[0;32mI (363) cpu_start: Chip rev:         v3.1[0m
[0;32mI (368) heap_init: Initializing. RAM available for dynamic allocation:[0m
[0;32mI (375) heap_init: At 3FFAE6E0 len 00001920 (6 KiB): DRAM[0m
[0;32mI (381) heap_init: At 3FFB6600 len 00029A00 (166 KiB): DRAM[0m
[0;32mI (387) heap_init: At 3FFE0440 len 00003AE0 (14 KiB): D/IRAM[0m
[0;32mI (394) heap_init: At 3FFE4350 len 0001BCB0 (111 KiB): D/IRAM[0m
[0;32mI (400) heap_init: At 4009057C len 0000FA84 (62 KiB): IRAM[0m
[0;32mI (408) spi_flash: detected chip: generic[0m
[0;32mI (411) spi_flash: flash io: dio[0m
[0;33mW (415) spi_flash: Detected size(4096k) larger than the size in the binary image header(2048k). Using the size in the binary image header.[0m
[0;32mI (429) app_start: Starting scheduler on CPU0[0m
[0;32mI (433) app_start: Starting scheduler on CPU1[0m
[0;32mI (433) main_task: Started on CPU0[0m
[0;32mI (443) main_task: Calling app_main()[0m
ESP_ERROR_CHECK failed: esp_err_t 0x3001 (ESP_ERR_WIFI_NOT_INIT) at 0x400d6994
file: "../components/_broadcast.cpp" line 41
func: void BroadcastedServer::begin()
expression: esp_wifi_set_mode(WIFI_MODE_AP)

abort() was called at PC 0x40087d2f on core 0


Backtrace: 0x4008182e:0x3ffb86b0 0x40087d39:0x3ffb86d0 0x4008dd92:0x3ffb86f0 0x40087d2f:0x3ffb8760 0x400d6994:0x3ffb8790 0x400d6920:0x3ffb88d0 0x4011c4ab:0x3ffb8900 0x4008a355:0x3ffb8930




ELF file SHA256: 724c375605d11e7a

Rebooting...
ets Jul 29 2019 12:21:46

rst:0xc (SW_CPU_RESET),boot:0x13 (SPI_FAST_FLASH_BOOT)
configsip: 0, SPIWP:0xee
clk_drv:0x00,q_drv:0x00,d_drv:0x00,cs0_drv:0x00,hd_drv:0x00,wp_drv:0x00
mode:DIO, clock div:2
load:0x3fff0030,len:7084
ho 0 tail 12 room 4
load:0x40078000,len:15576
ho 0 tail 12 room 4
load:0x40080400,len:4
load:0x40080404,len:3876
entry 0x4008064c
[0;32mI (32) boot: ESP-IDF v5.1-dirty 2nd stage bootloader[0m
[0;32mI (33) boot: compile time Jul 27 2023 04:27:02[0m
[0;32mI (33) boot: Multicore bootloader[0m
[0;32mI (37) boot: chip revision: v3.1[0m
[0;32mI (41) boot.esp32: SPI Speed      : 40MHz[0m
[0;32mI (46) boot.esp32: SPI Mode       : DIO[0m
[0;32mI (50) boot.esp32: SPI Flash Size : 2MB[0m
[0;32mI (55) boot: Enabling RNG early entropy source...[0m
[0;32mI (60) boot: Partition Table:[0m
[0;32mI (64) boot: ## Label            Usage          Type ST Offset   Length[0m
[0;32mI (71) boot:  0 nvs              WiFi data        01 02 00009000 00006000[0m
[0;32mI (79) boot:  1 phy_init         RF data          01 01 0000f000 00001000[0m
[0;32mI (86) boot:  2 factory          factory app      00 00 00010000 00100000[0m
[0;32mI (94) boot: End of partition table[0m
[0;32mI (98) esp_image: segment 0: paddr=00010020 vaddr=3f400020 size=12e28h ( 77352) map[0m
[0;32mI (134) esp_image: segment 1: paddr=00022e50 vaddr=3ffb0000 size=02e40h ( 11840) load[0m
[0;32mI (139) esp_image: segment 2: paddr=00025c98 vaddr=40080000 size=0a380h ( 41856) load[0m
[0;32mI (158) esp_image: segment 3: paddr=00030020 vaddr=400d0020 size=4d180h (315776) map[0m
[0;32mI (272) esp_image: segment 4: paddr=0007d1a8 vaddr=4008a380 size=061fch ( 25084) load[0m
[0;32mI (291) boot: Loaded app from partition at offset 0x10000[0m
[0;32mI (291) boot: Disabling RNG early entropy source...[0m
[0;32mI (302) cpu_start: Multicore app[0m
[0;32mI (303) cpu_start: Pro cpu up.[0m
[0;32mI (303) cpu_start: Starting app cpu, entry point is 0x400811d8[0m
[0;32mI (289) cpu_start: App cpu up.[0m
[0;32mI (321) cpu_start: Pro cpu start user code[0m
[0;32mI (321) cpu_start: cpu freq: 160000000 Hz[0m
[0;32mI (321) cpu_start: Application information:[0m
[0;32mI (326) cpu_start: Project name:     server-test[0m
[0;32mI (331) cpu_start: App version:      2ec6feb-dirty[0m
[0;32mI (336) cpu_start: Compile time:     Jul 27 2023 04:26:39[0m
[0;32mI (342) cpu_start: ELF file SHA256:  724c375605d11e7a...[0m
[0;32mI (348) cpu_start: ESP-IDF:          v5.1-dirty[0m
[0;32mI (354) cpu_start: Min chip rev:     v0.0[0m
[0;32mI (358) cpu_start: Max chip rev:     v3.99 [0m
[0;32mI (363) cpu_start: Chip rev:         v3.1[0m
[0;32mI (368) heap_init: Initializing. RAM available for dynamic allocation:[0m
[0;32mI (375) heap_init: At 3FFAE6E0 len 00001920 (6 KiB): DRAM[0m
[0;32mI (381) heap_init: At 3FFB6600 len 00029A00 (166 KiB): DRAM[0m
[0;32mI (387) heap_init: At 3FFE0440 len 00003AE0 (14 KiB): D/IRAM[0m
[0;32mI (394) heap_init: At 3FFE4350 len 0001BCB0 (111 KiB): D/IRAM[0m
[0;32mI (400) heap_init: At 4009057C len 0000FA84 (62 KiB): IRAM[0m
[0;32mI (408) spi_flash: detected chip: generic[0m
[0;32mI (411) spi_flash: flash io: dio[0m
[0;33mW (415) spi_flash: Detected size(4096k) larger than the size in the binary image header(2048k). Using the size in the binary image header.[0m
[0;32mI (429) app_start: Starting scheduler on CPU0[0m
[0;32mI (433) app_start: Starting scheduler on CPU1[0m
[0;32mI (433) main_task: Started on CPU0[0m
[0;32mI (443) main_task: Calling app_main()[0m
ESP_ERROR_CHECK failed: esp_err_t 0x3001 (ESP_ERR_WIFI_NOT_INIT) at 0x400d6994
file: "../components/_broadcast.cpp" line 41
func: void BroadcastedServer::begin()
expression: esp_wifi_set_mode(WIFI_MODE_AP)

abort() was called at PC 0x40087d2f on core 0


Backtrace: 0x4008182e:0x3ffb86b0 0x40087d39:0x3ffb86d0 0x4008dd92:0x3ffb86f0 0x40087d2f:0x3ffb8760 0x400d6994:0x3ffb8790 0x400d6920:0x3ffb88d0 0x4011c4ab:0x3ffb8900 0x4008a355:0x3ffb8930




ELF file SHA256: 724c375605d11e7a

Rebooting...
ets Jul 29 2019 12:21:46

rst:0xc (SW_CPU_RESET),boot:0x13 (SPI_FAST_FLASH_BOOT)
configsip: 0, SPIWP:0xee
clk_drv:0x00,q_drv:0x00,d_drv:0x00,cs0_drv:0x00,hd_drv:0x00,wp_drv:0x00
mode:DIO, clock div:2
load:0x3fff0030,len:7084
ho 0 tail 12 room 4
load:0x40078000,len:15576
ho 0 tail 12 room 4
load:0x40080400,len:4
load:0x40080404,len:3876
entry 0x4008064c
[0;32mI (32) boot: ESP-IDF v5.1-dirty 2nd stage bootloader[0m
[0;32mI (33) boot: compile time Jul 27 2023 04:27:02[0m
[0;32mI (33) boot: Multicore bootloader[0m
[0;32mI (37) boot: chip revision: v3.1[0m
[0;32mI (41) boot.esp32: SPI Speed      : 40MHz[0m
[0;32mI (46) boot.esp32: SPI Mode       : DIO[0m
[0;32mI (50) boot.esp32: SPI Flash Size : 2MB[0m
[0;32mI (55) boot: Enabling RNG early entropy source...[0m
[0;32mI (60) boot: Partition Table:[0m
[0;32mI (64) boot: ## Label            Usage          Type ST Offset   Length[0m
[0;32mI (71) boot:  0 nvs              WiFi data        01 02 00009000 00006000[0m
[0;32mI (79) boot:  1 phy_init         RF data          01 01 0000f000 00001000[0m
[0;32mI (86) boot:  2 factory          factory app      00 00 00010000 00100000[0m
[0;32mI (94) boot: End of partition table[0m
[0;32mI (98) esp_image: segment 0: paddr=00010020 vaddr=3f400020 size=12e28h ( 77352) map[0m
[0;32mI (134) esp_image: segment 1: paddr=00022e50 vaddr=3ffb0000 size=02e40h ( 11840) load[0m
[0;32mI (139) esp_image: segment 2: paddr=00025c98 vaddr=40080000 size=0a380h ( 41856) load[0m
[0;32mI (158) esp_image: segment 3: paddr=00030020 vaddr=400d0020 size=4d180h (315776) map[0m
[0;32mI (272) esp_image: segment 4: paddr=0007d1a8 vaddr=4008a380 size=061fch ( 25084) load[0m
[0;32mI (291) boot: Loaded app from partition at offset 0x10000[0m
[0;32mI (291) boot: Disabling RNG early entropy source...[0m
[0;32mI (302) cpu_start: Multicore app[0m
[0;32mI (303) cpu_start: Pro cpu up.[0m
[0;32mI (303) cpu_start: Starting app cpu, entry point is 0x400811d8[0m
[0;32mI (289) cpu_start: App cpu up.[0m
[0;32mI (321) cpu_start: Pro cpu start user code[0m
[0;32mI (321) cpu_start: cpu freq: 160000000 Hz[0m
[0;32mI (321) cpu_start: Application information:[0m
[0;32mI (326) cpu_start: Project name:     server-test[0m
[0;32mI (331) cpu_start: App version:      2ec6feb-dirty[0m
[0;32mI (336) cpu_start: Compile time:     Jul 27 2023 04:26:39[0m
[0;32mI (342) cpu_start: ELF file SHA256:  724c375605d11e7a...[0m
[0;32mI (348) cpu_start: ESP-IDF:          v5.1-dirty[0m
[0;32mI (354) cpu_start: Min chip rev:     v0.0[0m
[0;32mI (358) cpu_start: Max chip rev:     v3.99 [0m
[0;32mI (363) cpu_start: Chip rev:         v3.1[0m
[0;32mI (368) heap_init: Initializing. RAM available for dynamic allocation:[0m
[0;32mI (375) heap_init: At 3FFAE6E0 len 00001920 (6 KiB): DRAM[0m
[0;32mI (381) heap_init: At 3FFB6600 len 00029A00 (166 KiB): DRAM[0m
[0;32mI (387) heap_init: At 3FFE0440 len 00003AE0 (14 KiB): D/IRAM[0m
[0;32mI (394) heap_init: At 3FFE4350 len 0001BCB0 (111 KiB): D/IRAM[0m
[0;32mI (400) heap_init: At 4009057C len 0000FA84 (62 KiB): IRAM[0m
[0;32mI (408) spi_flash: detected chip: generic[0m
[0;32mI (411) spi_flash: flash io: dio[0m
[0;33mW (415) spi_flash: Detected size(4096k) larger than the size in the binary image header(2048k). Using the size in the binary image header.[0m
[0;32mI (429) app_start: Starting scheduler on CPU0[0m
[0;32mI (433) app_start: Starting scheduler on CPU1[0m
[0;32mI (433) main_task: Started on CPU0[0m
[0;32mI (443) main_task: Calling app_main()[0m
ESP_ERROR_CHECK failed: esp_err_t 0x3001 (ESP_ERR_WIFI_NOT_INIT) at 0x400d6994
file: "../components/_broadcast.cpp" line 41
func: void BroadcastedServer::begin()
expression: esp_wifi_set_mode(WIFI_MODE_AP)

abort() was called at PC 0x40087d2f on core 0


Backtrace: 0x4008182e:0x3ffb86b0 0x40087d39:0x3ffb86d0 0x4008dd92:0x3ffb86f0 0x40087d2f:0x3ffb8760 0x400d6994:0x3ffb8790 0x400d6920:0x3ffb88d0 0x4011c4ab:0x3ffb8900 0x4008a355:0x3ffb8930




ELF file SHA256: 724c375605d11e7a

Rebooting...
ets Jul 29 2019 12:21:46

rst:0xc (SW_CPU_RESET),boot:0x13 (SPI_FAST_FLASH_BOOT)
configsip: 0, SPIWP:0xee
clk_drv:0x00,q_drv:0x00,d_drv:0x00,cs0_drv:0x00,hd_drv:0x00,wp_drv:0x00
mode:DIO, clock div:2
load:0x3fff0030,len:7084
ho 0 tail 12 room 4
load:0x40078000,len:15576
ho 0 tail 12 room 4
load:0x40080400,len:4
load:0x40080404,len:3876
entry 0x4008064c
[0;32mI (32) boot: ESP-IDF v5.1-dirty 2nd stage bootloader[0m
[0;32mI (33) boot: compile time Jul 27 2023 04:27:02[0m
[0;32mI (33) boot: Multicore bootloader[0m
[0;32mI (37) boot: chip revision: v3.1[0m
[0;32mI (41) boot.esp32: SPI Speed      : 40MHz[0m
[0;32mI (46) boot.esp32: SPI Mode       : DIO[0m
[0;32mI (50) boot.esp32: SPI Flash Size : 2MB[0m
[0;32mI (55) boot: Enabling RNG early entropy source...[0m
[0;32mI (60) boot: Partition Table:[0m
[0;32mI (64) boot: ## Label            Usage          Type ST Offset   Length[0m
[0;32mI (71) boot:  0 nvs              WiFi data        01 02 00009000 00006000[0m
[0;32mI (79) boot:  1 phy_init         RF data          01 01 0000f000 00001000[0m
[0;32mI (86) boot:  2 factory          factory app      00 00 00010000 00100000[0m
[0;32mI (94) boot: End of partition table[0m
[0;32mI (98) esp_image: segment 0: paddr=00010020 vaddr=3f400020 size=12e28h ( 77352) map[0m
[0;32mI (134) esp_image: segment 1: paddr=00022e50 vaddr=3ffb0000 size=02e40h ( 11840) load[0m
[0;32mI (139) esp_image: segment 2: paddr=00025c98 vaddr=40080000 size=0a380h ( 41856) load[0m
[0;32mI (158) esp_image: segment 3: paddr=00030020 vaddr=400d0020 size=4d180h (315776) map[0m
[0;32mI (272) esp_image: segment 4: paddr=0007d1a8 vaddr=4008a380 size=061fch ( 25084) load[0m
[0;32mI (291) boot: Loaded app from partition at offset 0x10000[0m
[0;32mI (291) boot: Disabling RNG early entropy source...[0m
[0;32mI (302) cpu_start: Multicore app[0m
[0;32mI (303) cpu_start: Pro cpu up.[0m
[0;32mI (303) cpu_start: Starting app cpu, entry point is 0x400811d8[0m
[0;32mI (289) cpu_start: App cpu up.[0m
[0;32mI (321) cpu_start: Pro cpu start user code[0m
[0;32mI (321) cpu_start: cpu freq: 160000000 Hz[0m
[0;32mI (321) cpu_start: Application information:[0m
[0;32mI (326) cpu_start: Project name:     server-test[0m
[0;32mI (331) cpu_start: App version:      2ec6feb-dirty[0m
[0;32mI (336) cpu_start: Compile time:     Jul 27 2023 04:26:39[0m
[0;32mI (342) cpu_start: ELF file SHA256:  724c375605d11e7a...[0m
[0;32mI (348) cpu_start: ESP-IDF:          v5.1-dirty[0m
[0;32mI (354) cpu_start: Min chip rev:     v0.0[0m
[0;32mI (358) cpu_start: Max chip rev:     v3.99 [0m
[0;32mI (363) cpu_start: Chip rev:         v3.1[0m
[0;32mI (368) heap_init: Initializing. RAM available for dynamic allocation:[0m
[0;32mI (375) heap_init: At 3FFAE6E0 len 00001920 (6 KiB): DRAM[0m
[0;32mI (381) heap_init: At 3FFB6600 len 00029A00 (166 KiB): DRAM[0m
[0;32mI (387) heap_init: At 3FFE0440 len 00003AE0 (14 KiB): D/IRAM[0m
[0;32mI (394) heap_init: At 3FFE4350 len 0001BCB0 (111 KiB): D/IRAM[0m
[0;32mI (400) heap_init: At 4009057C len 0000FA84 (62 KiB): IRAM[0m
[0;32mI (408) spi_flash: detected chip: generic[0m
[0;32mI (411) spi_flash: flash io: dio[0m
[0;33mW (415) spi_flash: Detected size(4096k) larger than the size in the binary image header(2048k). Using the size in the binary image header.[0m
[0;32mI (429) app_start: Starting scheduler on CPU0[0m
[0;32mI (433) app_start: Starting scheduler on CPU1[0m
[0;32mI (433) main_task: Started on CPU0[0m
[0;32mI (443) main_task: Calling app_main()[0m
ESP_ERROR_CHECK failed: esp_err_t 0x3001 (ESP_ERR_WIFI_NOT_INIT) at 0x400d6994
file: "../components/_broadcast.cpp" line 41
func: void BroadcastedServer::begin()
expression: esp_wifi_set_mode(WIFI_MODE_AP)

abort() was called at PC 0x40087d2f on core 0


Backtrace: 0x4008182e:0x3ffb86b0 0x40087d39:0x3ffb86d0 0x4008dd92:0x3ffb86f0 0x40087d2f:0x3ffb8760 0x400d6994:0x3ffb8790 0x400d6920:0x3ffb88d0 0x4011c4ab:0x3ffb8900 0x4008a355:0x3ffb8930




ELF file SHA256: 724c375605d11e7a

Rebooting...
ets Jul 29 2019 12:21:46

rst:0xc (SW_CPU_RESET),boot:0x13 (SPI_FAST_FLASH_BOOT)
configsip: 0, SPIWP:0xee
clk_drv:0x00,q_drv:0x00,d_drv:0x00,cs0_drv:0x00,hd_drv:0x00,wp_drv:0x00
mode:DIO, clock div:2
load:0x3fff0030,len:7084
ho 0 tail 12 room 4
load:0x40078000,len:15576
ho 0 tail 12 room 4
load:0x40080400,len:4
load:0x40080404,len:3876
entry 0x4008064c
[0;32mI (32) boot: ESP-IDF v5.1-dirty 2nd stage bootloader[0m
[0;32mI (33) boot: compile time Jul 27 2023 04:27:02[0m
[0;32mI (33) boot: Multicore bootloader[0m
[0;32mI (37) boot: chip revision: v3.1[0m
[0;32mI (41) boot.esp32: SPI Speed      : 40MHz[0m
[0;32mI (46) boot.esp32: SPI Mode       : DIO[0m
[0;32mI (50) boot.esp32: SPI Flash Size : 2MB[0m
[0;32mI (55) boot: Enabling RNG early entropy source...[0m
[0;32mI (60) boot: Partition Table:[0m
[0;32mI (64) boot: ## Label            Usage          Type ST Offset   Length[0m
[0;32mI (71) boot:  0 nvs              WiFi data        01 02 00009000 00006000[0m
[0;32mI (79) boot:  1 phy_init         RF data          01 01 0000f000 00001000[0m
[0;32mI (86) boot:  2 factory          factory app      00 00 00010000 00100000[0m
[0;32mI (94) boot: End of partition table[0m
[0;32mI (98) esp_image: segment 0: paddr=00010020 vaddr=3f400020 size=12e28h ( 77352) map[0m
[0;32mI (134) esp_image: segment 1: paddr=00022e50 vaddr=3ffb0000 size=02e40h ( 11840) load[0m
[0;32mI (139) esp_image: segment 2: paddr=00025c98 vaddr=40080000 size=0a380h ( 41856) load[0m
[0;32mI (158) esp_image: segment 3: paddr=00030020 vaddr=400d0020 size=4d180h (315776) map[0m
[0;32mI (272) esp_image: segment 4: paddr=0007d1a8 vaddr=4008a380 size=061fch ( 25084) load[0m
[0;32mI (291) boot: Loaded app from partition at offset 0x10000[0m
[0;32mI (291) boot: Disabling RNG early entropy source...[0m
[0;32mI (302) cpu_start: Multicore app[0m
[0;32mI (303) cpu_start: Pro cpu up.[0m
[0;32mI (303) cpu_start: Starting app cpu, entry point is 0x400811d8[0m
[0;32mI (289) cpu_start: App cpu up.[0m
[0;32mI (321) cpu_start: Pro cpu start user code[0m
[0;32mI (321) cpu_start: cpu freq: 160000000 Hz[0m
[0;32mI (321) cpu_start: Application information:[0m
[0;32mI (326) cpu_start: Project name:     server-test[0m
[0;32mI (331) cpu_start: App version:      2ec6feb-dirty[0m
[0;32mI (336) cpu_start: Compile time:     Jul 27 2023 04:26:39[0m
[0;32mI (342) cpu_start: ELF file SHA256:  724c375605d11e7a...[0m
[0;32mI (348) cpu_start: ESP-IDF:          v5.1-dirty[0m
[0;32mI (354) cpu_start: Min chip rev:     v0.0[0m
[0;32mI (358) cpu_start: Max chip rev:     v3.99 [0m
[0;32mI (363) cpu_start: Chip rev:         v3.1[0m
[0;32mI (368) heap_init: Initializing. RAM available for dynamic allocation:[0m
[0;32mI (375) heap_init: At 3FFAE6E0 len 00001920 (6 KiB): DRAM[0m
[0;32mI (381) heap_init: At 3FFB6600 len 00029A00 (166 KiB): DRAM[0m
[0;32mI (387) heap_init: At 3FFE0440 len 00003AE0 (14 KiB): D/IRAM[0m
[0;32mI (394) heap_init: At 3FFE4350 len 0001BCB0 (111 KiB): D/IRAM[0m
[0;32mI (400) heap_init: At 4009057C len 0000FA84 (62 KiB): IRAM[0m
[0;32mI (408) spi_flash: detected chip: generic[0m
[0;32mI (411) spi_flash: flash io: dio[0m
[0;33mW (415) spi_flash: Detected size(4096k) larger than the size in the binary image header(2048k). Using the size in the binary image header.[0m
[0;32mI (429) app_start: Starting scheduler on CPU0[0m
[0;32mI (433) app_start: Starting scheduler on CPU1[0m
[0;32mI (433) main_task: Started on CPU0[0m
[0;32mI (443) main_task: Calling app_main()[0m
ESP_ERROR_CHECK failed: esp_err_t 0x3001 (ESP_ERR_WIFI_NOT_INIT) at 0x400d6994
file: "../components/_broadcast.cpp" line 41
func: void BroadcastedServer::begin()
expression: esp_wifi_set_mode(WIFI_MODE_AP)

abort() was called at PC 0x40087d2f on core 0


Backtrace: 0x4008182e:0x3ffb86b0 0x40087d39:0x3ffb86d0 0x4008dd92:0x3ffb86f0 0x40087d2f:0x3ffb8760 0x400d6994:0x3ffb8790 0x400d6920:0x3ffb88d0 0x4011c4ab:0x3ffb8900 0x4008a355:0x3ffb8930




ELF file SHA256: 724c375605d11e7a

Rebooting...
ets Jul 29 2019 12:21:46

rst:0xc (SW_CPU_RESET),boot:0x13 (SPI_FAST_FLASH_BOOT)
configsip: 0, SPIWP:0xee
clk_drv:0x00,q_drv:0x00,d_drv:0x00,cs0_drv:0x00,hd_drv:0x00,wp_drv:0x00
mode:DIO, clock div:2
load:0x3fff0030,len:7084
ho 0 tail 12 room 4
load:0x40078000,len:15576
ho 0 tail 12 room 4
load:0x40080400,len:4
load:0x40080404,len:3876
entry 0x4008064c
[0;32mI (32) boot: ESP-IDF v5.1-dirty 2nd stage bootloader[0m
[0;32mI (33) boot: compile time Jul 27 2023 04:27:02[0m
[0;32mI (33) boot: Multicore bootloader[0m
[0;32mI (37) boot: chip revision: v3.1[0m
[0;32mI (41) boot.esp32: SPI Speed      : 40MHz[0m
[0;32mI (46) boot.esp32: SPI Mode       : DIO[0m
[0;32mI (50) boot.esp32: SPI Flash Size : 2MB[0m
[0;32mI (55) boot: Enabling RNG early entropy source...[0m
[0;32mI (60) boot: Partition Table:[0m
[0;32mI (64) boot: ## Label            Usage          Type ST Offset   Length[0m
[0;32mI (71) boot:  0 nvs              WiFi data        01 02 00009000 00006000[0m
[0;32mI (79) boot:  1 phy_init         RF data          01 01 0000f000 00001000[0m
[0;32mI (86) boot:  2 factory          factory app      00 00 00010000 00100000[0m
[0;32mI (94) boot: End of partition table[0m
[0;32mI (98) esp_image: segment 0: paddr=00010020 vaddr=3f400020 size=12e28h ( 77352) map[0m
[0;32mI (134) esp_image: segment 1: paddr=00022e50 vaddr=3ffb0000 size=02e40h ( 11840) load[0m
[0;32mI (139) esp_image: segment 2: paddr=00025c98 vaddr=40080000 size=0a380h ( 41856) load[0m
[0;32mI (158) esp_image: segment 3: paddr=00030020 vaddr=400d0020 size=4d180h (315776) map[0m
[0;32mI (272) esp_image: segment 4: paddr=0007d1a8 vaddr=4008a380 size=061fch ( 25084) load[0m
[0;32mI (291) boot: Loaded app from partition at offset 0x10000[0m
[0;32mI (291) boot: Disabling RNG early entropy source...[0m
[0;32mI (302) cpu_start: Multicore app[0m
[0;32mI (303) cpu_start: Pro cpu up.[0m
[0;32mI (303) cpu_start: Starting app cpu, entry point is 0x400811d8[0m
[0;32mI (289) cpu_start: App cpu up.[0m
[0;32mI (321) cpu_start: Pro cpu start user code[0m
[0;32mI (321) cpu_start: cpu freq: 160000000 Hz[0m
[0;32mI (321) cpu_start: Application information:[0m
[0;32mI (326) cpu_start: Project name:     server-test[0m
[0;32mI (331) cpu_start: App version:      2ec6feb-dirty[0m
[0;32mI (336) cpu_start: Compile time:     Jul 27 2023 04:26:39[0m
[0;32mI (342) cpu_start: ELF file SHA256:  724c375605d11e7a...[0m
[0;32mI (348) cpu_start: ESP-IDF:          v5.1-dirty[0m
[0;32mI (354) cpu_start: Min chip rev:     v0.0[0m
[0;32mI (358) cpu_start: Max chip rev:     v3.99 [0m
[0;32mI (363) cpu_start: Chip rev:         v3.1[0m
[0;32mI (368) heap_init: Initializing. RAM available for dynamic allocation:[0m
[0;32mI (375) heap_init: At 3FFAE6E0 len 00001920 (6 KiB): DRAM[0m
[0;32mI (381) heap_init: At 3FFB6600 len 00029A00 (166 KiB): DRAM[0m
[0;32mI (387) heap_init: At 3FFE0440 len 00003AE0 (14 KiB): D/IRAM[0m
[0;32mI (394) heap_init: At 3FFE4350 len 0001BCB0 (111 KiB): D/IRAM[0m
[0;32mI (400) heap_init: At 4009057C len 0000FA84 (62 KiB): IRAM[0m
[0;32mI (408) spi_flash: detected chip: generic[0m
[0;32mI (411) spi_flash: flash io: dio[0m
[0;33mW (415) spi_flash: Detected size(4096k) larger than the size in the binary image header(2048k). Using the size in the binary image header.[0m
[0;32mI (429) app_start: Starting scheduler on CPU0[0m
[0;32mI (433) app_start: Starting scheduler on CPU1[0m
[0;32mI (433) main_task: Started on CPU0[0m
[0;32mI (443) main_task: Calling app_main()[0m
ESP_ERROR_CHECK failed: esp_err_t 0x3001 (ESP_ERR_WIFI_NOT_INIT) at 0x400d6994
file: "../components/_broadcast.cpp" line 41
func: void BroadcastedServer::begin()
expression: esp_wifi_set_mode(WIFI_MODE_AP)

abort() was called at PC 0x40087d2f on core 0


Backtrace: 0x4008182e:0x3ffb86b0 0x40087d39:0x3ffb86d0 0x4008dd92:0x3ffb86f0 0x40087d2f:0x3ffb8760 0x400d6994:0x3ffb8790 0x400d6920:0x3ffb88d0 0x4011c4ab:0x3ffb8900 0x4008a355:0x3ffb8930




ELF file SHA256: 724c375605d11e7a

Rebooting...
ets Jul 29 2019 12:21:46

rst:0xc (SW_CPU_RESET),boot:0x13 (SPI_FAST_FLASH_BOOT)
configsip: 0, SPIWP:0xee
clk_drv:0x00,q_drv:0x00,d_drv:0x00,cs0_drv:0x00,hd_drv:0x00,wp_drv:0x00
mode:DIO, clock div:2
load:0x3fff0030,len:7084
ho 0 tail 12 room 4
load:0x40078000,len:15576
ho 0 tail 12 room 4
load:0x40080400,len:4
load:0x40080404,len:3876
entry 0x4008064c
[0;32mI (32) boot: ESP-IDF v5.1-dirty 2nd stage bootloader[0m
[0;32mI (33) boot: compile time Jul 27 2023 04:27:02[0m
[0;32mI (33) boot: Multicore bootloader[0m
[0;32mI (37) boot: chip revision: v3.1[0m
[0;32mI (41) boot.esp32: SPI Speed      : 40MHz[0m
[0;32mI (46) boot.esp32: SPI Mode       : DIO[0m
[0;32mI (50) boot.esp32: SPI Flash Size : 2MB[0m
[0;32mI (55) boot: Enabling RNG early entropy source...[0m
[0;32mI (60) boot: Partition Table:[0m
[0;32mI (64) boot: ## Label            Usage          Type ST Offset   Length[0m
[0;32mI (71) boot:  0 nvs              WiFi data        01 02 00009000 00006000[0m
[0;32mI (79) boot:  1 phy_init         RF data          01 01 0000f000 00001000[0m
[0;32mI (86) boot:  2 factory          factory app      00 00 00010000 00100000[0m
[0;32mI (94) boot: End of partition table[0m
[0;32mI (98) esp_image: segment 0: paddr=00010020 vaddr=3f400020 size=12e28h ( 77352) map[0m
[0;32mI (134) esp_image: segment 1: paddr=00022e50 vaddr=3ffb0000 size=02e40h ( 11840) load[0m
[0;32mI (139) esp_image: segment 2: paddr=00025c98 vaddr=40080000 size=0a380h ( 41856) load[0m
[0;32mI (158) esp_image: segment 3: paddr=00030020 vaddr=400d0020 size=4d180h (315776) map[0m
[0;32mI (272) esp_image: segment 4: paddr=0007d1a8 vaddr=4008a380 size=061fch ( 25084) load[0m
[0;32mI (291) boot: Loaded app from partition at offset 0x10000[0m
[0;32mI (291) boot: Disabling RNG early entropy source...[0m
[0;32mI (302) cpu_start: Multicore app[0m
[0;32mI (303) cpu_start: Pro cpu up.[0m
[0;32mI (303) cpu_start: Starting app cpu, entry point is 0x400811d8[0m
[0;32mI (289) cpu_start: App cpu up.[0m
[0;32mI (321) cpu_start: Pro cpu start user code[0m
[0;32mI (321) cpu_start: cpu freq: 160000000 Hz[0m
[0;32mI (321) cpu_start: Application information:[0m
[0;32mI (326) cpu_start: Project name:     server-test[0m
[0;32mI (331) cpu_start: App version:      2ec6feb-dirty[0m
[0;32mI (336) cpu_start: Compile time:     Jul 27 2023 04:26:39[0m
[0;32mI (342) cpu_start: ELF file SHA256:  724c375605d11e7a...[0m
[0;32mI (348) cpu_start: ESP-IDF:          v5.1-dirty[0m
[0;32mI (354) cpu_start: Min chip rev:     v0.0[0m
[0;32mI (358) cpu_start: Max chip rev:     v3.99 [0m
[0;32mI (363) cpu_start: Chip rev:         v3.1[0m
[0;32mI (368) heap_init: Initializing. RAM available for dynamic allocation:[0m
[0;32mI (375) heap_init: At 3FFAE6E0 len 00001920 (6 KiB): DRAM[0m
[0;32mI (381) heap_init: At 3FFB6600 len 00029A00 (166 KiB): DRAM[0m
[0;32mI (387) heap_init: At 3FFE0440 len 00003AE0 (14 KiB): D/IRAM[0m
[0;32mI (394) heap_init: At 3FFE4350 len 0001BCB0 (111 KiB): D/IRAM[0m
[0;32mI (400) heap_init: At 4009057C len 0000FA84 (62 KiB): IRAM[0m
[0;32mI (408) spi_flash: detected chip: generic[0m
[0;32mI (411) spi_flash: flash io: dio[0m
[0;33mW (415) spi_flash: Detected size(4096k) larger than the size in the binary image header(2048k). Using the size in the binary image header.[0m
[0;32mI (429) app_start: Starting scheduler on CPU0[0m
[0;32mI (433) app_start: Starting scheduler on CPU1[0m
[0;32mI (433) main_task: Started on CPU0[0m
[0;32mI (443) main_task: Calling app_main()[0m
ESP_ERROR_CHECK failed: esp_err_t 0x3001 (ESP_ERR_WIFI_NOT_INIT) at 0x400d6994
file: "../components/_broadcast.cpp" line 41
func: void BroadcastedServer::begin()
expression: esp_wifi_set_mode(WIFI_MODE_AP)

abort() was called at PC 0x40087d2f on core 0


Backtrace: 0x4008182e:0x3ffb86b0 0x40087d39:0x3ffb86d0 0x4008dd92:0x3ffb86f0 0x40087d2f:0x3ffb8760 0x400d6994:0x3ffb8790 0x400d6920:0x3ffb88d0 0x4011c4ab:0x3ffb8900 0x4008a355:0x3ffb8930




ELF file SHA256: 724c375605d11e7a

Rebooting...
ets Jul 29 2019 12:21:46

rst:0xc (SW_CPU_RESET),boot:0x13 (SPI_FAST_FLASH_BOOT)
configsip: 0, SPIWP:0xee
clk_drv:0x00,q_drv:0x00,d_drv:0x00,cs0_drv:0x00,hd_drv:0x00,wp_drv:0x00
mode:DIO, clock div:2
load:0x3fff0030,len:7084
ho 0 tail 12 room 4
load:0x40078000,len:15576
ho 0 tail 12 room 4
load:0x40080400,len:4
load:0x40080404,len:3876
entry 0x4008064c
[0;32mI (32) boot: ESP-IDF v5.1-dirty 2nd stage bootloader[0m
[0;32mI (33) boot: compile time Jul 27 2023 04:27:02[0m
[0;32mI (33) boot: Multicore bootloader[0m
[0;32mI (37) boot: chip revision: v3.1[0m
[0;32mI (41) boot.esp32: SPI Speed      : 40MHz[0m
[0;32mI (46) boot.esp32: SPI Mode       : DIO[0m
[0;32mI (50) boot.esp32: SPI Flash Size : 2MB[0m
[0;32mI (55) boot: Enabling RNG early entropy source...[0m
[0;32mI (60) boot: Partition Table:[0m
[0;32mI (64) boot: ## Label            Usage          Type ST Offset   Length[0m
[0;32mI (71) boot:  0 nvs              WiFi data        01 02 00009000 00006000[0m
[0;32mI (79) boot:  1 phy_init         RF data          01 01 0000f000 00001000[0m
[0;32mI (86) boot:  2 factory          factory app      00 00 00010000 00100000[0m
[0;32mI (94) boot: End of partition table[0m
[0;32mI (98) esp_image: segment 0: paddr=00010020 vaddr=3f400020 size=12e28h ( 77352) map[0m
[0;32mI (134) esp_image: segment 1: paddr=00022e50 vaddr=3ffb0000 size=02e40h ( 11840) load[0m
[0;32mI (139) esp_image: segment 2: paddr=00025c98 vaddr=40080000 size=0a380h ( 41856) load[0m
[0;32mI (158) esp_image: segment 3: paddr=00030020 vaddr=400d0020 size=4d180h (315776) map[0m
[0;32mI (272) esp_image: segment 4: paddr=0007d1a8 vaddr=4008a380 size=061fch ( 25084) load[0m
[0;32mI (291) boot: Loaded app from partition at offset 0x10000[0m
[0;32mI (291) boot: Disabling RNG early entropy source...[0m
[0;32mI (302) cpu_start: Multicore app[0m
[0;32mI (303) cpu_start: Pro cpu up.[0m
[0;32mI (303) cpu_start: Starting app cpu, entry point is 0x400811d8[0m
[0;32mI (289) cpu_start: App cpu up.[0m
[0;32mI (321) cpu_start: Pro cpu start user code[0m
[0;32mI (321) cpu_start: cpu freq: 160000000 Hz[0m
[0;32mI (321) cpu_start: Application information:[0m
[0;32mI (326) cpu_start: Project name:     server-test[0m
[0;32mI (331) cpu_start: App version:      2ec6feb-dirty[0m
[0;32mI (336) cpu_start: Compile time:     Jul 27 2023 04:26:39[0m
[0;32mI (342) cpu_start: ELF file SHA256:  724c375605d11e7a...[0m
[0;32mI (348) cpu_start: ESP-IDF:          v5.1-dirty[0m
[0;32mI (354) cpu_start: Min chip rev:     v0.0[0m
[0;32mI (358) cpu_start: Max chip rev:     v3.99 [0m
[0;32mI (363) cpu_start: Chip rev:         v3.1[0m
[0;32mI (368) heap_init: Initializing. RAM available for dynamic allocation:[0m
[0;32mI (375) heap_init: At 3FFAE6E0 len 00001920 (6 KiB): DRAM[0m
[0;32mI (381) heap_init: At 3FFB6600 len 00029A00 (166 KiB): DRAM[0m
[0;32mI (387) heap_init: At 3FFE0440 len 00003AE0 (14 KiB): D/IRAM[0m
[0;32mI (394) heap_init: At 3FFE4350 len 0001BCB0 (111 KiB): D/IRAM[0m
[0;32mI (400) heap_init: At 4009057C len 0000FA84 (62 KiB): IRAM[0m
[0;32mI (408) spi_flash: detected chip: generic[0m
[0;32mI (411) spi_flash: flash io: dio[0m
[0;33mW (415) spi_flash: Detected size(4096k) larger than the size in the binary image header(2048k). Using the size in the binary image header.[0m
[0;32mI (429) app_start: Starting scheduler on CPU0[0m
[0;32mI (433) app_start: Starting scheduler on CPU1[0m
[0;32mI (433) main_task: Started on CPU0[0m
[0;32mI (443) main_task: Calling app_main()[0m
ESP_ERROR_CHECK failed: esp_err_t 0x3001 (ESP_ERR_WIFI_NOT_INIT) at 0x400d6994
file: "../components/_broadcast.cpp" line 41
func: void BroadcastedServer::begin()
expression: esp_wifi_set_mode(WIFI_MODE_AP)

abort() was called at PC 0x40087d2f on core 0


Backtrace: 0x4008182e:0x3ffb86b0 0x40087d39:0x3ffb86d0 0x4008dd92:0x3ffb86f0 0x40087d2f:0x3ffb8760 0x400d6994:0x3ffb8790 0x400d6920:0x3ffb88d0 0x4011c4ab:0x3ffb8900 0x4008a355:0x3ffb8930




ELF file SHA256: 724c375605d11e7a

Rebooting...
ets Jul 29 2019 12:21:46

rst:0xc (SW_CPU_RESET),boot:0x13 (SPI_FAST_FLASH_BOOT)
configsip: 0, SPIWP:0xee
clk_drv:0x00,q_drv:0x00,d_drv:0x00,cs0_drv:0x00,hd_drv:0x00,wp_drv:0x00
mode:DIO, clock div:2
load:0x3fff0030,len:7084
ho 0 tail 12 room 4
load:0x40078000,len:15576
ho 0 tail 12 room 4
load:0x40080400,len:4
load:0x40080404,len:3876
entry 0x4008064c
[0;32mI (32) boot: ESP-IDF v5.1-dirty 2nd stage bootloader[0m
[0;32mI (33) boot: compile time Jul 27 2023 04:27:02[0m
[0;32mI (33) boot: Multicore bootloader[0m
[0;32mI (37) boot: chip revision: v3.1[0m
[0;32mI (41) boot.esp32: SPI Speed      : 40MHz[0m
[0;32mI (46) boot.esp32: SPI Mode       : DIO[0m
[0;32mI (50) boot.esp32: SPI Flash Size : 2MB[0m
[0;32mI (55) boot: Enabling RNG early entropy source...[0m
[0;32mI (60) boot: Partition Table:[0m
[0;32mI (64) boot: ## Label            Usage          Type ST Offset   Length[0m
[0;32mI (71) boot:  0 nvs              WiFi data        01 02 00009000 00006000[0m
[0;32mI (79) boot:  1 phy_init         RF data          01 01 0000f000 00001000[0m
[0;32mI (86) boot:  2 factory          factory app      00 00 00010000 00100000[0m
[0;32mI (94) boot: End of partition table[0m
[0;32mI (98) esp_image: segment 0: paddr=00010020 vaddr=3f400020 size=12e28h ( 77352) map[0m
[0;32mI (134) esp_image: segment 1: paddr=00022e50 vaddr=3ffb0000 size=02e40h ( 11840) load[0m
[0;32mI (139) esp_image: segment 2: paddr=00025c98 vaddr=40080000 size=0a380h ( 41856) load[0m
[0;32mI (158) esp_image: segment 3: paddr=00030020 vaddr=400d0020 size=4d180h (315776) map[0m
[0;32mI (272) esp_image: segment 4: paddr=0007d1a8 vaddr=4008a380 size=061fch ( 25084) load[0m
[0;32mI (291) boot: Loaded app from partition at offset 0x10000[0m
[0;32mI (291) boot: Disabling RNG early entropy source...[0m
[0;32mI (302) cpu_start: Multicore app[0m
[0;32mI (303) cpu_start: Pro cpu up.[0m
[0;32mI (303) cpu_start: Starting app cpu, entry point is 0x400811d8[0m
[0;32mI (289) cpu_start: App cpu up.[0m
[0;32mI (321) cpu_start: Pro cpu start user code[0m
[0;32mI (321) cpu_start: cpu freq: 160000000 Hz[0m
[0;32mI (321) cpu_start: Application information:[0m
[0;32mI (326) cpu_start: Project name:     server-test[0m
[0;32mI (331) cpu_start: App version:      2ec6feb-dirty[0m
[0;32mI (336) cpu_start: Compile time:     Jul 27 2023 04:26:39[0m
[0;32mI (342) cpu_start: ELF file SHA256:  724c375605d11e7a...[0m
[0;32mI (348) cpu_start: ESP-IDF:          v5.1-dirty[0m
[0;32mI (354) cpu_start: Min chip rev:     v0.0[0m
[0;32mI (358) cpu_start: Max chip rev:     v3.99 [0m
[0;32mI (363) cpu_start: Chip rev:         v3.1[0m
[0;32mI (368) heap_init: Initializing. RAM available for dynamic allocation:[0m
[0;32mI (375) heap_init: At 3FFAE6E0 len 00001920 (6 KiB): DRAM[0m
[0;32mI (381) heap_init: At 3FFB6600 len 00029A00 (166 KiB): DRAM[0m
[0;32mI (387) heap_init: At 3FFE0440 len 00003AE0 (14 KiB): D/IRAM[0m
[0;32mI (394) heap_init: At 3FFE4350 len 0001BCB0 (111 KiB): D/IRAM[0m
[0;32mI (400) heap_init: At 4009057C len 0000FA84 (62 KiB): IRAM[0m
[0;32mI (408) spi_flash: detected chip: generic[0m
[0;32mI (411) spi_flash: flash io: dio[0m
[0;33mW (415) spi_flash: Detected size(4096k) larger than the size in the binary image header(2048k). Using the size in the binary image header.[0m
[0;32mI (429) app_start: Starting scheduler on CPU0[0m
[0;32mI (433) app_start: Starting scheduler on CPU1[0m
[0;32mI (433) main_task: Started on CPU0[0m
[0;32mI (443) main_task: Calling app_main()[0m
ESP_ERROR_CHECK failed: esp_err_t 0x3001 (ESP_ERR_WIFI_NOT_INIT) at 0x400d6994
file: "../components/_broadcast.cpp" line 41
func: void BroadcastedServer::begin()
expression: esp_wifi_set_mode(WIFI_MODE_AP)

abort() was called at PC 0x40087d2f on core 0


Backtrace: 0x4008182e:0x3ffb86b0 0x40087d39:0x3ffb86d0 0x4008dd92:0x3ffb86f0 0x40087d2f:0x3ffb8760 0x400d6994:0x3ffb8790 0x400d6920:0x3ffb88d0 0x4011c4ab:0x3ffb8900 0x4008a355:0x3ffb8930




ELF file SHA256: 724c375605d11e7a

Rebooting...
ets Jul 29 2019 12:21:46

rst:0xc (SW_CPU_RESET),boot:0x13 (SPI_FAST_FLASH_BOOT)
configsip: 0, SPIWP:0xee
clk_drv:0x00,q_drv:0x00,d_drv:0x00,cs0_drv:0x00,hd_drv:0x00,wp_drv:0x00
mode:DIO, clock div:2
load:0x3fff0030,len:7084
ho 0 tail 12 room 4
load:0x40078000,len:15576
ho 0 tail 12 room 4
load:0x40080400,len:4
load:0x40080404,len:3876
entry 0x4008064c
[0;32mI (32) boot: ESP-IDF v5.1-dirty 2nd stage bootloader[0m
[0;32mI (33) boot: compile time Jul 27 2023 04:27:02[0m
[0;32mI (33) boot: Multicore bootloader[0m
[0;32mI (37) boot: chip revision: v3.1[0m
[0;32mI (41) boot.esp32: SPI Speed      : 40MHz[0m
[0;32mI (46) boot.esp32: SPI Mode       : DIO[0m
[0;32mI (50) boot.esp32: SPI Flash Size : 2MB[0m
[0;32mI (55) boot: Enabling RNG early entropy source...[0m
[0;32mI (60) boot: Partition Table:[0m
[0;32mI (64) boot: ## Label            Usage          Type ST Offset   Length[0m
[0;32mI (71) boot:  0 nvs              WiFi data        01 02 00009000 00006000[0m
[0;32mI (79) boot:  1 phy_init         RF data          01 01 0000f000 00001000[0m
[0;32mI (86) boot:  2 factory          factory app      00 00 00010000 00100000[0m
[0;32mI (94) boot: End of partition table[0m
[0;32mI (98) esp_image: segment 0: paddr=00010020 vaddr=3f400020 size=12e28h ( 77352) map[0m
[0;32mI (134) esp_image: segment 1: paddr=00022e50 vaddr=3ffb0000 size=02e40h ( 11840) load[0m
[0;32mI (139) esp_image: segment 2: paddr=00025c98 vaddr=40080000 size=0a380h ( 41856) load[0m
[0;32mI (158) esp_image: segment 3: paddr=00030020 vaddr=400d0020 size=4d180h (315776) map[0m
[0;32mI (272) esp_image: segment 4: paddr=0007d1a8 vaddr=4008a380 size=061fch ( 25084) load[0m
[0;32mI (291) boot: Loaded app from partition at offset 0x10000[0m
[0;32mI (291) boot: Disabling RNG early entropy source...[0m
[0;32mI (302) cpu_start: Multicore app[0m
[0;32mI (303) cpu_start: Pro cpu up.[0m
[0;32mI (303) cpu_start: Starting app cpu, entry point is 0x400811d8[0m
[0;32mI (289) cpu_start: App cpu up.[0m
[0;32mI (321) cpu_start: Pro cpu start user code[0m
[0;32mI (321) cpu_start: cpu freq: 160000000 Hz[0m
[0;32mI (321) cpu_start: Application information:[0m
[0;32mI (326) cpu_start: Project name:     server-test[0m
[0;32mI (331) cpu_start: App version:      2ec6feb-dirty[0m
[0;32mI (336) cpu_start: Compile time:     Jul 27 2023 04:26:39[0m
[0;32mI (342) cpu_start: ELF file SHA256:  724c375605d11e7a...[0m
[0;32mI (348) cpu_start: ESP-IDF:          v5.1-dirty[0m
[0;32mI (354) cpu_start: Min chip rev:     v0.0[0m
[0;32mI (358) cpu_start: Max chip rev:     v3.99 [0m
[0;32mI (363) cpu_start: Chip rev:         v3.1[0m
[0;32mI (368) heap_init: Initializing. RAM available for dynamic allocation:[0m
[0;32mI (375) heap_init: At 3FFAE6E0 len 00001920 (6 KiB): DRAM[0m
[0;32mI (381) heap_init: At 3FFB6600 len 00029A00 (166 KiB): DRAM[0m
[0;32mI (387) heap_init: At 3FFE0440 len 00003AE0 (14 KiB): D/IRAM[0m
[0;32mI (394) heap_init: At 3FFE4350 len 0001BCB0 (111 KiB): D/IRAM[0m
[0;32mI (400) heap_init: At 4009057C len 0000FA84 (62 KiB): IRAM[0m
[0;32mI (408) spi_flash: detected chip: generic[0m
[0;32mI (411) spi_flash: flash io: dio[0m
[0;33mW (415) spi_flash: Detected size(4096k) larger than the size in the binary image header(2048k). Using the size in the binary image header.[0m
[0;32mI (429) app_start: Starting scheduler on CPU0[0m
[0;32mI (433) app_start: Starting scheduler on CPU1[0m
[0;32mI (433) main_task: Started on CPU0[0m
[0;32mI (443) main_task: Calling app_main()[0m
ESP_ERROR_CHECK failed: esp_err_t 0x3001 (ESP_ERR_WIFI_NOT_INIT) at 0x400d6994
file: "../components/_broadcast.cpp" line 41
func: void BroadcastedServer::begin()
expression: esp_wifi_set_mode(WIFI_MODE_AP)

abort() was called at PC 0x40087d2f on core 0


Backtrace: 0x4008182e:0x3ffb86b0 0x40087d39:0x3ffb86d0 0x4008dd92:0x3ffb86f0 0x40087d2f:0x3ffb8760 0x400d6994:0x3ffb8790 0x400d6920:0x3ffb88d0 0x4011c4ab:0x3ffb8900 0x4008a355:0x3ffb8930




ELF file SHA256: 724c375605d11e7a

Rebooting...
ets Jul 29 2019 12:21:46

rst:0xc (SW_CPU_RESET),boot:0x13 (SPI_FAST_FLASH_BOOT)
configsip: 0, SPIWP:0xee
clk_drv:0x00,q_drv:0x00,d_drv:0x00,cs0_drv:0x00,hd_drv:0x00,wp_drv:0x00
mode:DIO, clock div:2
load:0x3fff0030,len:7084
ho 0 tail 12 room 4
load:0x40078000,len:15576
ho 0 tail 12 room 4
load:0x40080400,len:4
load:0x40080404,len:3876
entry 0x4008064c
[0;32mI (32) boot: ESP-IDF v5.1-dirty 2nd stage bootloader[0m
[0;32mI (33) boot: compile time Jul 27 2023 04:27:02[0m
[0;32mI (33) boot: Multicore bootloader[0m
[0;32mI (37) boot: chip revision: v3.1[0m
[0;32mI (41) boot.esp32: SPI Speed      : 40MHz[0m
[0;32mI (46) boot.esp32: SPI Mode       : DIO[0m
[0;32mI (50) boot.esp32: SPI Flash Size : 2MB[0m
[0;32mI (55) boot: Enabling RNG early entropy source...[0m
[0;32mI (60) boot: Partition Table:[0m
[0;32mI (64) boot: ## Label            Usage          Type ST Offset   Length[0m
[0;32mI (71) boot:  0 nvs              WiFi data        01 02 00009000 00006000[0m
[0;32mI (79) boot:  1 phy_init         RF data          01 01 0000f000 00001000[0m
[0;32mI (86) boot:  2 factory          factory app      00 00 00010000 00100000[0m
[0;32mI (94) boot: End of partition table[0m
[0;32mI (98) esp_image: segment 0: paddr=00010020 vaddr=3f400020 size=12e28h ( 77352) map[0m
[0;32mI (134) esp_image: segment 1: paddr=00022e50 vaddr=3ffb0000 size=02e40h ( 11840) load[0m
[0;32mI (139) esp_image: segment 2: paddr=00025c98 vaddr=40080000 size=0a380h ( 41856) load[0m
[0;32mI (158) esp_image: segment 3: paddr=00030020 vaddr=400d0020 size=4d180h (315776) map[0m
[0;32mI (272) esp_image: segment 4: paddr=0007d1a8 vaddr=4008a380 size=061fch ( 25084) load[0m
[0;32mI (291) boot: Loaded app from partition at offset 0x10000[0m
[0;32mI (291) boot: Disabling RNG early entropy source...[0m
[0;32mI (302) cpu_start: Multicore app[0m
[0;32mI (303) cpu_start: Pro cpu up.[0m
[0;32mI (303) cpu_start: Starting app cpu, entry point is 0x400811d8[0m
[0;32mI (289) cpu_start: App cpu up.[0m
[0;32mI (321) cpu_start: Pro cpu start user code[0m
[0;32mI (321) cpu_start: cpu freq: 160000000 Hz[0m
[0;32mI (321) cpu_start: Application information:[0m
[0;32mI (326) cpu_start: Project name:     server-test[0m
[0;32mI (331) cpu_start: App version:      2ec6feb-dirty[0m
[0;32mI (336) cpu_start: Compile time:     Jul 27 2023 04:26:39[0m
[0;32mI (342) cpu_start: ELF file SHA256:  724c375605d11e7a...[0m
[0;32mI (348) cpu_start: ESP-IDF:          v5.1-dirty[0m
[0;32mI (354) cpu_start: Min chip rev:     v0.0[0m
[0;32mI (358) cpu_start: Max chip rev:     v3.99 [0m
[0;32mI (363) cpu_start: Chip rev:         v3.1[0m
[0;32mI (368) heap_init: Initializing. RAM available for dynamic allocation:[0m
[0;32mI (375) heap_init: At 3FFAE6E0 len 00001920 (6 KiB): DRAM[0m
[0;32mI (381) heap_init: At 3FFB6600 len 00029A00 (166 KiB): DRAM[0m
[0;32mI (387) heap_init: At 3FFE0440 len 00003AE0 (14 KiB): D/IRAM[0m
[0;32mI (394) heap_init: At 3FFE4350 len 0001BCB0 (111 KiB): D/IRAM[0m
[0;32mI (400) heap_init: At 4009057C len 0000FA84 (62 KiB): IRAM[0m
[0;32mI (408) spi_flash: detected chip: generic[0m
[0;32mI (411) spi_flash: flash io: dio[0m
[0;33mW (415) spi_flash: Detected size(4096k) larger than the size in the binary image header(2048k). Using the size in the binary image header.[0m
[0;32mI (429) app_start: Starting scheduler on CPU0[0m
[0;32mI (433) app_start: Starting scheduler on CPU1[0m
[0;32mI (433) main_task: Started on CPU0[0m
[0;32mI (443) main_task: Calling app_main()[0m
ESP_ERROR_CHECK failed: esp_err_t 0x3001 (ESP_ERR_WIFI_NOT_INIT) at 0x400d6994
file: "../components/_broadcast.cpp" line 41
func: void BroadcastedServer::begin()
expression: esp_wifi_set_mode(WIFI_MODE_AP)

abort() was called at PC 0x40087d2f on core 0


Backtrace: 0x4008182e:0x3ffb86b0 0x40087d39:0x3ffb86d0 0x4008dd92:0x3ffb86f0 0x40087d2f:0x3ffb8760 0x400d6994:0x3ffb8790 0x400d6920:0x3ffb88d0 0x4011c4ab:0x3ffb8900 0x4008a355:0x3ffb8930




ELF file SHA256: 724c375605d11e7a

Rebooting...
ets Jul 29 2019 12:21:46

rst:0xc (SW_CPU_RESET),boot:0x13 (SPI_FAST_FLASH_BOOT)
configsip: 0, SPIWP:0xee
clk_drv:0x00,q_drv:0x00,d_drv:0x00,cs0_drv:0x00,hd_drv:0x00,wp_drv:0x00
mode:DIO, clock div:2
load:0x3fff0030,len:7084
ho 0 tail 12 room 4
load:0x40078000,len:15576
ho 0 tail 12 room 4
load:0x40080400,len:4
load:0x40080404,len:3876
entry 0x4008064c
[0;32mI (32) boot: ESP-IDF v5.1-dirty 2nd stage bootloader[0m
[0;32mI (33) boot: compile time Jul 27 2023 04:27:02[0m
[0;32mI (33) boot: Multicore bootloader[0m
[0;32mI (37) boot: chip revision: v3.1[0m
[0;32mI (41) boot.esp32: SPI Speed      : 40MHz[0m
[0;32mI (46) boot.esp32: SPI Mode       : DIO[0m
[0;32mI (50) boot.esp32: SPI Flash Size : 2MB[0m
[0;32mI (55) boot: Enabling RNG early entropy source...[0m
[0;32mI (60) boot: Partition Table:[0m
[0;32mI (64) boot: ## Label            Usage          Type ST Offset   Length[0m
[0;32mI (71) boot:  0 nvs              WiFi data        01 02 00009000 00006000[0m
[0;32mI (79) boot:  1 phy_init         RF data          01 01 0000f000 00001000[0m
[0;32mI (86) boot:  2 factory          factory app      00 00 00010000 00100000[0m
[0;32mI (94) boot: End of partition table[0m
[0;32mI (98) esp_image: segment 0: paddr=00010020 vaddr=3f400020 size=12e28h ( 77352) map[0m
[0;32mI (134) esp_image: segment 1: paddr=00022e50 vaddr=3ffb0000 size=02e40h ( 11840) load[0m
[0;32mI (139) esp_image: segment 2: paddr=00025c98 vaddr=40080000 size=0a380h ( 41856) load[0m
[0;32mI (158) esp_image: segment 3: paddr=00030020 vaddr=400d0020 size=4d180h (315776) map[0m
[0;32mI (272) esp_image: segment 4: paddr=0007d1a8 vaddr=4008a380 size=061fch ( 25084) load[0m
[0;32mI (291) boot: Loaded app from partition at offset 0x10000[0m
[0;32mI (291) boot: Disabling RNG early entropy source...[0m
[0;32mI (302) cpu_start: Multicore app[0m
[0;32mI (303) cpu_start: Pro cpu up.[0m
[0;32mI (303) cpu_start: Starting app cpu, entry point is 0x400811d8[0m
[0;32mI (289) cpu_start: App cpu up.[0m
[0;32mI (321) cpu_start: Pro cpu start user code[0m
[0;32mI (321) cpu_start: cpu freq: 160000000 Hz[0m
[0;32mI (321) cpu_start: Application information:[0m
[0;32mI (326) cpu_start: Project name:     server-test[0m
[0;32mI (331) cpu_start: App version:      2ec6feb-dirty[0m
[0;32mI (336) cpu_start: Compile time:     Jul 27 2023 04:26:39[0m
[0;32mI (342) cpu_start: ELF file SHA256:  724c375605d11e7a...[0m
[0;32mI (348) cpu_start: ESP-IDF:          v5.1-dirty[0m
[0;32mI (354) cpu_start: Min chip rev:     v0.0[0m
[0;32mI (358) cpu_start: Max chip rev:     v3.99 [0m
[0;32mI (363) cpu_start: Chip rev:         v3.1[0m
[0;32mI (368) heap_init: Initializing. RAM available for dynamic allocation:[0m
[0;32mI (375) heap_init: At 3FFAE6E0 len 00001920 (6 KiB): DRAM[0m
[0;32mI (381) heap_init: At 3FFB6600 len 00029A00 (166 KiB): DRAM[0m
[0;32mI (387) heap_init: At 3FFE0440 len 00003AE0 (14 KiB): D/IRAM[0m
[0;32mI (394) heap_init: At 3FFE4350 len 0001BCB0 (111 KiB): D/IRAM[0m
[0;32mI (400) heap_init: At 4009057C len 0000FA84 (62 KiB): IRAM[0m
[0;32mI (408) spi_flash: detected chip: generic[0m
[0;32mI (411) spi_flash: flash io: dio[0m
[0;33mW (415) spi_flash: Detected size(4096k) larger than the size in the binary image header(2048k). Using the size in the binary image header.[0m
[0;32mI (429) app_start: Starting scheduler on CPU0[0m
[0;32mI (433) app_start: Starting scheduler on CPU1[0m
