ets Jul 29 2019 12:21:46

rst:0x1 (POWERON_RESET),boot:0x13 (SPI_FAST_FLASH_BOOT)
configsip: 0, SPIWP:0xee
clk_drv:0x00,q_drv:0x00,d_drv:0x00,cs0_drv:0x00,hd_drv:0x00,wp_drv:0x00
mode:DIO, clock div:2
load:0x3fff0030,len:7084
ho 0 tail 12 room 4
load:0x40078000,len:15576
ho 0 tail 12 room 4
load:0x40080400,len:4
load:0x40080404,len:3876
entry 0x4008064c
[0;32mI (33) boot: ESP-IDF v5.1-dirty 2nd stage bootloader[0m
[0;32mI (33) boot: compile time Jul 31 2023 23:59:43[0m
[0;32mI (33) boot: Multicore bootloader[0m
[0;32mI (38) boot: chip revision: v3.0[0m
[0;32mI (41) boot.esp32: SPI Speed      : 40MHz[0m
[0;32mI (46) boot.esp32: SPI Mode       : DIO[0m
[0;32mI (51) boot.esp32: SPI Flash Size : 2MB[0m
[0;32mI (55) boot: Enabling RNG early entropy source...[0m
[0;32mI (61) boot: Partition Table:[0m
[0;32mI (64) boot: ## Label            Usage          Type ST Offset   Length[0m
[0;32mI (71) boot:  0 nvs              WiFi data        01 02 00009000 00006000[0m
[0;32mI (79) boot:  1 phy_init         RF data          01 01 0000f000 00001000[0m
[0;32mI (86) boot:  2 factory          factory app      00 00 00010000 00177000[0m
[0;32mI (94) boot: End of partition table[0m
[0;32mI (98) esp_image: segment 0: paddr=00010020 vaddr=3f400020 size=45160h (282976) map[0m
[0;32mI (209) esp_image: segment 1: paddr=00055188 vaddr=3ffb0000 size=03840h ( 14400) load[0m
[0;32mI (215) esp_image: segment 2: paddr=000589d0 vaddr=40080000 size=07648h ( 30280) load[0m
[0;32mI (227) esp_image: segment 3: paddr=00060020 vaddr=400d0020 size=b6998h (747928) map[0m
[0;32mI (498) esp_image: segment 4: paddr=001169c0 vaddr=40087648 size=0f268h ( 62056) load[0m
[0;32mI (535) boot: Loaded app from partition at offset 0x10000[0m
[0;32mI (535) boot: Disabling RNG early entropy source...[0m
[0;32mI (546) cpu_start: Multicore app[0m
[0;32mI (547) cpu_start: Pro cpu up.[0m
[0;32mI (547) cpu_start: Starting app cpu, entry point is 0x40081474[0m
[0;32mI (0) cpu_start: App cpu up.[0m
[0;32mI (565) cpu_start: Pro cpu start user code[0m
[0;32mI (565) cpu_start: cpu freq: 160000000 Hz[0m
[0;32mI (565) cpu_start: Application information:[0m
[0;32mI (570) cpu_start: Project name:     server-test[0m
[0;32mI (575) cpu_start: App version:      a2d0233-dirty[0m
[0;32mI (580) cpu_start: Compile time:     Aug  3 2023 06:54:31[0m
[0;32mI (586) cpu_start: ELF file SHA256:  b7828eaf440bf129...[0m
[0;32mI (592) cpu_start: ESP-IDF:          v5.1-dirty[0m
[0;32mI (598) cpu_start: Min chip rev:     v0.0[0m
[0;32mI (602) cpu_start: Max chip rev:     v3.99 [0m
[0;32mI (607) cpu_start: Chip rev:         v3.0[0m
[0;32mI (612) heap_init: Initializing. RAM available for dynamic allocation:[0m
[0;32mI (619) heap_init: At 3FFAE6E0 len 00001920 (6 KiB): DRAM[0m
[0;32mI (625) heap_init: At 3FFB8E08 len 000271F8 (156 KiB): DRAM[0m
[0;32mI (631) heap_init: At 3FFE0440 len 00003AE0 (14 KiB): D/IRAM[0m
[0;32mI (638) heap_init: At 3FFE4350 len 0001BCB0 (111 KiB): D/IRAM[0m
[0;32mI (644) heap_init: At 400968B0 len 00009750 (37 KiB): IRAM[0m
[0;32mI (652) spi_flash: detected chip: generic[0m
[0;32mI (655) spi_flash: flash io: dio[0m
[0;33mW (659) spi_flash: Detected size(4096k) larger than the size in the binary image header(2048k). Using the size in the binary image header.[0m
[0;32mI (673) app_start: Starting scheduler on CPU0[0m
[0;32mI (677) app_start: Starting scheduler on CPU1[0m
[0;32mI (677) main_task: Started on CPU0[0m
[0;32mI (687) main_task: Calling app_main()[0m
I (2727) wifi:wifi driver task: 3ffc0d18, prio:23, stack:6656, core=0
I (2737) wifi:wifi firmware version: b2f1f86
I (2737) wifi:wifi certification version: v7.0
I (2737) wifi:config NVS flash: enabled
I (2737) wifi:config nano formating: disabled
I (2737) wifi:Init data frame dynamic rx buffer num: 32
I (2747) wifi:Init management frame dynamic rx buffer num: 32
I (2747) wifi:Init management short buffer num: 32
I (2757) wifi:Init dynamic tx buffer num: 32
I (2757) wifi:Init static rx buffer size: 1600
I (2757) wifi:Init static rx buffer num: 10
I (2767) wifi:Init dynamic rx buffer num: 32
[0;32mI (2767) wifi_init: rx ba win: 6[0m
[0;32mI (2777) wifi_init: tcpip mbox: 32[0m
[0;32mI (2777) wifi_init: udp mbox: 6[0m
[0;32mI (2777) wifi_init: tcp mbox: 6[0m
[0;32mI (2787) wifi_init: tcp tx win: 5744[0m
[0;32mI (2787) wifi_init: tcp rx win: 5744[0m
[0;32mI (2797) wifi_init: tcp mss: 1440[0m
[0;32mI (2797) wifi_init: WiFi IRAM OP enabled[0m
[0;32mI (2797) wifi_init: WiFi RX IRAM OP enabled[0m
[0;32mI (2817) phy_init: phy_version 4670,719f9f6,Feb 18 2021,17:07:07[0m
I (2917) wifi:mode : softAP (ec:62:60:76:2c:8d)
I (2917) wifi:Total power save buffer number: 16
I (2917) wifi:Init max length of beacon: 752/752
I (2917) wifi:Init max length of beacon: 752/752
[0;32mI (2927) wifi softAP: wifi_init_softap finished. SSID:HIVE2 password:HIVE_PASS channel:6[0m
[0;32mI (2927) esp_netif_lwip: DHCP server started on interface WIFI_AP_DEF with IP: 192.168.4.1[0m
[0;31mE (2947) i2c: i2c_param_config(760): i2c clock choice is invalid, please check flag and frequency[0m
 parameter config error code: 258 
[0;31mE (3957) i2c: i2c_set_pin(941): scl and sda gpio numbers are the same[0m
[0;31mE (4957) i2c: i2c_set_pin(941): scl and sda gpio numbers are the same[0m
[0;31mE (5957) i2c: i2c_set_pin(941): scl and sda gpio numbers are the same[0m
[0;31mE (6957) i2c: i2c_set_pin(941): scl and sda gpio numbers are the same[0m
[0;31mE (7957) i2c: i2c_set_pin(941): scl and sda gpio numbers are the same[0m
[0;31mE (8957) i2c: i2c_set_pin(941): scl and sda gpio numbers are the same[0m
[0;31mE (9957) i2c: i2c_set_pin(941): scl and sda gpio numbers are the same[0m
[0;31mE (10957) i2c: i2c_set_pin(941): scl and sda gpio numbers are the same[0m
[0;31mE (11957) i2c: i2c_set_pin(941): scl and sda gpio numbers are the same[0m
[0;31mE (12957) i2c: i2c_set_pin(941): scl and sda gpio numbers are the same[0m
[0;31mE (13957) i2c: i2c_set_pin(941): scl and sda gpio numbers are the same[0m
[0;31mE (14957) i2c: i2c_set_pin(941): scl and sda gpio numbers are the same[0m
[0;31mE (15957) i2c: i2c_set_pin(941): scl and sda gpio numbers are the same[0m
[0;31mE (16957) i2c: i2c_set_pin(941): scl and sda gpio numbers are the same[0m
[0;31mE (17957) i2c: i2c_set_pin(941): scl and sda gpio numbers are the same[0m
[0;31mE (18957) i2c: i2c_set_pin(941): scl and sda gpio numbers are the same[0m
[0;31mE (19957) i2c: i2c_set_pin(941): scl and sda gpio numbers are the same[0m
[0;31mE (20957) i2c: i2c_set_pin(941): scl and sda gpio numbers are the same[0m
