5
ho 0 tail 12 room 4
loaets Jul 29 2019 12:21:46

rst:0x1 (POWERON_RESET),boot:0x13 (SPI_FAST_FLASH_BOOT)
configsip: 0, SPIWP:0xee
clk_drv:0x00,q_drv:0x00,d_drv:0x00,cs0_drv:0x00,hd_drv:0x00,wp_drv:0x00
mode:DIO, clock div:2
load:0x3fff0030,len:7084
ho 0 tail 12 room 4
load:0x40078000,len:15576
ho 0 tail 12 room 4
load:0x40080400,len:4
load:0x40080404,len:3876
entry 0x4008064c
[0;32mI (33) boot: ESP-IDF v5.1-dirty 2nd stage bootloader[0m
[0;32mI (33) boot: compile time Jul 27 2023 04:27:02[0m
[0;32mI (33) boot: Multicore bootloader[0m
[0;32mI (38) boot: chip revision: v3.1[0m
[0;32mI (41) boot.esp32: SPI Speed      : 40MHz[0m
[0;32mI (46) boot.esp32: SPI Mode       : DIO[0m
[0;32mI (51) boot.esp32: SPI Flash Size : 2MB[0m
[0;32mI (55) boot: Enabling RNG early entropy source...[0m
[0;32mI (61) boot: Partition Table:[0m
[0;32mI (64) boot: ## Label            Usage          Type ST Offset   Length[0m
[0;32mI (71) boot:  0 nvs              WiFi data        01 02 00009000 00006000[0m
[0;32mI (79) boot:  1 phy_init         RF data          01 01 0000f000 00001000[0m
[0;32mI (86) boot:  2 factory          factory app      00 00 00010000 00100000[0m
[0;32mI (94) boot: End of partition table[0m
[0;32mI (98) esp_image: segment 0: paddr=00010020 vaddr=3f400020 size=21c38h (138296) map[0m
[0;32mI (156) esp_image: segment 1: paddr=00031c60 vaddr=3ffb0000 size=036b8h ( 14008) load[0m
[0;32mI (162) esp_image: segment 2: paddr=00035320 vaddr=40080000 size=0acf8h ( 44280) load[0m
[0;32mI (181) esp_image: segment 3: paddr=00040020 vaddr=400d0020 size=876fch (554748) map[0m
[0;32mI (381) esp_image: segment 4: paddr=000c7724 vaddr=4008acf8 size=0a6cch ( 42700) load[0m
[0;32mI (410) boot: Loaded app from partition at offset 0x10000[0m
[0;32mI (410) boot: Disabling RNG early entropy source...[0m
[0;32mI (422) cpu_start: Multicore app[0m
[0;32mI (422) cpu_start: Pro cpu up.[0m
[0;32mI (422) cpu_start: Starting app cpu, entry point is 0x40081364[0m
[0;32mI (0) cpu_start: App cpu up.[0m
[0;32mI (440) cpu_start: Pro cpu start user code[0m
[0;32mI (440) cpu_start: cpu freq: 160000000 Hz[0m
[0;32mI (440) cpu_start: Application information:[0m
[0;32mI (445) cpu_start: Project name:     server-test[0m
[0;32mI (450) cpu_start: App version:      2ec6feb-dirty[0m
[0;32mI (455) cpu_start: Compile time:     Jul 27 2023 04:26:39[0m
[0;32mI (461) cpu_start: ELF file SHA256:  fec10752c8ca9424...[0m
[0;32mI (467) cpu_start: ESP-IDF:          v5.1-dirty[0m
[0;32mI (473) cpu_start: Min chip rev:     v0.0[0m
[0;32mI (477) cpu_start: Max chip rev:     v3.99 [0m
[0;32mI (482) cpu_start: Chip rev:         v3.1[0m
[0;32mI (487) heap_init: Initializing. RAM available for dynamic allocation:[0m
[0;32mI (494) heap_init: At 3FFAE6E0 len 00001920 (6 KiB): DRAM[0m
[0;32mI (500) heap_init: At 3FFB7768 len 00028898 (162 KiB): DRAM[0m
[0;32mI (506) heap_init: At 3FFE0440 len 00003AE0 (14 KiB): D/IRAM[0m
[0;32mI (513) heap_init: At 3FFE4350 len 0001BCB0 (111 KiB): D/IRAM[0m
[0;32mI (519) heap_init: At 400953C4 len 0000AC3C (43 KiB): IRAM[0m
[0;32mI (527) spi_flash: detected chip: generic[0m
[0;32mI (530) spi_flash: flash io: dio[0m
[0;33mW (534) spi_flash: Detected size(4096k) larger than the size in the binary image header(2048k). Using the size in the binary image header.[0m
[0;32mI (548) app_start: Starting scheduler on CPU0[0m
[0;32mI (552) app_start: Starting scheduler on CPU1[0m
[0;32mI (552) main_task: Started on CPU0[0m
[0;32mI (562) main_task: Calling app_main()[0m
I (2942) wifi:wifi driver task: 3ffbe540, prio:23, stack:6656, core=0
I (2942) wifi:wifi firmware version: b2f1f86
I (2942) wifi:wifi certification version: v7.0
I (2942) wifi:config NVS flash: enabled
I (2942) wifi:config nano formating: disabled
I (2952) wifi:Init data frame dynamic rx buffer num: 32
I (2952) wifi:Init management frame dynamic rx buffer num: 32
I (2962) wifi:Init management short buffer num: 32
I (2962) wifi:Init dynamic tx buffer num: 32
I (2972) wifi:Init static rx buffer size: 1600
I (2972) wifi:Init static rx buffer num: 10
I (2972) wifi:Init dynamic rx buffer num: 32
[0;32mI (2982) wifi_init: rx ba win: 6[0m
[0;32mI (2982) wifi_init: tcpip mbox: 32[0m
[0;32mI (2992) wifi_init: udp mbox: 6[0m
[0;32mI (2992) wifi_init: tcp mbox: 6[0m
[0;32mI (2992) wifi_init: tcp tx win: 5744[0m
[0;32mI (3002) wifi_init: tcp rx win: 5744[0m
[0;32mI (3002) wifi_init: tcp mss: 1440[0m
[0;32mI (3012) wifi_init: WiFi IRAM OP enabled[0m
[0;32mI (3012) wifi_init: WiFi RX IRAM OP enabled[0m
[0;32mI (3732) phy_init: phy_version 4670,719f9f6,Feb 18 2021,17:07:07[0m
[0;33mW (3732) phy_init: failed to load RF calibration data (0x1102), falling back to full calibration[0m
I (3892) wifi:mode : softAP (a0:b7:65:4b:b2:8d)
I (3902) wifi:Total power save buffer number: 16
I (3902) wifi:Init max length of beacon: 752/752
I (3902) wifi:Init max length of beacon: 752/752
E (3902) wifi:failed to post WiFi event=12 ret=259
[0;31mE (3912) httpd: Failed to post esp_http_server event: ESP_ERR_INVALID_STATE[0m
[0;32mI (3912) main_task: Returned from app_main()[0m
I (6412) wifi:new:<1,0>, old:<1,1>, ap:<1,1>, sta:<255,255>, prof:1
I (6412) wifi:station: c6:81:73:28:c4:5e join, AID=1, bgn, 20
E (6432) wifi:failed to post WiFi event=14 ret=259
I (66782) wifi:station: c6:81:73:28:c4:5e leave, AID = 1, bss_flags is 658547, bss:0x3ffb91c0
E (66782) wifi:failed to post WiFi event=15 ret=259
I (66792) wifi:new:<1,0>, old:<1,0>, ap:<1,1>, sta:<255,255>, prof:1
I (67932) wifi:new:<1,0>, old:<1,0>, ap:<1,1>, sta:<255,255>, prof:1
I (67932) wifi:station: c6:81:73:28:c4:5e join, AID=1, bgn, 20
E (67952) wifi:failed to post WiFi event=14 ret=259
I (128052) wifi:station: c6:81:73:28:c4:5e leave, AID = 1, bss_flags is 658547, bss:0x3ffb91c0
E (128052) wifi:failed to post WiFi event=15 ret=259
I (128052) wifi:new:<1,0>, old:<1,0>, ap:<1,1>, sta:<255,255>, prof:1
I (129192) wifi:new:<1,0>, old:<1,0>, ap:<1,1>, sta:<255,255>, prof:1
I (129192) wifi:station: c6:81:73:28:c4:5e join, AID=1, bgn, 20
E (129212) wifi:failed to post WiFi event=14 ret=259
I (189332) wifi:station: c6:81:73:28:c4:5e leave, AID = 1, bss_flags is 658547, bss:0x3ffb91c0
E (189332) wifi:failed to post WiFi event=15 ret=259
I (189332) wifi:new:<1,0>, old:<1,0>, ap:<1,1>, sta:<255,255>, prof:1
I (200012) wifi:new:<1,0>, old:<1,0>, ap:<1,1>, sta:<255,255>, prof:1
I (200022) wifi:station: c6:81:73:28:c4:5e join, AID=1, bgn, 20
E (200042) wifi:failed to post WiFi event=14 ret=259
