ets Ju&'Ò¢j

rst:0x1 (POWEROets Jul 29 2019 12:21:46

rst:0x1 (POWERON_RESET),boot:0x13 (SPI_FAST_FLASH_BOOT)
configsip: 0, SPIWP:0xee
clk_drv:0x00,q_drv:0x00,d_drv:0x00,cs0_drv:0x00,hd_drv:0x00,wp_drv:0x00
mode:DIO, clock div:2
load:0x3fff0030,len:7084
ho 0 tail 12 room 4
load:0x40078000,len:15576
ho 0 tail 12 room 4
load:0x40080400,len:4
load:0x40080404,len:3876
entry 0x4008064c
[0;32mI (33) boot: ESP-IDF v5.1-dirty 2nd stage bootloader[0m
[0;32mI (33) boot: compile time Jul 27 2023 04:27:02[0m
[0;32mI (33) boot: Multicore bootloader[0m
[0;32mI (38) boot: chip revision: v3.1[0m
[0;32mI (41) boot.esp32: SPI Speed      : 40MHz[0m
[0;32mI (46) boot.esp32: SPI Mode       : DIO[0m
[0;32mI (51) boot.esp32: SPI Flash Size : 2MB[0m
[0;32mI (55) boot: Enabling RNG early entropy source...[0m
[0;32mI (61) boot: Partition Table:[0m
[0;32mI (64) boot: ## Label            Usage          Type ST Offset   Length[0m
[0;32mI (71) boot:  0 nvs              WiFi data        01 02 00009000 00006000[0m
[0;32mI (79) boot:  1 phy_init         RF data          01 01 0000f000 00001000[0m
[0;32mI (86) boot:  2 factory          factory app      00 00 00010000 00100000[0m
[0;32mI (94) boot: End of partition table[0m
[0;32mI (98) esp_image: segment 0: paddr=00010020 vaddr=3f400020 size=10f40h ( 69440) map[0m
[0;32mI (132) esp_image: segment 1: paddr=00020f68 vaddr=3ffb0000 size=02e40h ( 11840) load[0m
[0;32mI (136) esp_image: segment 2: paddr=00023db0 vaddr=40080000 size=0c268h ( 49768) load[0m
[0;32mI (158) esp_image: segment 3: paddr=00030020 vaddr=400d0020 size=45db0h (286128) map[0m
[0;32mI (262) esp_image: segment 4: paddr=00075dd8 vaddr=4008c268 size=04314h ( 17172) load[0m
[0;32mI (277) boot: Loaded app from partition at offset 0x10000[0m
[0;32mI (277) boot: Disabling RNG early entropy source...[0m
[0;32mI (289) cpu_start: Multicore app[0m
[0;32mI (289) cpu_start: Pro cpu up.[0m
[0;32mI (289) cpu_start: Starting app cpu, entry point is 0x400811d8[0m
[0;32mI (0) cpu_start: App cpu up.[0m
[0;32mI (307) cpu_start: Pro cpu start user code[0m
[0;32mI (307) cpu_start: cpu freq: 160000000 Hz[0m
[0;32mI (307) cpu_start: Application information:[0m
[0;32mI (312) cpu_start: Project name:     server-test[0m
[0;32mI (317) cpu_start: App version:      2ec6feb-dirty[0m
[0;32mI (323) cpu_start: Compile time:     Jul 27 2023 04:26:39[0m
[0;32mI (329) cpu_start: ELF file SHA256:  543660176ed963d0...[0m
[0;32mI (335) cpu_start: ESP-IDF:          v5.1-dirty[0m
[0;32mI (340) cpu_start: Min chip rev:     v0.0[0m
[0;32mI (345) cpu_start: Max chip rev:     v3.99 [0m
[0;32mI (350) cpu_start: Chip rev:         v3.1[0m
[0;32mI (354) heap_init: Initializing. RAM available for dynamic allocation:[0m
[0;32mI (362) heap_init: At 3FFAE6E0 len 00001920 (6 KiB): DRAM[0m
[0;32mI (368) heap_init: At 3FFB6600 len 00029A00 (166 KiB): DRAM[0m
[0;32mI (374) heap_init: At 3FFE0440 len 00003AE0 (14 KiB): D/IRAM[0m
[0;32mI (380) heap_init: At 3FFE4350 len 0001BCB0 (111 KiB): D/IRAM[0m
[0;32mI (387) heap_init: At 4009057C len 0000FA84 (62 KiB): IRAM[0m
[0;32mI (394) spi_flash: detected chip: generic[0m
[0;32mI (397) spi_flash: flash io: dio[0m
[0;33mW (401) spi_flash: Detected size(4096k) larger than the size in the binary image header(2048k). Using the size in the binary image header.[0m
[0;32mI (415) app_start: Starting scheduler on CPU0[0m
[0;32mI (420) app_start: Starting scheduler on CPU1[0m
[0;32mI (420) main_task: Started on CPU0[0m
[0;32mI (430) main_task: Calling app_main()[0m
[0;32mI (430) server_task: Server started[0m
[0;32mI (430) main_task: Returned from app_main()[0m
